Archive member included to satisfy reference by file (symbol)

c:/devkitPro/libctru/lib\libctru.a(gfx.o)
                              main.o (gfxInitDefault)
c:/devkitPro/libctru/lib\libctru.a(console.o)
                              main.o (consoleInit)
c:/devkitPro/libctru/lib\libctru.a(gx.o)
                              c:/devkitPro/libctru/lib\libctru.a(gfx.o) (gxCmdBuf)
c:/devkitPro/libctru/lib\libctru.a(httpc.o)
                              main.o (httpcInit)
c:/devkitPro/libctru/lib\libctru.a(hid.o)
                              main.o (hidScanInput)
c:/devkitPro/libctru/lib\libctru.a(apt.o)
                              main.o (aptMainLoop)
c:/devkitPro/libctru/lib\libctru.a(gspgpu.o)
                              c:/devkitPro/libctru/lib\libctru.a(gfx.o) (gspInit)
c:/devkitPro/libctru/lib\libctru.a(irrst.o)
                              c:/devkitPro/libctru/lib\libctru.a(hid.o) (irrstScanInput)
c:/devkitPro/libctru/lib\libctru.a(initArgv.o)
                              c:/devkitpro/devkitarm/bin/../lib/gcc/arm-none-eabi/6.3.0/../../../../arm-none-eabi/lib/armv6k/fpu/3dsx_crt0.o (__system_argc)
c:/devkitPro/libctru/lib\libctru.a(initSystem.o)
                              c:/devkitPro/libctru/lib\libctru.a(apt.o) (__system_retAddr)
c:/devkitPro/libctru/lib\libctru.a(svc.o)
                              c:/devkitPro/libctru/lib\libctru.a(apt.o) (svcExitProcess)
c:/devkitPro/libctru/lib\libctru.a(stack_adjust.o)
                              c:/devkitpro/devkitarm/bin/../lib/gcc/arm-none-eabi/6.3.0/../../../../arm-none-eabi/lib/armv6k/fpu/3dsx_crt0.o (initSystem)
c:/devkitPro/libctru/lib\libctru.a(default_font.bin.o)
                              c:/devkitPro/libctru/lib\libctru.a(console.o) (default_font_bin)
c:/devkitPro/libctru/lib\libctru.a(linear.o)
                              c:/devkitPro/libctru/lib\libctru.a(gfx.o) (linearAlloc)
c:/devkitPro/libctru/lib\libctru.a(mappable.o)
                              c:/devkitPro/libctru/lib\libctru.a(gfx.o) (mappableAlloc)
c:/devkitPro/libctru/lib\libctru.a(vram.o)
                              c:/devkitPro/libctru/lib\libctru.a(gfx.o) (vramAlloc)
c:/devkitPro/libctru/lib\libctru.a(thread.o)
                              c:/devkitPro/libctru/lib\libctru.a(apt.o) (threadCreate)
c:/devkitPro/libctru/lib\libctru.a(srv.o)
                              c:/devkitPro/libctru/lib\libctru.a(apt.o) (srvInit)
c:/devkitPro/libctru/lib\libctru.a(os.o)
                              c:/devkitPro/libctru/lib\libctru.a(apt.o) (__ctru_speedup_config)
c:/devkitPro/libctru/lib\libctru.a(env.o)
                              c:/devkitPro/libctru/lib\libctru.a(irrst.o) (envGetHandle)
c:/devkitPro/libctru/lib\libctru.a(synchronization.o)
                              c:/devkitPro/libctru/lib\libctru.a(initSystem.o) (__sync_init)
c:/devkitPro/libctru/lib\libctru.a(ptmsysm.o)
                              c:/devkitPro/libctru/lib\libctru.a(os.o) (ptmSysmInit)
c:/devkitPro/libctru/lib\libctru.a(rbtree_find.o)
                              c:/devkitPro/libctru/lib\libctru.a(linear.o) (rbtree_find)
c:/devkitPro/libctru/lib\libctru.a(rbtree_remove.o)
                              c:/devkitPro/libctru/lib\libctru.a(linear.o) (rbtree_remove)
c:/devkitPro/libctru/lib\libctru.a(rbtree_iterator.o)
                              c:/devkitPro/libctru/lib\libctru.a(rbtree_remove.o) (rbtree_node_next)
c:/devkitPro/libctru/lib\libctru.a(rbtree_rotate.o)
                              c:/devkitPro/libctru/lib\libctru.a(rbtree_remove.o) (rbtree_rotate)
c:/devkitPro/libctru/lib\libctru.a(rbtree_insert.o)
                              c:/devkitPro/libctru/lib\libctru.a(linear.o) (rbtree_insert)
c:/devkitPro/libctru/lib\libctru.a(rbtree_init.o)
                              c:/devkitPro/libctru/lib\libctru.a(linear.o) (rbtree_init)
c:/devkitPro/libctru/lib\libctru.a(ctru_exit.o)
                              c:/devkitPro/libctru/lib\libctru.a(stack_adjust.o) (__libctru_exit)
c:/devkitPro/libctru/lib\libctru.a(appExit.o)
                              c:/devkitPro/libctru/lib\libctru.a(stack_adjust.o) (__appExit)
c:/devkitPro/libctru/lib\libctru.a(allocateHeaps.o)
                              c:/devkitPro/libctru/lib\libctru.a(initSystem.o) (__system_allocateHeaps)
c:/devkitPro/libctru/lib\libctru.a(syscalls.o)
                              c:/devkitPro/libctru/lib\libctru.a(initSystem.o) (__system_initSyscalls)
c:/devkitPro/libctru/lib\libctru.a(appInit.o)
                              c:/devkitPro/libctru/lib\libctru.a(stack_adjust.o) (__appInit)
c:/devkitPro/libctru/lib\libctru.a(mem_pool.o)
                              c:/devkitPro/libctru/lib\libctru.a(linear.o) (MemPool::Allocate(MemChunk&, unsigned long, int))
c:/devkitPro/libctru/lib\libctru.a(sdmc_dev.o)
                              c:/devkitPro/libctru/lib\libctru.a(appInit.o) (sdmcInit)
c:/devkitPro/libctru/lib\libctru.a(fs.o)
                              c:/devkitPro/libctru/lib\libctru.a(appInit.o) (fsInit)
[...]
Memory Configuration

Name             Origin             Length             Attributes
*default*        0x00000000         0xffffffff

Linker script and memory map

                0x00100000                PROVIDE (__start__, 0x100000)
                0x00100000                . = __start__

.text           0x00100000    0x223ec
 *(.crt0)
 .crt0          0x00100000       0x94 c:/devkitpro/devkitarm/bin/../lib/gcc/arm-none-eabi/6.3.0/../../../../arm-none-eabi/lib/armv6k/fpu/3dsx_crt0.o
                0x00100000                _start
                0x00100008                __service_ptr
                0x0010000c                __apt_appid
                0x00100010                __heap_size
                0x00100014                __linear_heap_size
                0x00100018                __system_arglist
                0x0010001c                __system_runflags
 *(.init)
 .init          0x00100094        0xc c:/devkitpro/devkitarm/bin/../lib/gcc/arm-none-eabi/6.3.0/armv6k/fpu/crti.o
                0x00100094                _init
 .init          0x001000a0        0xc c:/devkitpro/devkitarm/bin/../lib/gcc/arm-none-eabi/6.3.0/armv6k/fpu/crtn.o
                0x001000ac                . = ALIGN (0x4)
 *(.text)
 .text          0x001000ac       0x64 c:/devkitPro/libctru/lib\libctru.a(stack_adjust.o)
                0x001000ac                initSystem
                0x001000f0                __ctru_exit
 .text          0x00100110      0x240 c:/devkitpro/devkitarm/bin/../lib/gcc/arm-none-eabi/6.3.0/armv6k/fpu\libgcc.a(_divsi3.o)
                0x00100110                __divsi3
                0x00100110                __aeabi_idiv
                0x00100330                __aeabi_idivmod
 .text          0x00100350        0x4 c:/devkitpro/devkitarm/bin/../lib/gcc/arm-none-eabi/6.3.0/armv6k/fpu\libgcc.a(_dvmd_tls.o)
                0x00100350                __aeabi_idiv0
                0x00100350                __aeabi_ldiv0
 .text          0x00100354       0x3c c:/devkitpro/devkitarm/bin/../lib/gcc/arm-none-eabi/6.3.0/armv6k/fpu\libgcc.a(_aeabi_uldivmod.o)
                0x00100354                __aeabi_uldivmod
 *fill*         0x00100390       0x10 
 .text          0x001003a0      0x390 c:/devkitpro/devkitarm/bin/../lib/gcc/arm-none-eabi/6.3.0/../../../../arm-none-eabi/lib/armv6k/fpu\libg.a(lib_a-strcmp.o)
                0x001003a8                strcmp
 .text          0x00100730      0x20c c:/devkitpro/devkitarm/bin/../lib/gcc/arm-none-eabi/6.3.0/armv6k/fpu\libgcc.a(_udivsi3.o)
                0x00100730                __aeabi_uidiv
                0x00100730                __udivsi3
                0x0010091c                __aeabi_uidivmod
 *(.text.*)
 .text.deregister_tm_clones
                0x0010093c       0x30 c:/devkitpro/devkitarm/bin/../lib/gcc/arm-none-eabi/6.3.0/armv6k/fpu/crtbegin.o
 .text.register_tm_clones
                0x0010096c       0x38 c:/devkitpro/devkitarm/bin/../lib/gcc/arm-none-eabi/6.3.0/armv6k/fpu/crtbegin.o
 .text.__do_global_dtors_aux
                0x001009a4       0x44 c:/devkitpro/devkitarm/bin/../lib/gcc/arm-none-eabi/6.3.0/armv6k/fpu/crtbegin.o
 .text.frame_dummy
                0x001009e8       0x5c c:/devkitpro/devkitarm/bin/../lib/gcc/arm-none-eabi/6.3.0/armv6k/fpu/crtbegin.o
 .text.jsmn_parse
                0x00100a44      0x66c jsmn.o
                0x00100a44                jsmn_parse
 .text.jsmn_init
                0x001010b0       0x18 jsmn.o
                0x001010b0                jsmn_init
 .text.http_download
                0x001010c8      0x3c0 main.o
                0x001010c8                http_download
 .text.CreateFiles
                0x00101488      0x198 main.o
                0x00101488                CreateFiles
 .text.DownloadPlugin
                0x00101620       0x98 main.o
                0x00101620                DownloadPlugin
 .text.readFile
                0x001016b8       0x78 main.o
                0x001016b8                readFile
 .text.downloadUpdate
                0x00101730      0x19c main.o
                0x00101730                downloadUpdate
 *fill*         0x001018cc        0x4 
 .text.startup.main
                0x001018d0      0x118 main.o
                0x001018d0                main
 .text.gfxSetFramebufferInfo.part.0
                0x001019e8       0x8c c:/devkitPro/libctru/lib\libctru.a(gfx.o)
 .text.__get_bytes_per_pixel
                0x00101a74       0x18 c:/devkitPro/libctru/lib\libctru.a(gfx.o)
                0x00101a74                __get_bytes_per_pixel
 .text.gfxSetScreenFormat
                0x00101a8c      0x174 c:/devkitPro/libctru/lib\libctru.a(gfx.o)
                0x00101a8c                gfxSetScreenFormat
 .text.gfxSetDoubleBuffering
                0x00101c00       0x14 c:/devkitPro/libctru/lib\libctru.a(gfx.o)
                0x00101c00                gfxSetDoubleBuffering
 .text.gfxSetFramebufferInfo
                0x00101c14       0x70 c:/devkitPro/libctru/lib\libctru.a(gfx.o)
                0x00101c14                gfxSetFramebufferInfo
 .text.gfxWriteFramebufferInfo
                0x00101c84       0x88 c:/devkitPro/libctru/lib\libctru.a(gfx.o)
                0x00101c84                gfxWriteFramebufferInfo
 .text.gfxInit  0x00101d0c      0x1fc c:/devkitPro/libctru/lib\libctru.a(gfx.o)
                0x00101d0c                gfxInit
 .text.gfxInitDefault
                0x00101f08       0x10 c:/devkitPro/libctru/lib\libctru.a(gfx.o)
                0x00101f08                gfxInitDefault
 .text.gfxExit  0x00101f18       0xe0 c:/devkitPro/libctru/lib\libctru.a(gfx.o)
                0x00101f18                gfxExit
 .text.gfxGetFramebuffer
                0x00101ff8       0xb0 c:/devkitPro/libctru/lib\libctru.a(gfx.o)
                0x00101ff8                gfxGetFramebuffer
 .text.gfxFlushBuffers
                0x001020a8       0xc8 c:/devkitPro/libctru/lib\libctru.a(gfx.o)
                0x001020a8                gfxFlushBuffers
 .text.gfxConfigScreen
                0x00102170       0x70 c:/devkitPro/libctru/lib\libctru.a(gfx.o)
                0x00102170                gfxConfigScreen
 .text.gfxSwapBuffers
                0x001021e0       0x20 c:/devkitPro/libctru/lib\libctru.a(gfx.o)
                0x001021e0                gfxSwapBuffers
 .text.gfxSwapBuffersGpu
                0x00102200       0x20 c:/devkitPro/libctru/lib\libctru.a(gfx.o)
                0x00102200                gfxSwapBuffersGpu
 .text.debug_write
                0x00102220       0x1c c:/devkitPro/libctru/lib\libctru.a(console.o)
                0x00102220                debug_write
 .text.consoleDrawChar
                0x0010223c      0x1b0 c:/devkitPro/libctru/lib\libctru.a(console.o)
                0x0010223c                consoleDrawChar
 .text.consolePrintChar
                0x001023ec      0x124 c:/devkitPro/libctru/lib\libctru.a(console.o)
                0x001023ec                consolePrintChar
 .text.consoleCls
                0x00102510      0x190 c:/devkitPro/libctru/lib\libctru.a(console.o)
 .text.consoleInit
                0x001026a0       0xf8 c:/devkitPro/libctru/lib\libctru.a(console.o)
                0x001026a0                consoleInit
 .text.consoleClearLine
                0x00102798      0x144 c:/devkitPro/libctru/lib\libctru.a(console.o)
 .text.newRow   0x001028dc       0xbc c:/devkitPro/libctru/lib\libctru.a(console.o)
 .text.con_write
                0x00102998      0x79c c:/devkitPro/libctru/lib\libctru.a(console.o)
                0x00102998                con_write
 .text.httpcInit
                0x00103134      0x188 c:/devkitPro/libctru/lib\libctru.a(httpc.o)
                0x00103134                httpcInit
 .text.httpcExit
                0x001032bc       0x84 c:/devkitPro/libctru/lib\libctru.a(httpc.o)
                0x001032bc                httpcExit
 .text.httpcOpenContext
                0x00103340      0x13c c:/devkitPro/libctru/lib\libctru.a(httpc.o)
                0x00103340                httpcOpenContext
 .text.httpcCloseContext
                0x0010347c       0x44 c:/devkitPro/libctru/lib\libctru.a(httpc.o)
                0x0010347c                httpcCloseContext
 .text.httpcAddRequestHeaderField
                0x001034c0       0x80 c:/devkitPro/libctru/lib\libctru.a(httpc.o)
                0x001034c0                httpcAddRequestHeaderField
 .text.httpcBeginRequest
                0x00103540       0x30 c:/devkitPro/libctru/lib\libctru.a(httpc.o)
                0x00103540                httpcBeginRequest
 .text.httpcReceiveData
                0x00103570       0x44 c:/devkitPro/libctru/lib\libctru.a(httpc.o)
                0x00103570                httpcReceiveData
 .text.httpcDownloadData
                0x001035b4      0x104 c:/devkitPro/libctru/lib\libctru.a(httpc.o)
                0x001035b4                httpcDownloadData
 .text.httpcGetDownloadSizeState
                0x001036b8       0x54 c:/devkitPro/libctru/lib\libctru.a(httpc.o)
                0x001036b8                httpcGetDownloadSizeState
 .text.httpcGetResponseHeader
                0x0010370c       0x78 c:/devkitPro/libctru/lib\libctru.a(httpc.o)
                0x0010370c                httpcGetResponseHeader
 .text.httpcGetResponseStatusCode
                0x00103784       0x3c c:/devkitPro/libctru/lib\libctru.a(httpc.o)
                0x00103784                httpcGetResponseStatusCode
 .text.httpcSetSSLOpt
                0x001037c0       0x34 c:/devkitPro/libctru/lib\libctru.a(httpc.o)
                0x001037c0                httpcSetSSLOpt
 .text.hidExit  0x001037f4       0xd0 c:/devkitPro/libctru/lib\libctru.a(hid.o)
                0x001037f4                hidExit
 .text.hidScanInput
                0x001038c4      0x234 c:/devkitPro/libctru/lib\libctru.a(hid.o)
                0x001038c4                hidScanInput
 .text.hidKeysDown
                0x00103af8       0x10 c:/devkitPro/libctru/lib\libctru.a(hid.o)
                0x00103af8                hidKeysDown
 .text.HIDUSER_GetHandles
                0x00103b08       0x90 c:/devkitPro/libctru/lib\libctru.a(hid.o)
                0x00103b08                HIDUSER_GetHandles
 .text.hidInit  0x00103b98      0x18c c:/devkitPro/libctru/lib\libctru.a(hid.o)
                0x00103b98                hidInit
 .text._aptDebug
                0x00103d24        0x4 c:/devkitPro/libctru/lib\libctru.a(apt.o)
                0x00103d24                _aptDebug
 .text.aptSendCommand
                0x00103d28      0x130 c:/devkitPro/libctru/lib\libctru.a(apt.o)
                0x00103d28                aptSendCommand
 .text.aptExitProcess
                0x00103e58       0x3c c:/devkitPro/libctru/lib\libctru.a(apt.o)
 .text.APT_InquireNotification
                0x00103e94       0x4c c:/devkitPro/libctru/lib\libctru.a(apt.o)
                0x00103e94                APT_InquireNotification
 .text.aptEventHandler
                0x00103ee0      0x19c c:/devkitPro/libctru/lib\libctru.a(apt.o)
 .text.APT_AppletUtility
                0x0010407c       0x74 c:/devkitPro/libctru/lib\libctru.a(apt.o)
                0x0010407c                APT_AppletUtility
 .text.aptSetSleepAllowed
                0x001040f0       0xb4 c:/devkitPro/libctru/lib\libctru.a(apt.o)
                0x001040f0                aptSetSleepAllowed
 .text.APT_GlanceParameter
                0x001041a4       0xb4 c:/devkitPro/libctru/lib\libctru.a(apt.o)
                0x001041a4                APT_GlanceParameter
 .text.APT_ReceiveParameter
                0x00104258       0xc0 c:/devkitPro/libctru/lib\libctru.a(apt.o)
                0x00104258                APT_ReceiveParameter
 .text.aptReceiveParameter.constprop.1
                0x00104318       0xa8 c:/devkitPro/libctru/lib\libctru.a(apt.o)
 .text.aptScreenTransfer
                0x001043c0      0x1ec c:/devkitPro/libctru/lib\libctru.a(apt.o)
 .text.aptWaitForWakeUp
                0x001045ac      0x228 c:/devkitPro/libctru/lib\libctru.a(apt.o)
 .text.APT_CancelParameter
                0x001047d4       0x70 c:/devkitPro/libctru/lib\libctru.a(apt.o)
                0x001047d4                APT_CancelParameter
 .text.aptInit  0x00104844      0x230 c:/devkitPro/libctru/lib\libctru.a(apt.o)
                0x00104844                aptInit
 .text.aptClearParamQueue
                0x00104a74       0x8c c:/devkitPro/libctru/lib\libctru.a(apt.o)
 .text.aptMainLoop
                0x00104b00      0x214 c:/devkitPro/libctru/lib\libctru.a(apt.o)
                0x00104b00                aptMainLoop
 .text.aptExit  0x00104d14      0x148 c:/devkitPro/libctru/lib\libctru.a(apt.o)
                0x00104d14                aptExit
 .text.APT_CheckNew3DS
                0x00104e5c       0x70 c:/devkitPro/libctru/lib\libctru.a(apt.o)
                0x00104e5c                APT_CheckNew3DS
 .text.gspEventThreadMain
                0x00104ecc      0x160 c:/devkitPro/libctru/lib\libctru.a(gspgpu.o)
 .text.gspInit  0x0010502c       0x74 c:/devkitPro/libctru/lib\libctru.a(gspgpu.o)
                0x0010502c                gspInit
 .text.gspExit  0x001050a0       0x3c c:/devkitPro/libctru/lib\libctru.a(gspgpu.o)
                0x001050a0                gspExit
 .text.gspInitEventHandler
                0x001050dc       0x88 c:/devkitPro/libctru/lib\libctru.a(gspgpu.o)
                0x001050dc                gspInitEventHandler
 .text.gspExitEventHandler
                0x00105164       0x30 c:/devkitPro/libctru/lib\libctru.a(gspgpu.o)
                0x00105164                gspExitEventHandler
 .text.gspWaitForEvent
                0x00105194       0x44 c:/devkitPro/libctru/lib\libctru.a(gspgpu.o)
                0x00105194                gspWaitForEvent
 .text.GSPGPU_SetBufferSwap
                0x001051d8       0x6c c:/devkitPro/libctru/lib\libctru.a(gspgpu.o)
                0x001051d8                GSPGPU_SetBufferSwap
 .text.GSPGPU_FlushDataCache
                0x00105244       0x4c c:/devkitPro/libctru/lib\libctru.a(gspgpu.o)
                0x00105244                GSPGPU_FlushDataCache
 .text.GSPGPU_SetLcdForceBlack
                0x00105290       0x34 c:/devkitPro/libctru/lib\libctru.a(gspgpu.o)
                0x00105290                GSPGPU_SetLcdForceBlack
 .text.GSPGPU_RegisterInterruptRelayQueue
                0x001052c4       0x64 c:/devkitPro/libctru/lib\libctru.a(gspgpu.o)
                0x001052c4                GSPGPU_RegisterInterruptRelayQueue
 .text.GSPGPU_UnregisterInterruptRelayQueue
                0x00105328       0x2c c:/devkitPro/libctru/lib\libctru.a(gspgpu.o)
                0x00105328                GSPGPU_UnregisterInterruptRelayQueue
 .text.GSPGPU_AcquireRight
                0x00105354       0x48 c:/devkitPro/libctru/lib\libctru.a(gspgpu.o)
                0x00105354                GSPGPU_AcquireRight
 .text.GSPGPU_ReleaseRight
                0x0010539c       0x2c c:/devkitPro/libctru/lib\libctru.a(gspgpu.o)
                0x0010539c                GSPGPU_ReleaseRight
 .text.GSPGPU_ImportDisplayCaptureInfo
                0x001053c8       0x80 c:/devkitPro/libctru/lib\libctru.a(gspgpu.o)
                0x001053c8                GSPGPU_ImportDisplayCaptureInfo
 .text.GSPGPU_SaveVramSysArea
                0x00105448       0x2c c:/devkitPro/libctru/lib\libctru.a(gspgpu.o)
                0x00105448                GSPGPU_SaveVramSysArea
 .text.GSPGPU_RestoreVramSysArea
                0x00105474       0x2c c:/devkitPro/libctru/lib\libctru.a(gspgpu.o)
                0x00105474                GSPGPU_RestoreVramSysArea
 .text.irrstScanInput
                0x001054a0       0xb0 c:/devkitPro/libctru/lib\libctru.a(irrst.o)
                0x001054a0                irrstScanInput
 .text.irrstKeysHeld
                0x00105550       0x1c c:/devkitPro/libctru/lib\libctru.a(irrst.o)
                0x00105550                irrstKeysHeld
 .text.IRRST_GetHandles
                0x0010556c       0x50 c:/devkitPro/libctru/lib\libctru.a(irrst.o)
                0x0010556c                IRRST_GetHandles
 .text.irrstInit
                0x001055bc      0x150 c:/devkitPro/libctru/lib\libctru.a(irrst.o)
                0x001055bc                irrstInit
 .text.IRRST_Shutdown
                0x0010570c       0x2c c:/devkitPro/libctru/lib\libctru.a(irrst.o)
                0x0010570c                IRRST_Shutdown
 .text.irrstExit
                0x00105738       0xac c:/devkitPro/libctru/lib\libctru.a(irrst.o)
                0x00105738                irrstExit
 .text.__system_initArgv
                0x001057e4       0xe8 c:/devkitPro/libctru/lib\libctru.a(initArgv.o)
                0x001057e4                __system_initArgv
 .text.__libctru_init
                0x001058cc       0x38 c:/devkitPro/libctru/lib\libctru.a(initSystem.o)
                0x001058cc                __libctru_init
 .text.svcControlMemory
                0x00105904       0x20 c:/devkitPro/libctru/lib\libctru.a(svc.o)
                0x00105904                svcControlMemory
 .text.svcExitProcess
                0x00105924        0x8 c:/devkitPro/libctru/lib\libctru.a(svc.o)
                0x00105924                svcExitProcess
 .text.svcCreateThread
                0x0010592c       0x20 c:/devkitPro/libctru/lib\libctru.a(svc.o)
                0x0010592c                svcCreateThread
 .text.svcExitThread
                0x0010594c        0x8 c:/devkitPro/libctru/lib\libctru.a(svc.o)
                0x0010594c                svcExitThread
 .text.svcSleepThread
                0x00105954        0x8 c:/devkitPro/libctru/lib\libctru.a(svc.o)
                0x00105954                svcSleepThread
 .text.svcReleaseMutex
                0x0010595c        0x8 c:/devkitPro/libctru/lib\libctru.a(svc.o)
                0x0010595c                svcReleaseMutex
 .text.svcCreateEvent
                0x00105964       0x14 c:/devkitPro/libctru/lib\libctru.a(svc.o)
                0x00105964                svcCreateEvent
 .text.svcSignalEvent
                0x00105978        0x8 c:/devkitPro/libctru/lib\libctru.a(svc.o)
                0x00105978                svcSignalEvent
 .text.svcClearEvent
                0x00105980        0x8 c:/devkitPro/libctru/lib\libctru.a(svc.o)
                0x00105980                svcClearEvent
 .text.svcCreateMemoryBlock
                0x00105988       0x18 c:/devkitPro/libctru/lib\libctru.a(svc.o)
                0x00105988                svcCreateMemoryBlock
 .text.svcMapMemoryBlock
                0x001059a0        0x8 c:/devkitPro/libctru/lib\libctru.a(svc.o)
                0x001059a0                svcMapMemoryBlock
 .text.svcUnmapMemoryBlock
                0x001059a8        0x8 c:/devkitPro/libctru/lib\libctru.a(svc.o)
                0x001059a8                svcUnmapMemoryBlock
 .text.svcCreateAddressArbiter
                0x001059b0       0x14 c:/devkitPro/libctru/lib\libctru.a(svc.o)
                0x001059b0                svcCreateAddressArbiter
 .text.svcArbitrateAddress
                0x001059c4       0x18 c:/devkitPro/libctru/lib\libctru.a(svc.o)
                0x001059c4                svcArbitrateAddress
 .text.svcCloseHandle
                0x001059dc        0x8 c:/devkitPro/libctru/lib\libctru.a(svc.o)
                0x001059dc                svcCloseHandle
 .text.svcWaitSynchronization
                0x001059e4        0x8 c:/devkitPro/libctru/lib\libctru.a(svc.o)
                0x001059e4                svcWaitSynchronization
 .text.svcWaitSynchronizationN
                0x001059ec       0x28 c:/devkitPro/libctru/lib\libctru.a(svc.o)
                0x001059ec                svcWaitSynchronizationN
 .text.svcDuplicateHandle
                0x00105a14       0x14 c:/devkitPro/libctru/lib\libctru.a(svc.o)
                0x00105a14                svcDuplicateHandle
 .text.svcGetSystemTick
                0x00105a28        0x8 c:/devkitPro/libctru/lib\libctru.a(svc.o)
                0x00105a28                svcGetSystemTick
 .text.svcGetSystemInfo
                0x00105a30       0x18 c:/devkitPro/libctru/lib\libctru.a(svc.o)
                0x00105a30                svcGetSystemInfo
 .text.svcConnectToPort
                0x00105a48       0x14 c:/devkitPro/libctru/lib\libctru.a(svc.o)
                0x00105a48                svcConnectToPort
 .text.svcSendSyncRequest
                0x00105a5c        0x8 c:/devkitPro/libctru/lib\libctru.a(svc.o)
                0x00105a5c                svcSendSyncRequest
 .text.svcBreak
                0x00105a64        0x8 c:/devkitPro/libctru/lib\libctru.a(svc.o)
                0x00105a64                svcBreak
 .text.svcOutputDebugString
                0x00105a6c        0x8 c:/devkitPro/libctru/lib\libctru.a(svc.o)
                0x00105a6c                svcOutputDebugString
 .text._ZL21addrMapNodeComparatorPK11rbtree_nodeS1_
                0x00105a74       0x24 c:/devkitPro/libctru/lib\libctru.a(linear.o)
 .text._ZL21addrMapNodeDestructorP11rbtree_node
                0x00105a98        0x4 c:/devkitPro/libctru/lib\libctru.a(linear.o)
 .text.linearMemAlign
                0x00105a9c      0x13c c:/devkitPro/libctru/lib\libctru.a(linear.o)
                0x00105a9c                linearMemAlign
 .text.linearAlloc
                0x00105bd8        0x8 c:/devkitPro/libctru/lib\libctru.a(linear.o)
                0x00105bd8                linearAlloc
 .text.linearFree
                0x00105be0       0x50 c:/devkitPro/libctru/lib\libctru.a(linear.o)
                0x00105be0                linearFree
 .text._ZL21addrMapNodeComparatorPK11rbtree_nodeS1_
                0x00105c30       0x24 c:/devkitPro/libctru/lib\libctru.a(mappable.o)
 .text._ZL21addrMapNodeDestructorP11rbtree_node
                0x00105c54        0x4 c:/devkitPro/libctru/lib\libctru.a(mappable.o)
 .text.mappableAlloc
                0x00105c58       0xf4 c:/devkitPro/libctru/lib\libctru.a(mappable.o)
                0x00105c58                mappableAlloc
 .text.mappableFree
                0x00105d4c       0x50 c:/devkitPro/libctru/lib\libctru.a(mappable.o)
                0x00105d4c                mappableFree
 .text._ZL21addrMapNodeComparatorPK11rbtree_nodeS1_
                0x00105d9c       0x24 c:/devkitPro/libctru/lib\libctru.a(vram.o)
 .text._ZL21addrMapNodeDestructorP11rbtree_node
                0x00105dc0        0x4 c:/devkitPro/libctru/lib\libctru.a(vram.o)
 .text.vramMemAlign
                0x00105dc4      0x12c c:/devkitPro/libctru/lib\libctru.a(vram.o)
                0x00105dc4                vramMemAlign
 .text.vramAlloc
                0x00105ef0        0x8 c:/devkitPro/libctru/lib\libctru.a(vram.o)
                0x00105ef0                vramAlloc
 .text.vramFree
                0x00105ef8       0x50 c:/devkitPro/libctru/lib\libctru.a(vram.o)
                0x00105ef8                vramFree
 .text.threadCreate
                0x00105f48      0x1bc c:/devkitPro/libctru/lib\libctru.a(thread.o)
                0x00105f48                threadCreate
 .text.threadJoin
                0x00106104       0x24 c:/devkitPro/libctru/lib\libctru.a(thread.o)
                0x00106104                threadJoin
 .text.threadExit
                0x00106128       0x70 c:/devkitPro/libctru/lib\libctru.a(thread.o)
                0x00106128                threadExit
 .text._thread_begin
                0x00106198       0x40 c:/devkitPro/libctru/lib\libctru.a(thread.o)
 .text.srvExit  0x001061d8       0x50 c:/devkitPro/libctru/lib\libctru.a(srv.o)
                0x001061d8                srvExit
 .text.srvRegisterClient
                0x00106228       0x38 c:/devkitPro/libctru/lib\libctru.a(srv.o)
                0x00106228                srvRegisterClient
 .text.srvInit  0x00106260       0x78 c:/devkitPro/libctru/lib\libctru.a(srv.o)
                0x00106260                srvInit
 .text.srvGetServiceHandleDirect
                0x001062d8       0x68 c:/devkitPro/libctru/lib\libctru.a(srv.o)
                0x001062d8                srvGetServiceHandleDirect
 .text.srvGetServiceHandle
                0x00106340       0x38 c:/devkitPro/libctru/lib\libctru.a(srv.o)
                0x00106340                srvGetServiceHandle
 .text.getSysTime
                0x00106378       0x58 c:/devkitPro/libctru/lib\libctru.a(os.o)
 .text.osGetMemRegionUsed
                0x001063d0       0x24 c:/devkitPro/libctru/lib\libctru.a(os.o)
                0x001063d0                osGetMemRegionUsed
 *fill*         0x001063f4        0x4 
 .text.__libctru_gtod
                0x001063f8       0xf4 c:/devkitPro/libctru/lib\libctru.a(os.o)
                0x001063f8                __libctru_gtod
 .text.__ctru_speedup_config
                0x001064ec       0x34 c:/devkitPro/libctru/lib\libctru.a(os.o)
                0x001064ec                __ctru_speedup_config
 .text.envGetHandle
                0x00106520       0x84 c:/devkitPro/libctru/lib\libctru.a(env.o)
                0x00106520                envGetHandle
 .text.envDestroyHandles
                0x001065a4       0x4c c:/devkitPro/libctru/lib\libctru.a(env.o)
                0x001065a4                envDestroyHandles
 .text.LightLock_Unlock.part.1
                0x001065f0       0x34 c:/devkitPro/libctru/lib\libctru.a(synchronization.o)
 .text.__sync_init
                0x00106624        0xc c:/devkitPro/libctru/lib\libctru.a(synchronization.o)
                0x00106624                __sync_init
 .text.__sync_fini
                0x00106630       0x18 c:/devkitPro/libctru/lib\libctru.a(synchronization.o)
                0x00106630                __sync_fini
 .text.__sync_get_arbiter
                0x00106648       0x10 c:/devkitPro/libctru/lib\libctru.a(synchronization.o)
                0x00106648                __sync_get_arbiter
 .text.LightLock_Init
                0x00106658       0x18 c:/devkitPro/libctru/lib\libctru.a(synchronization.o)
                0x00106658                LightLock_Init
 .text.LightLock_Lock
                0x00106670       0xa0 c:/devkitPro/libctru/lib\libctru.a(synchronization.o)
                0x00106670                LightLock_Lock
 .text.LightLock_TryLock
                0x00106710       0x34 c:/devkitPro/libctru/lib\libctru.a(synchronization.o)
                0x00106710                LightLock_TryLock
 .text.LightLock_Unlock
                0x00106744       0x20 c:/devkitPro/libctru/lib\libctru.a(synchronization.o)
                0x00106744                LightLock_Unlock
 .text.RecursiveLock_Init
                0x00106764       0x24 c:/devkitPro/libctru/lib\libctru.a(synchronization.o)
                0x00106764                RecursiveLock_Init
 .text.RecursiveLock_Lock
                0x00106788       0x30 c:/devkitPro/libctru/lib\libctru.a(synchronization.o)
                0x00106788                RecursiveLock_Lock
 .text.RecursiveLock_TryLock
                0x001067b8       0x58 c:/devkitPro/libctru/lib\libctru.a(synchronization.o)
                0x001067b8                RecursiveLock_TryLock
 .text.RecursiveLock_Unlock
                0x00106810       0x38 c:/devkitPro/libctru/lib\libctru.a(synchronization.o)
                0x00106810                RecursiveLock_Unlock
 .text.LightEvent_Init
                0x00106848       0x38 c:/devkitPro/libctru/lib\libctru.a(synchronization.o)
                0x00106848                LightEvent_Init
 .text.LightEvent_Clear
                0x00106880       0x7c c:/devkitPro/libctru/lib\libctru.a(synchronization.o)
                0x00106880                LightEvent_Clear
 .text.LightEvent_Signal
                0x001068fc       0xdc c:/devkitPro/libctru/lib\libctru.a(synchronization.o)
                0x001068fc                LightEvent_Signal
 .text.LightEvent_Wait
                0x001069d8       0xd0 c:/devkitPro/libctru/lib\libctru.a(synchronization.o)
                0x001069d8                LightEvent_Wait
 .text.ptmSysmInit
                0x00106aa8       0x70 c:/devkitPro/libctru/lib\libctru.a(ptmsysm.o)
                0x00106aa8                ptmSysmInit
 .text.ptmSysmExit
                0x00106b18       0x34 c:/devkitPro/libctru/lib\libctru.a(ptmsysm.o)
                0x00106b18                ptmSysmExit
 .text.PTMSYSM_ConfigureNew3DSCPU
                0x00106b4c       0x34 c:/devkitPro/libctru/lib\libctru.a(ptmsysm.o)
                0x00106b4c                PTMSYSM_ConfigureNew3DSCPU
 .text.rbtree_find
                0x00106b80       0x70 c:/devkitPro/libctru/lib\libctru.a(rbtree_find.o)
                0x00106b80                rbtree_find
 .text.rbtree_remove
                0x00106bf0      0x324 c:/devkitPro/libctru/lib\libctru.a(rbtree_remove.o)
                0x00106bf0                rbtree_remove
 .text.rbtree_node_next
                0x00106f14       0x74 c:/devkitPro/libctru/lib\libctru.a(rbtree_iterator.o)
                0x00106f14                rbtree_node_next
 .text.rbtree_rotate
                0x00106f88       0x94 c:/devkitPro/libctru/lib\libctru.a(rbtree_rotate.o)
                0x00106f88                rbtree_rotate
 .text.do_insert
                0x0010701c      0x18c c:/devkitPro/libctru/lib\libctru.a(rbtree_insert.o)
 .text.rbtree_insert
                0x001071a8        0x8 c:/devkitPro/libctru/lib\libctru.a(rbtree_insert.o)
                0x001071a8                rbtree_insert
 .text.rbtree_init
                0x001071b0       0x14 c:/devkitPro/libctru/lib\libctru.a(rbtree_init.o)
                0x001071b0                rbtree_init
 .text.__libctru_exit
                0x001071c4       0xa4 c:/devkitPro/libctru/lib\libctru.a(ctru_exit.o)
                0x001071c4                __libctru_exit
 .text.__appExit
                0x00107268       0x1c c:/devkitPro/libctru/lib\libctru.a(appExit.o)
                0x00107268                __appExit
 .text.osGetMemRegionSize
                0x00107284       0x58 c:/devkitPro/libctru/lib\libctru.a(allocateHeaps.o)
 .text.__system_allocateHeaps
                0x001072dc      0x104 c:/devkitPro/libctru/lib\libctru.a(allocateHeaps.o)
                0x001072dc                __system_allocateHeaps
 .text.__ctru_get_reent
                0x001073e0       0x30 c:/devkitPro/libctru/lib\libctru.a(syscalls.o)
 .text.__system_initSyscalls
                0x00107410       0xe4 c:/devkitPro/libctru/lib\libctru.a(syscalls.o)
                0x00107410                __system_initSyscalls
 .text.__appInit
                0x001074f4       0x1c c:/devkitPro/libctru/lib\libctru.a(appInit.o)
                0x001074f4                __appInit
 .text._ZN7MemPool13CoalesceRightEP8MemBlock
                0x00107510       0x98 c:/devkitPro/libctru/lib\libctru.a(mem_pool.o)
                0x00107510                MemPool::CoalesceRight(MemBlock*)
 .text._ZN7MemPool8AllocateER8MemChunkmi
                0x001075a8      0x178 c:/devkitPro/libctru/lib\libctru.a(mem_pool.o)
                0x001075a8                MemPool::Allocate(MemChunk&, unsigned long, int)
 .text._ZN7MemPool10DeallocateERK8MemChunk
                0x00107720      0x100 c:/devkitPro/libctru/lib\libctru.a(mem_pool.o)
                0x00107720                MemPool::Deallocate(MemChunk const&)
 .text.sdmc_link
                0x00107820       0x10 c:/devkitPro/libctru/lib\libctru.a(sdmc_dev.o)
 .text.sdmc_dirreset
                0x00107830       0x10 c:/devkitPro/libctru/lib\libctru.a(sdmc_dev.o)
 .text.sdmc_fchmod
                0x00107840       0x10 c:/devkitPro/libctru/lib\libctru.a(sdmc_dev.o)
 .text.error_cmp
                0x00107850       0x24 c:/devkitPro/libctru/lib\libctru.a(sdmc_dev.o)
 .text.sdmc_translate_error
                0x00107874       0x50 c:/devkitPro/libctru/lib\libctru.a(sdmc_dev.o)
 .text.sdmc_fsync
                0x001078c4       0x34 c:/devkitPro/libctru/lib\libctru.a(sdmc_dev.o)
 .text.sdmc_ftruncate
                0x001078f8       0x54 c:/devkitPro/libctru/lib\libctru.a(sdmc_dev.o)
 .text.sdmc_statvfs
                0x0010794c       0xb8 c:/devkitPro/libctru/lib\libctru.a(sdmc_dev.o)
 .text.sdmc_dirclose
                0x00107a04       0x38 c:/devkitPro/libctru/lib\libctru.a(sdmc_dev.o)
 .text.sdmc_dirnext
                0x00107a3c      0x138 c:/devkitPro/libctru/lib\libctru.a(sdmc_dev.o)
 .text.sdmc_close
                0x00107b74       0x34 c:/devkitPro/libctru/lib\libctru.a(sdmc_dev.o)
 .text.sdmc_fstat
                0x00107ba8       0x74 c:/devkitPro/libctru/lib\libctru.a(sdmc_dev.o)
 .text.sdmc_seek
                0x00107c1c       0xd8 c:/devkitPro/libctru/lib\libctru.a(sdmc_dev.o)
 .text.sdmc_read
                0x00107cf4       0x84 c:/devkitPro/libctru/lib\libctru.a(sdmc_dev.o)
 .text.sdmc_write
                0x00107d78       0xb8 c:/devkitPro/libctru/lib\libctru.a(sdmc_dev.o)
 .text.sdmc_utf16path
                0x00107e30      0x1b4 c:/devkitPro/libctru/lib\libctru.a(sdmc_dev.o)
 .text.sdmc_rmdir
                0x00107fe4       0x74 c:/devkitPro/libctru/lib\libctru.a(sdmc_dev.o)
 .text.sdmc_diropen
                0x00108058       0xa4 c:/devkitPro/libctru/lib\libctru.a(sdmc_dev.o)
 .text.sdmc_chdir
                0x001080fc       0xa0 c:/devkitPro/libctru/lib\libctru.a(sdmc_dev.o)
 .text.sdmc_mkdir
                0x0010819c       0x98 c:/devkitPro/libctru/lib\libctru.a(sdmc_dev.o)
 .text.sdmc_rename
                0x00108234      0x108 c:/devkitPro/libctru/lib\libctru.a(sdmc_dev.o)
 .text.sdmc_unlink
                0x0010833c       0x74 c:/devkitPro/libctru/lib\libctru.a(sdmc_dev.o)
 .text.sdmc_stat
                0x001083b0      0x108 c:/devkitPro/libctru/lib\libctru.a(sdmc_dev.o)
 .text.sdmc_open
                0x001084b8      0x188 c:/devkitPro/libctru/lib\libctru.a(sdmc_dev.o)
 .text.sdmc_chmod
                0x00108640       0x10 c:/devkitPro/libctru/lib\libctru.a(sdmc_dev.o)
 .text.sdmcInit
                0x00108650      0x15c c:/devkitPro/libctru/lib\libctru.a(sdmc_dev.o)
                0x00108650                sdmcInit
 .text.sdmcExit
                0x001087ac       0x58 c:/devkitPro/libctru/lib\libctru.a(sdmc_dev.o)
                0x001087ac                sdmcExit
 .text.fsSessionForArchive.part.0
                0x00108804       0x28 c:/devkitPro/libctru/lib\libctru.a(fs.o)
 .text.fsInit   0x0010882c       0xc8 c:/devkitPro/libctru/lib\libctru.a(fs.o)
                0x0010882c                fsInit
 .text.fsExit   0x001088f4       0x38 c:/devkitPro/libctru/lib\libctru.a(fs.o)
                0x001088f4                fsExit
 .text.fsExemptFromSession
                0x0010892c       0xa0 c:/devkitPro/libctru/lib\libctru.a(fs.o)
                0x0010892c                fsExemptFromSession
 .text.fsUnexemptFromSession
                0x001089cc       0x54 c:/devkitPro/libctru/lib\libctru.a(fs.o)
                0x001089cc                fsUnexemptFromSession
 .text.FSUSER_OpenFile
                0x00108a20       0xbc c:/devkitPro/libctru/lib\libctru.a(fs.o)
                0x00108a20                FSUSER_OpenFile
 .text.FSUSER_DeleteFile
                0x00108adc       0xa4 c:/devkitPro/libctru/lib\libctru.a(fs.o)
                0x00108adc                FSUSER_DeleteFile
 .text.FSUSER_RenameFile
                0x00108b80       0xe0 c:/devkitPro/libctru/lib\libctru.a(fs.o)
                0x00108b80                FSUSER_RenameFile
 .text.FSUSER_DeleteDirectory
                0x00108c60       0xa4 c:/devkitPro/libctru/lib\libctru.a(fs.o)
                0x00108c60                FSUSER_DeleteDirectory
 .text.FSUSER_CreateFile
                0x00108d04       0xbc c:/devkitPro/libctru/lib\libctru.a(fs.o)
                0x00108d04                FSUSER_CreateFile
 .text.FSUSER_CreateDirectory
                0x00108dc0       0xac c:/devkitPro/libctru/lib\libctru.a(fs.o)
                0x00108dc0                FSUSER_CreateDirectory
 .text.FSUSER_RenameDirectory
                0x00108e6c       0xe0 c:/devkitPro/libctru/lib\libctru.a(fs.o)
                0x00108e6c                FSUSER_RenameDirectory
 .text.FSUSER_OpenDirectory
                0x00108f4c       0xa4 c:/devkitPro/libctru/lib\libctru.a(fs.o)
                0x00108f4c                FSUSER_OpenDirectory
 .text.FSUSER_OpenArchive
                0x00108ff0       0x98 c:/devkitPro/libctru/lib\libctru.a(fs.o)
                0x00108ff0                FSUSER_OpenArchive
 .text.FSUSER_CloseArchive
                0x00109088       0x74 c:/devkitPro/libctru/lib\libctru.a(fs.o)
                0x00109088                FSUSER_CloseArchive
 .text.FSUSER_GetSdmcArchiveResource
                0x001090fc       0x78 c:/devkitPro/libctru/lib\libctru.a(fs.o)
                0x001090fc                FSUSER_GetSdmcArchiveResource
 .text.FSUSER_IsSdmcWritable
                0x00109174       0x64 c:/devkitPro/libctru/lib\libctru.a(fs.o)
                0x00109174                FSUSER_IsSdmcWritable
 .text.FSFILE_Read
                0x001091d8       0x5c c:/devkitPro/libctru/lib\libctru.a(fs.o)
                0x001091d8                FSFILE_Read
 .text.FSFILE_Write
                0x00109234       0x64 c:/devkitPro/libctru/lib\libctru.a(fs.o)
                0x00109234                FSFILE_Write
 .text.FSFILE_GetSize
                0x00109298       0x3c c:/devkitPro/libctru/lib\libctru.a(fs.o)
                0x00109298                FSFILE_GetSize
 .text.FSFILE_SetSize
                0x001092d4       0x2c c:/devkitPro/libctru/lib\libctru.a(fs.o)
                0x001092d4                FSFILE_SetSize
 .text.FSFILE_Close
                0x00109300       0x3c c:/devkitPro/libctru/lib\libctru.a(fs.o)
                0x00109300                FSFILE_Close
 .text.FSFILE_Flush
                0x0010933c       0x24 c:/devkitPro/libctru/lib\libctru.a(fs.o)
                0x0010933c                FSFILE_Flush
 .text.FSDIR_Read
                0x00109360       0x54 c:/devkitPro/libctru/lib\libctru.a(fs.o)
                0x00109360                FSDIR_Read
 .text.FSDIR_Close
                0x001093b4       0x3c c:/devkitPro/libctru/lib\libctru.a(fs.o)
                0x001093b4                FSDIR_Close
 .text.utf8_to_utf16
                0x001093f0       0xc0 c:/devkitPro/libctru/lib\libctru.a(utf8_to_utf16.o)
                0x001093f0                utf8_to_utf16
 .text.decode_utf8
                0x001094b0      0x138 c:/devkitPro/libctru/lib\libctru.a(decode_utf8.o)
                0x001094b0                decode_utf8
 .text.utf16_to_utf8
                0x001095e8       0xe8 c:/devkitPro/libctru/lib\libctru.a(utf16_to_utf8.o)
                0x001095e8                utf16_to_utf8
 .text.encode_utf8
                0x001096d0      0x104 c:/devkitPro/libctru/lib\libctru.a(encode_utf8.o)
                0x001096d0                encode_utf8
 .text.encode_utf16
                0x001097d4       0x68 c:/devkitPro/libctru/lib\libctru.a(encode_utf16.o)
                0x001097d4                encode_utf16
 .text.__aeabi_read_tp
                0x0010983c        0xc c:/devkitPro/libctru/lib\libctru.a(readtp.o)
                0x0010983c                __aeabi_read_tp
 .text.decode_utf16
                0x00109848       0x60 c:/devkitPro/libctru/lib\libctru.a(decode_utf16.o)
                0x00109848                decode_utf16
 .text.__udivmoddi4
                0x001098a8      0x128 c:/devkitpro/devkitarm/bin/../lib/gcc/arm-none-eabi/6.3.0/armv6k/fpu\libgcc.a(_udivmoddi4.o)
                0x001098a8                __udivmoddi4
 .text.bsearch  0x001099d0       0x74 c:/devkitpro/devkitarm/bin/../lib/gcc/arm-none-eabi/6.3.0/../../../../arm-none-eabi/lib/armv6k/fpu\libg.a(lib_a-bsearch.o)
                0x001099d0                bsearch
 .text.calloc   0x00109a44       0x20 c:/devkitpro/devkitarm/bin/../lib/gcc/arm-none-eabi/6.3.0/../../../../arm-none-eabi/lib/armv6k/fpu\libg.a(lib_a-calloc.o)
                0x00109a44                calloc
 .text._calloc_r
                0x00109a64       0x90 c:/devkitpro/devkitarm/bin/../lib/gcc/arm-none-eabi/6.3.0/../../../../arm-none-eabi/lib/armv6k/fpu\libg.a(lib_a-callocr.o)
                0x00109a64                _calloc_r
 .text.__errno  0x00109af4        0xc c:/devkitpro/devkitarm/bin/../lib/gcc/arm-none-eabi/6.3.0/../../../../arm-none-eabi/lib/armv6k/fpu\libg.a(lib_a-errno.o)
                0x00109af4                __errno
 .text._fclose_r
                0x00109b00      0x154 c:/devkitpro/devkitarm/bin/../lib/gcc/arm-none-eabi/6.3.0/../../../../arm-none-eabi/lib/armv6k/fpu\libg.a(lib_a-fclose.o)
                0x00109b00                _fclose_r
 .text.fclose   0x00109c54       0x18 c:/devkitpro/devkitarm/bin/../lib/gcc/arm-none-eabi/6.3.0/../../../../arm-none-eabi/lib/armv6k/fpu\libg.a(lib_a-fclose.o)
                0x00109c54                fclose
 .text.__sflush_r
                0x00109c6c      0x254 c:/devkitpro/devkitarm/bin/../lib/gcc/arm-none-eabi/6.3.0/../../../../arm-none-eabi/lib/armv6k/fpu\libg.a(lib_a-fflush.o)
                0x00109c6c                __sflush_r
 .text._fflush_r
                0x00109ec0       0x94 c:/devkitpro/devkitarm/bin/../lib/gcc/arm-none-eabi/6.3.0/../../../../arm-none-eabi/lib/armv6k/fpu\libg.a(lib_a-fflush.o)
                0x00109ec0                _fflush_r
 .text.fflush   0x00109f54       0x38 c:/devkitpro/devkitarm/bin/../lib/gcc/arm-none-eabi/6.3.0/../../../../arm-none-eabi/lib/armv6k/fpu\libg.a(lib_a-fflush.o)
                0x00109f54                fflush
 .text._cleanup_r
                0x00109f8c        0xc c:/devkitpro/devkitarm/bin/../lib/gcc/arm-none-eabi/6.3.0/../../../../arm-none-eabi/lib/armv6k/fpu\libg.a(lib_a-findfp.o)
                0x00109f8c                _cleanup_r
 .text.std.isra.0
                0x00109f98       0x80 c:/devkitpro/devkitarm/bin/../lib/gcc/arm-none-eabi/6.3.0/../../../../arm-none-eabi/lib/armv6k/fpu\libg.a(lib_a-findfp.o)
 .text.__sfmoreglue
                0x0010a018       0x48 c:/devkitpro/devkitarm/bin/../lib/gcc/arm-none-eabi/6.3.0/../../../../arm-none-eabi/lib/armv6k/fpu\libg.a(lib_a-findfp.o)
                0x0010a018                __sfmoreglue
 .text.__sinit  0x0010a060       0x8c c:/devkitpro/devkitarm/bin/../lib/gcc/arm-none-eabi/6.3.0/../../../../arm-none-eabi/lib/armv6k/fpu\libg.a(lib_a-findfp.o)
                0x0010a060                __sinit
 .text.__sfp    0x0010a0ec      0x118 c:/devkitpro/devkitarm/bin/../lib/gcc/arm-none-eabi/6.3.0/../../../../arm-none-eabi/lib/armv6k/fpu\libg.a(lib_a-findfp.o)
                0x0010a0ec                __sfp
 .text.__sfp_lock_acquire
                0x0010a204        0xc c:/devkitpro/devkitarm/bin/../lib/gcc/arm-none-eabi/6.3.0/../../../../arm-none-eabi/lib/armv6k/fpu\libg.a(lib_a-findfp.o)
                0x0010a204                __sfp_lock_acquire
 .text.__sfp_lock_release
                0x0010a210        0xc c:/devkitpro/devkitarm/bin/../lib/gcc/arm-none-eabi/6.3.0/../../../../arm-none-eabi/lib/armv6k/fpu\libg.a(lib_a-findfp.o)
                0x0010a210                __sfp_lock_release
 .text.__libc_fini_array
                0x0010a21c       0x40 c:/devkitpro/devkitarm/bin/../lib/gcc/arm-none-eabi/6.3.0/../../../../arm-none-eabi/lib/armv6k/fpu\libg.a(lib_a-fini.o)
                0x0010a21c                __libc_fini_array
 .text._fopen_r
                0x0010a25c      0x148 c:/devkitpro/devkitarm/bin/../lib/gcc/arm-none-eabi/6.3.0/../../../../arm-none-eabi/lib/armv6k/fpu\libg.a(lib_a-fopen.o)
                0x0010a25c                _fopen_r
 .text.fopen    0x0010a3a4       0x20 c:/devkitpro/devkitarm/bin/../lib/gcc/arm-none-eabi/6.3.0/../../../../arm-none-eabi/lib/armv6k/fpu\libg.a(lib_a-fopen.o)
                0x0010a3a4                fopen
 .text._fread_r
                0x0010a3c4      0x2d4 c:/devkitpro/devkitarm/bin/../lib/gcc/arm-none-eabi/6.3.0/../../../../arm-none-eabi/lib/armv6k/fpu\libg.a(lib_a-fread.o)
                0x0010a3c4                _fread_r
 .text.fread    0x0010a698       0x38 c:/devkitpro/devkitarm/bin/../lib/gcc/arm-none-eabi/6.3.0/../../../../arm-none-eabi/lib/armv6k/fpu\libg.a(lib_a-fread.o)
                0x0010a698                fread
 .text._malloc_trim_r
                0x0010a6d0       0xf8 c:/devkitpro/devkitarm/bin/../lib/gcc/arm-none-eabi/6.3.0/../../../../arm-none-eabi/lib/armv6k/fpu\libg.a(lib_a-freer.o)
                0x0010a6d0                _malloc_trim_r
 .text._free_r  0x0010a7c8      0x2e4 c:/devkitpro/devkitarm/bin/../lib/gcc/arm-none-eabi/6.3.0/../../../../arm-none-eabi/lib/armv6k/fpu\libg.a(lib_a-freer.o)
                0x0010a7c8                _free_r
 .text._fseek_r
                0x0010aaac        0x4 c:/devkitpro/devkitarm/bin/../lib/gcc/arm-none-eabi/6.3.0/../../../../arm-none-eabi/lib/armv6k/fpu\libg.a(lib_a-fseek.o)
                0x0010aaac                _fseek_r
 .text.fseek    0x0010aab0       0x30 c:/devkitpro/devkitarm/bin/../lib/gcc/arm-none-eabi/6.3.0/../../../../arm-none-eabi/lib/armv6k/fpu\libg.a(lib_a-fseek.o)
                0x0010aab0                fseek
 .text._fseeko_r
                0x0010aae0      0x5d4 c:/devkitpro/devkitarm/bin/../lib/gcc/arm-none-eabi/6.3.0/../../../../arm-none-eabi/lib/armv6k/fpu\libg.a(lib_a-fseeko.o)
                0x0010aae0                _fseeko_r
 .text.ftell    0x0010b0b4       0x34 c:/devkitpro/devkitarm/bin/../lib/gcc/arm-none-eabi/6.3.0/../../../../arm-none-eabi/lib/armv6k/fpu\libg.a(lib_a-ftell.o)
                0x0010b0b4                ftell
 .text._ftello_r
                0x0010b0e8      0x1a0 c:/devkitpro/devkitarm/bin/../lib/gcc/arm-none-eabi/6.3.0/../../../../arm-none-eabi/lib/armv6k/fpu\libg.a(lib_a-ftello.o)
                0x0010b0e8                _ftello_r
 .text._fwalk   0x0010b288       0x78 c:/devkitpro/devkitarm/bin/../lib/gcc/arm-none-eabi/6.3.0/../../../../arm-none-eabi/lib/armv6k/fpu\libg.a(lib_a-fwalk.o)
                0x0010b288                _fwalk
 .text._fwalk_reent
                0x0010b300       0x80 c:/devkitpro/devkitarm/bin/../lib/gcc/arm-none-eabi/6.3.0/../../../../arm-none-eabi/lib/armv6k/fpu\libg.a(lib_a-fwalk.o)
                0x0010b300                _fwalk_reent
 .text._fwrite_r
                0x0010b380       0xf4 c:/devkitpro/devkitarm/bin/../lib/gcc/arm-none-eabi/6.3.0/../../../../arm-none-eabi/lib/armv6k/fpu\libg.a(lib_a-fwrite.o)
                0x0010b380                _fwrite_r
 .text.fwrite   0x0010b474       0x38 c:/devkitpro/devkitarm/bin/../lib/gcc/arm-none-eabi/6.3.0/../../../../arm-none-eabi/lib/armv6k/fpu\libg.a(lib_a-fwrite.o)
                0x0010b474                fwrite
 .text.__libc_init_array
                0x0010b4ac       0x78 c:/devkitpro/devkitarm/bin/../lib/gcc/arm-none-eabi/6.3.0/../../../../arm-none-eabi/lib/armv6k/fpu\libg.a(lib_a-init.o)
                0x0010b4ac                __libc_init_array
 .text.__swhatbuf_r
                0x0010b524       0x94 c:/devkitpro/devkitarm/bin/../lib/gcc/arm-none-eabi/6.3.0/../../../../arm-none-eabi/lib/armv6k/fpu\libg.a(lib_a-makebuf.o)
                0x0010b524                __swhatbuf_r
 .text.__smakebuf_r
                0x0010b5b8       0xf4 c:/devkitpro/devkitarm/bin/../lib/gcc/arm-none-eabi/6.3.0/../../../../arm-none-eabi/lib/armv6k/fpu\libg.a(lib_a-makebuf.o)
                0x0010b5b8                __smakebuf_r
 .text.memalign
                0x0010b6ac       0x20 c:/devkitpro/devkitarm/bin/../lib/gcc/arm-none-eabi/6.3.0/../../../../arm-none-eabi/lib/armv6k/fpu\libg.a(lib_a-malign.o)
                0x0010b6ac                memalign
 .text._memalign_r
                0x0010b6cc      0x158 c:/devkitpro/devkitarm/bin/../lib/gcc/arm-none-eabi/6.3.0/../../../../arm-none-eabi/lib/armv6k/fpu\libg.a(lib_a-malignr.o)
                0x0010b6cc                _memalign_r
 .text.malloc   0x0010b824       0x18 c:/devkitpro/devkitarm/bin/../lib/gcc/arm-none-eabi/6.3.0/../../../../arm-none-eabi/lib/armv6k/fpu\libg.a(lib_a-malloc.o)
                0x0010b824                malloc
 .text.free     0x0010b83c       0x18 c:/devkitpro/devkitarm/bin/../lib/gcc/arm-none-eabi/6.3.0/../../../../arm-none-eabi/lib/armv6k/fpu\libg.a(lib_a-malloc.o)
                0x0010b83c                free
 .text._malloc_r
                0x0010b854      0x78c c:/devkitpro/devkitarm/bin/../lib/gcc/arm-none-eabi/6.3.0/../../../../arm-none-eabi/lib/armv6k/fpu\libg.a(lib_a-mallocr.o)
                0x0010b854                _malloc_r
 .text.memchr   0x0010bfe0      0x104 c:/devkitpro/devkitarm/bin/../lib/gcc/arm-none-eabi/6.3.0/../../../../arm-none-eabi/lib/armv6k/fpu\libg.a(lib_a-memchr-stub.o)
                0x0010bfe0                memchr
 .text.memcpy   0x0010c0e4      0x114 c:/devkitpro/devkitarm/bin/../lib/gcc/arm-none-eabi/6.3.0/../../../../arm-none-eabi/lib/armv6k/fpu\libg.a(lib_a-memcpy-stub.o)
                0x0010c0e4                memcpy
 .text.memset   0x0010c1f8      0x110 c:/devkitpro/devkitarm/bin/../lib/gcc/arm-none-eabi/6.3.0/../../../../arm-none-eabi/lib/armv6k/fpu\libg.a(lib_a-memset.o)
                0x0010c1f8                memset
 .text.__malloc_lock
                0x0010c308        0xc c:/devkitpro/devkitarm/bin/../lib/gcc/arm-none-eabi/6.3.0/../../../../arm-none-eabi/lib/armv6k/fpu\libg.a(lib_a-mlock.o)
                0x0010c308                __malloc_lock
 .text.__malloc_unlock
                0x0010c314        0xc c:/devkitpro/devkitarm/bin/../lib/gcc/arm-none-eabi/6.3.0/../../../../arm-none-eabi/lib/armv6k/fpu\libg.a(lib_a-mlock.o)
                0x0010c314                __malloc_unlock
 .text.printf   0x0010c320       0x38 c:/devkitpro/devkitarm/bin/../lib/gcc/arm-none-eabi/6.3.0/../../../../arm-none-eabi/lib/armv6k/fpu\libg.a(lib_a-printf.o)
                0x0010c320                printf
 .text.putchar  0x0010c358       0x1c c:/devkitpro/devkitarm/bin/../lib/gcc/arm-none-eabi/6.3.0/../../../../arm-none-eabi/lib/armv6k/fpu\libg.a(lib_a-putchar.o)
                0x0010c358                putchar
 .text._putc_r  0x0010c374       0xd4 c:/devkitpro/devkitarm/bin/../lib/gcc/arm-none-eabi/6.3.0/../../../../arm-none-eabi/lib/armv6k/fpu\libg.a(lib_a-putc.o)
                0x0010c374                _putc_r
 .text._puts_r  0x0010c448       0xe0 c:/devkitpro/devkitarm/bin/../lib/gcc/arm-none-eabi/6.3.0/../../../../arm-none-eabi/lib/armv6k/fpu\libg.a(lib_a-puts.o)
                0x0010c448                _puts_r
 .text.puts     0x0010c528       0x18 c:/devkitpro/devkitarm/bin/../lib/gcc/arm-none-eabi/6.3.0/../../../../arm-none-eabi/lib/armv6k/fpu\libg.a(lib_a-puts.o)
                0x0010c528                puts
 .text.realloc  0x0010c540       0x20 c:/devkitpro/devkitarm/bin/../lib/gcc/arm-none-eabi/6.3.0/../../../../arm-none-eabi/lib/armv6k/fpu\libg.a(lib_a-realloc.o)
                0x0010c540                realloc
 .text._realloc_r
                0x0010c560      0x4cc c:/devkitpro/devkitarm/bin/../lib/gcc/arm-none-eabi/6.3.0/../../../../arm-none-eabi/lib/armv6k/fpu\libg.a(lib_a-reallocr.o)
                0x0010c560                _realloc_r
 .text.lflush   0x0010ca2c       0x1c c:/devkitpro/devkitarm/bin/../lib/gcc/arm-none-eabi/6.3.0/../../../../arm-none-eabi/lib/armv6k/fpu\libg.a(lib_a-refill.o)
 .text.__srefill_r
                0x0010ca48      0x1b4 c:/devkitpro/devkitarm/bin/../lib/gcc/arm-none-eabi/6.3.0/../../../../arm-none-eabi/lib/armv6k/fpu\libg.a(lib_a-refill.o)
                0x0010ca48                __srefill_r
 .text.remove   0x0010cbfc       0x28 c:/devkitpro/devkitarm/bin/../lib/gcc/arm-none-eabi/6.3.0/../../../../arm-none-eabi/lib/armv6k/fpu\libg.a(lib_a-remove.o)
                0x0010cbfc                remove
 .text.rewind   0x0010cc24       0x3c c:/devkitpro/devkitarm/bin/../lib/gcc/arm-none-eabi/6.3.0/../../../../arm-none-eabi/lib/armv6k/fpu\libg.a(lib_a-rewind.o)
                0x0010cc24                rewind
 .text.setvbuf  0x0010cc60      0x258 c:/devkitpro/devkitarm/bin/../lib/gcc/arm-none-eabi/6.3.0/../../../../arm-none-eabi/lib/armv6k/fpu\libg.a(lib_a-setvbuf.o)
                0x0010cc60                setvbuf
 .text.sscanf   0x0010ceb8       0x74 c:/devkitpro/devkitarm/bin/../lib/gcc/arm-none-eabi/6.3.0/../../../../arm-none-eabi/lib/armv6k/fpu\libg.a(lib_a-sscanf.o)
                0x0010ceb8                sscanf
 .text.__sread  0x0010cf2c       0x3c c:/devkitpro/devkitarm/bin/../lib/gcc/arm-none-eabi/6.3.0/../../../../arm-none-eabi/lib/armv6k/fpu\libg.a(lib_a-stdio.o)
                0x0010cf2c                __sread
 .text.__seofread
                0x0010cf68        0x8 c:/devkitpro/devkitarm/bin/../lib/gcc/arm-none-eabi/6.3.0/../../../../arm-none-eabi/lib/armv6k/fpu\libg.a(lib_a-stdio.o)
                0x0010cf68                __seofread
 .text.__swrite
                0x0010cf70       0x64 c:/devkitpro/devkitarm/bin/../lib/gcc/arm-none-eabi/6.3.0/../../../../arm-none-eabi/lib/armv6k/fpu\libg.a(lib_a-stdio.o)
                0x0010cf70                __swrite
 .text.__sseek  0x0010cfd4       0x4c c:/devkitpro/devkitarm/bin/../lib/gcc/arm-none-eabi/6.3.0/../../../../arm-none-eabi/lib/armv6k/fpu\libg.a(lib_a-stdio.o)
                0x0010cfd4                __sseek
 .text.__sclose
                0x0010d020        0x8 c:/devkitpro/devkitarm/bin/../lib/gcc/arm-none-eabi/6.3.0/../../../../arm-none-eabi/lib/armv6k/fpu\libg.a(lib_a-stdio.o)
                0x0010d020                __sclose
 .text.strlen   0x0010d028       0x5c c:/devkitpro/devkitarm/bin/../lib/gcc/arm-none-eabi/6.3.0/../../../../arm-none-eabi/lib/armv6k/fpu\libg.a(lib_a-strlen-stub.o)
                0x0010d028                strlen
 .text.strncat  0x0010d084       0x9c c:/devkitpro/devkitarm/bin/../lib/gcc/arm-none-eabi/6.3.0/../../../../arm-none-eabi/lib/armv6k/fpu\libg.a(lib_a-strncat.o)
                0x0010d084                strncat
 .text.strncmp  0x0010d120      0x108 c:/devkitpro/devkitarm/bin/../lib/gcc/arm-none-eabi/6.3.0/../../../../arm-none-eabi/lib/armv6k/fpu\libg.a(lib_a-strncmp.o)
                0x0010d120                strncmp
 .text.strncpy  0x0010d228       0xd8 c:/devkitpro/devkitarm/bin/../lib/gcc/arm-none-eabi/6.3.0/../../../../arm-none-eabi/lib/armv6k/fpu\libg.a(lib_a-strncpy.o)
                0x0010d228                strncpy
 .text.__ssvfscanf_r
                0x0010d300     0x290c c:/devkitpro/devkitarm/bin/../lib/gcc/arm-none-eabi/6.3.0/../../../../arm-none-eabi/lib/armv6k/fpu\libg.a(lib_a-svfscanf.o)
                0x0010d300                __ssvfscanf_r
 .text.stat     0x0010fc0c       0x20 c:/devkitpro/devkitarm/bin/../lib/gcc/arm-none-eabi/6.3.0/../../../../arm-none-eabi/lib/armv6k/fpu\libg.a(lib_a-sysstat.o)
                0x0010fc0c                stat
 .text.__sprint_r.part.0
                0x0010fc2c       0x1c c:/devkitpro/devkitarm/bin/../lib/gcc/arm-none-eabi/6.3.0/../../../../arm-none-eabi/lib/armv6k/fpu\libg.a(lib_a-vfiprintf.o)
 .text.__sprint_r
                0x0010fc48       0x1c c:/devkitpro/devkitarm/bin/../lib/gcc/arm-none-eabi/6.3.0/../../../../arm-none-eabi/lib/armv6k/fpu\libg.a(lib_a-vfiprintf.o)
                0x0010fc48                __sprint_r
 .text.get_arg  0x0010fc64     0x1624 c:/devkitpro/devkitarm/bin/../lib/gcc/arm-none-eabi/6.3.0/../../../../arm-none-eabi/lib/armv6k/fpu\libg.a(lib_a-vfprintf.o)
 .text._vfprintf_r
                0x00111288     0x4314 c:/devkitpro/devkitarm/bin/../lib/gcc/arm-none-eabi/6.3.0/../../../../arm-none-eabi/lib/armv6k/fpu\libg.a(lib_a-vfprintf.o)
                0x00111288                _vfprintf_r
 .text.__sbprintf
                0x0011559c       0xcc c:/devkitpro/devkitarm/bin/../lib/gcc/arm-none-eabi/6.3.0/../../../../arm-none-eabi/lib/armv6k/fpu\libg.a(lib_a-vfprintf.o)
 .text.__swbuf_r
                0x00115668      0x108 c:/devkitpro/devkitarm/bin/../lib/gcc/arm-none-eabi/6.3.0/../../../../arm-none-eabi/lib/armv6k/fpu\libg.a(lib_a-wbuf.o)
                0x00115668                __swbuf_r
 .text._wcrtomb_r
                0x00115770       0xa0 c:/devkitpro/devkitarm/bin/../lib/gcc/arm-none-eabi/6.3.0/../../../../arm-none-eabi/lib/armv6k/fpu\libg.a(lib_a-wcrtomb.o)
                0x00115770                _wcrtomb_r
 .text._wcsrtombs_r
                0x00115810       0x20 c:/devkitpro/devkitarm/bin/../lib/gcc/arm-none-eabi/6.3.0/../../../../arm-none-eabi/lib/armv6k/fpu\libg.a(lib_a-wcsrtombs.o)
                0x00115810                _wcsrtombs_r
 .text.__swsetup_r
                0x00115830      0x144 c:/devkitpro/devkitarm/bin/../lib/gcc/arm-none-eabi/6.3.0/../../../../arm-none-eabi/lib/armv6k/fpu\libg.a(lib_a-wsetup.o)
                0x00115830                __swsetup_r
 .text.quorem   0x00115974      0x1d0 c:/devkitpro/devkitarm/bin/../lib/gcc/arm-none-eabi/6.3.0/../../../../arm-none-eabi/lib/armv6k/fpu\libg.a(lib_a-dtoa.o)
 *fill*         0x00115b44        0x4 
 .text._dtoa_r  0x00115b48     0x1260 c:/devkitpro/devkitarm/bin/../lib/gcc/arm-none-eabi/6.3.0/../../../../arm-none-eabi/lib/armv6k/fpu\libg.a(lib_a-dtoa.o)
                0x00115b48                _dtoa_r
 .text.__sflags
                0x00116da8       0xb0 c:/devkitpro/devkitarm/bin/../lib/gcc/arm-none-eabi/6.3.0/../../../../arm-none-eabi/lib/armv6k/fpu\libg.a(lib_a-flags.o)
                0x00116da8                __sflags
 .text.__sfvwrite_r
                0x00116e58      0x4ac c:/devkitpro/devkitarm/bin/../lib/gcc/arm-none-eabi/6.3.0/../../../../arm-none-eabi/lib/armv6k/fpu\libg.a(lib_a-fvwrite.o)
                0x00116e58                __sfvwrite_r
 .text.iswspace
                0x00117304       0x74 c:/devkitpro/devkitarm/bin/../lib/gcc/arm-none-eabi/6.3.0/../../../../arm-none-eabi/lib/armv6k/fpu\libg.a(lib_a-iswspace.o)
                0x00117304                iswspace
 .text.__jp2uc  0x00117378      0x204 c:/devkitpro/devkitarm/bin/../lib/gcc/arm-none-eabi/6.3.0/../../../../arm-none-eabi/lib/armv6k/fpu\libg.a(lib_a-jp2uc.o)
 .text._jp2uc   0x0011757c       0xc8 c:/devkitpro/devkitarm/bin/../lib/gcc/arm-none-eabi/6.3.0/../../../../arm-none-eabi/lib/armv6k/fpu\libg.a(lib_a-jp2uc.o)
                0x0011757c                _jp2uc
 .text.__localeconv_l
                0x00117644        0x8 c:/devkitpro/devkitarm/bin/../lib/gcc/arm-none-eabi/6.3.0/../../../../arm-none-eabi/lib/armv6k/fpu\libg.a(lib_a-localeconv.o)
                0x00117644                __localeconv_l
 .text._localeconv_r
                0x0011764c       0x24 c:/devkitpro/devkitarm/bin/../lib/gcc/arm-none-eabi/6.3.0/../../../../arm-none-eabi/lib/armv6k/fpu\libg.a(lib_a-localeconv.o)
                0x0011764c                _localeconv_r
 .text.__locale_mb_cur_max
                0x00117670       0x24 c:/devkitpro/devkitarm/bin/../lib/gcc/arm-none-eabi/6.3.0/../../../../arm-none-eabi/lib/armv6k/fpu\libg.a(lib_a-locale.o)
                0x00117670                __locale_mb_cur_max
 .text.__locale_ctype_ptr_l
                0x00117694        0x8 c:/devkitpro/devkitarm/bin/../lib/gcc/arm-none-eabi/6.3.0/../../../../arm-none-eabi/lib/armv6k/fpu\libg.a(lib_a-locale.o)
                0x00117694                __locale_ctype_ptr_l
 .text.__locale_ctype_ptr
                0x0011769c       0x24 c:/devkitpro/devkitarm/bin/../lib/gcc/arm-none-eabi/6.3.0/../../../../arm-none-eabi/lib/armv6k/fpu\libg.a(lib_a-locale.o)
                0x0011769c                __locale_ctype_ptr
 .text._mbrtowc_r
                0x001176c0       0xb4 c:/devkitpro/devkitarm/bin/../lib/gcc/arm-none-eabi/6.3.0/../../../../arm-none-eabi/lib/armv6k/fpu\libg.a(lib_a-mbrtowc.o)
                0x001176c0                _mbrtowc_r
 .text.__utf8_mbtowc
                0x00117774      0x300 c:/devkitpro/devkitarm/bin/../lib/gcc/arm-none-eabi/6.3.0/../../../../arm-none-eabi/lib/armv6k/fpu\libg.a(lib_a-mbtowc_r.o)
                0x00117774                __utf8_mbtowc
 .text.memmove  0x00117a74      0x148 c:/devkitpro/devkitarm/bin/../lib/gcc/arm-none-eabi/6.3.0/../../../../arm-none-eabi/lib/armv6k/fpu\libg.a(lib_a-memmove.o)
                0x00117a74                memmove
 .text._Balloc  0x00117bbc       0x88 c:/devkitpro/devkitarm/bin/../lib/gcc/arm-none-eabi/6.3.0/../../../../arm-none-eabi/lib/armv6k/fpu\libg.a(lib_a-mprec.o)
                0x00117bbc                _Balloc
 .text._Bfree   0x00117c44       0x1c c:/devkitpro/devkitarm/bin/../lib/gcc/arm-none-eabi/6.3.0/../../../../arm-none-eabi/lib/armv6k/fpu\libg.a(lib_a-mprec.o)
                0x00117c44                _Bfree
 .text.__multadd
                0x00117c60       0xd8 c:/devkitpro/devkitarm/bin/../lib/gcc/arm-none-eabi/6.3.0/../../../../arm-none-eabi/lib/armv6k/fpu\libg.a(lib_a-mprec.o)
                0x00117c60                __multadd
 .text.__s2b    0x00117d38       0xf0 c:/devkitpro/devkitarm/bin/../lib/gcc/arm-none-eabi/6.3.0/../../../../arm-none-eabi/lib/armv6k/fpu\libg.a(lib_a-mprec.o)
                0x00117d38                __s2b
 .text.__hi0bits
                0x00117e28       0x58 c:/devkitpro/devkitarm/bin/../lib/gcc/arm-none-eabi/6.3.0/../../../../arm-none-eabi/lib/armv6k/fpu\libg.a(lib_a-mprec.o)
                0x00117e28                __hi0bits
 .text.__lo0bits
                0x00117e80       0x9c c:/devkitpro/devkitarm/bin/../lib/gcc/arm-none-eabi/6.3.0/../../../../arm-none-eabi/lib/armv6k/fpu\libg.a(lib_a-mprec.o)
                0x00117e80                __lo0bits
 .text.__i2b    0x00117f1c       0x20 c:/devkitpro/devkitarm/bin/../lib/gcc/arm-none-eabi/6.3.0/../../../../arm-none-eabi/lib/armv6k/fpu\libg.a(lib_a-mprec.o)
                0x00117f1c                __i2b
 .text.__multiply
                0x00117f3c      0x1cc c:/devkitpro/devkitarm/bin/../lib/gcc/arm-none-eabi/6.3.0/../../../../arm-none-eabi/lib/armv6k/fpu\libg.a(lib_a-mprec.o)
                0x00117f3c                __multiply
 .text.__pow5mult
                0x00118108      0x100 c:/devkitpro/devkitarm/bin/../lib/gcc/arm-none-eabi/6.3.0/../../../../arm-none-eabi/lib/armv6k/fpu\libg.a(lib_a-mprec.o)
                0x00118108                __pow5mult
 .text.__lshift
                0x00118208       0xe4 c:/devkitpro/devkitarm/bin/../lib/gcc/arm-none-eabi/6.3.0/../../../../arm-none-eabi/lib/armv6k/fpu\libg.a(lib_a-mprec.o)
                0x00118208                __lshift
 .text.__mcmp   0x001182ec       0x60 c:/devkitpro/devkitarm/bin/../lib/gcc/arm-none-eabi/6.3.0/../../../../arm-none-eabi/lib/armv6k/fpu\libg.a(lib_a-mprec.o)
                0x001182ec                __mcmp
 .text.__mdiff  0x0011834c      0x198 c:/devkitpro/devkitarm/bin/../lib/gcc/arm-none-eabi/6.3.0/../../../../arm-none-eabi/lib/armv6k/fpu\libg.a(lib_a-mprec.o)
                0x0011834c                __mdiff
 .text.__ulp    0x001184e4       0x78 c:/devkitpro/devkitarm/bin/../lib/gcc/arm-none-eabi/6.3.0/../../../../arm-none-eabi/lib/armv6k/fpu\libg.a(lib_a-mprec.o)
                0x001184e4                __ulp
 .text.__b2d    0x0011855c       0xd4 c:/devkitpro/devkitarm/bin/../lib/gcc/arm-none-eabi/6.3.0/../../../../arm-none-eabi/lib/armv6k/fpu\libg.a(lib_a-mprec.o)
                0x0011855c                __b2d
 .text.__d2b    0x00118630      0x108 c:/devkitpro/devkitarm/bin/../lib/gcc/arm-none-eabi/6.3.0/../../../../arm-none-eabi/lib/armv6k/fpu\libg.a(lib_a-mprec.o)
                0x00118630                __d2b
 .text.__ratio  0x00118738       0x7c c:/devkitpro/devkitarm/bin/../lib/gcc/arm-none-eabi/6.3.0/../../../../arm-none-eabi/lib/armv6k/fpu\libg.a(lib_a-mprec.o)
                0x00118738                __ratio
 .text.__copybits
                0x001187b4       0x6c c:/devkitpro/devkitarm/bin/../lib/gcc/arm-none-eabi/6.3.0/../../../../arm-none-eabi/lib/armv6k/fpu\libg.a(lib_a-mprec.o)
                0x001187b4                __copybits
 .text.__any_on
                0x00118820       0x80 c:/devkitpro/devkitarm/bin/../lib/gcc/arm-none-eabi/6.3.0/../../../../arm-none-eabi/lib/armv6k/fpu\libg.a(lib_a-mprec.o)
                0x00118820                __any_on
 .text.__sccl   0x001188a0       0xcc c:/devkitpro/devkitarm/bin/../lib/gcc/arm-none-eabi/6.3.0/../../../../arm-none-eabi/lib/armv6k/fpu\libg.a(lib_a-sccl.o)
                0x001188a0                __sccl
 .text.nanf     0x0011896c        0xc c:/devkitpro/devkitarm/bin/../lib/gcc/arm-none-eabi/6.3.0/../../../../arm-none-eabi/lib/armv6k/fpu\libg.a(lib_a-sf_nan.o)
                0x0011896c                nanf
 .text.frexp    0x00118978       0x9c c:/devkitpro/devkitarm/bin/../lib/gcc/arm-none-eabi/6.3.0/../../../../arm-none-eabi/lib/armv6k/fpu\libg.a(lib_a-s_frexp.o)
                0x00118978                frexp
 .text.sprintf  0x00118a14       0x68 c:/devkitpro/devkitarm/bin/../lib/gcc/arm-none-eabi/6.3.0/../../../../arm-none-eabi/lib/armv6k/fpu\libg.a(lib_a-sprintf.o)
                0x00118a14                sprintf
 .text.stpncpy  0x00118a7c      0x100 c:/devkitpro/devkitarm/bin/../lib/gcc/arm-none-eabi/6.3.0/../../../../arm-none-eabi/lib/armv6k/fpu\libg.a(lib_a-stpncpy.o)
                0x00118a7c                stpncpy
 .text.strchr   0x00118b7c      0x1ac c:/devkitpro/devkitarm/bin/../lib/gcc/arm-none-eabi/6.3.0/../../../../arm-none-eabi/lib/armv6k/fpu\libg.a(lib_a-strchr.o)
                0x00118b7c                strchr
 .text.unlikely.sulp
                0x00118d28       0x54 c:/devkitpro/devkitarm/bin/../lib/gcc/arm-none-eabi/6.3.0/../../../../arm-none-eabi/lib/armv6k/fpu\libg.a(lib_a-strtod.o)
 *fill*         0x00118d7c        0x4 
 .text._strtod_l
                0x00118d80     0x1434 c:/devkitpro/devkitarm/bin/../lib/gcc/arm-none-eabi/6.3.0/../../../../arm-none-eabi/lib/armv6k/fpu\libg.a(lib_a-strtod.o)
                0x00118d80                _strtod_l
 .text._strtod_r
                0x0011a1b4       0x3c c:/devkitpro/devkitarm/bin/../lib/gcc/arm-none-eabi/6.3.0/../../../../arm-none-eabi/lib/armv6k/fpu\libg.a(lib_a-strtod.o)
                0x0011a1b4                _strtod_r
 .text._strtoll_l.isra.0
                0x0011a1f0      0x2dc c:/devkitpro/devkitarm/bin/../lib/gcc/arm-none-eabi/6.3.0/../../../../arm-none-eabi/lib/armv6k/fpu\libg.a(lib_a-strtoll.o)
 .text._strtoll_r
                0x0011a4cc       0x50 c:/devkitpro/devkitarm/bin/../lib/gcc/arm-none-eabi/6.3.0/../../../../arm-none-eabi/lib/armv6k/fpu\libg.a(lib_a-strtoll.o)
                0x0011a4cc                _strtoll_r
 .text._strtol_l.isra.0
                0x0011a51c      0x220 c:/devkitpro/devkitarm/bin/../lib/gcc/arm-none-eabi/6.3.0/../../../../arm-none-eabi/lib/armv6k/fpu\libg.a(lib_a-strtol.o)
 .text._strtol_r
                0x0011a73c       0x50 c:/devkitpro/devkitarm/bin/../lib/gcc/arm-none-eabi/6.3.0/../../../../arm-none-eabi/lib/armv6k/fpu\libg.a(lib_a-strtol.o)
                0x0011a73c                _strtol_r
 *fill*         0x0011a78c        0x4 
 .text._strtoull_l.isra.0
                0x0011a790      0x268 c:/devkitpro/devkitarm/bin/../lib/gcc/arm-none-eabi/6.3.0/../../../../arm-none-eabi/lib/armv6k/fpu\libg.a(lib_a-strtoull.o)
 .text._strtoull_r
                0x0011a9f8       0x50 c:/devkitpro/devkitarm/bin/../lib/gcc/arm-none-eabi/6.3.0/../../../../arm-none-eabi/lib/armv6k/fpu\libg.a(lib_a-strtoull.o)
                0x0011a9f8                _strtoull_r
 .text._strtoul_l.isra.0
                0x0011aa48      0x1e4 c:/devkitpro/devkitarm/bin/../lib/gcc/arm-none-eabi/6.3.0/../../../../arm-none-eabi/lib/armv6k/fpu\libg.a(lib_a-strtoul.o)
 .text._strtoul_r
                0x0011ac2c       0x50 c:/devkitpro/devkitarm/bin/../lib/gcc/arm-none-eabi/6.3.0/../../../../arm-none-eabi/lib/armv6k/fpu\libg.a(lib_a-strtoul.o)
                0x0011ac2c                _strtoul_r
 .text.__ssprint_r
                0x0011ac7c      0x188 c:/devkitpro/devkitarm/bin/../lib/gcc/arm-none-eabi/6.3.0/../../../../arm-none-eabi/lib/armv6k/fpu\libg.a(lib_a-svfiprintf.o)
                0x0011ac7c                __ssprint_r
 .text._sungetc_r
                0x0011ae04       0xe8 c:/devkitpro/devkitarm/bin/../lib/gcc/arm-none-eabi/6.3.0/../../../../arm-none-eabi/lib/armv6k/fpu\libg.a(lib_a-svfiscanf.o)
                0x0011ae04                _sungetc_r
 .text.__ssrefill_r
                0x0011aeec       0x6c c:/devkitpro/devkitarm/bin/../lib/gcc/arm-none-eabi/6.3.0/../../../../arm-none-eabi/lib/armv6k/fpu\libg.a(lib_a-svfiscanf.o)
                0x0011aeec                __ssrefill_r
 .text._sfread_r
                0x0011af58       0xd0 c:/devkitpro/devkitarm/bin/../lib/gcc/arm-none-eabi/6.3.0/../../../../arm-none-eabi/lib/armv6k/fpu\libg.a(lib_a-svfiscanf.o)
                0x0011af58                _sfread_r
 .text.get_arg  0x0011b028     0x1624 c:/devkitpro/devkitarm/bin/../lib/gcc/arm-none-eabi/6.3.0/../../../../arm-none-eabi/lib/armv6k/fpu\libg.a(lib_a-svfprintf.o)
 *fill*         0x0011c64c        0x4 
 .text._svfprintf_r
                0x0011c650     0x41c4 c:/devkitpro/devkitarm/bin/../lib/gcc/arm-none-eabi/6.3.0/../../../../arm-none-eabi/lib/armv6k/fpu\libg.a(lib_a-svfprintf.o)
                0x0011c650                _svfprintf_r
 .text.__submore
                0x00120814       0xa8 c:/devkitpro/devkitarm/bin/../lib/gcc/arm-none-eabi/6.3.0/../../../../arm-none-eabi/lib/armv6k/fpu\libg.a(lib_a-ungetc.o)
                0x00120814                __submore
 .text._wcsnrtombs_l
                0x001208bc      0x174 c:/devkitpro/devkitarm/bin/../lib/gcc/arm-none-eabi/6.3.0/../../../../arm-none-eabi/lib/armv6k/fpu\libg.a(lib_a-wcsnrtombs.o)
                0x001208bc                _wcsnrtombs_l
 .text._wcsnrtombs_r
                0x00120a30       0x64 c:/devkitpro/devkitarm/bin/../lib/gcc/arm-none-eabi/6.3.0/../../../../arm-none-eabi/lib/armv6k/fpu\libg.a(lib_a-wcsnrtombs.o)
                0x00120a30                _wcsnrtombs_r
 .text.__utf8_wctomb
                0x00120a94       0xe8 c:/devkitpro/devkitarm/bin/../lib/gcc/arm-none-eabi/6.3.0/../../../../arm-none-eabi/lib/armv6k/fpu\libg.a(lib_a-wctomb_r.o)
                0x00120a94                __utf8_wctomb
 .text.rshift   0x00120b7c       0xf0 c:/devkitpro/devkitarm/bin/../lib/gcc/arm-none-eabi/6.3.0/../../../../arm-none-eabi/lib/armv6k/fpu\libg.a(lib_a-gdtoa-gethex.o)
 .text.__gethex
                0x00120c6c      0x7f4 c:/devkitpro/devkitarm/bin/../lib/gcc/arm-none-eabi/6.3.0/../../../../arm-none-eabi/lib/armv6k/fpu\libg.a(lib_a-gdtoa-gethex.o)
                0x00120c6c                __gethex
 .text.__match  0x00121460       0x64 c:/devkitpro/devkitarm/bin/../lib/gcc/arm-none-eabi/6.3.0/../../../../arm-none-eabi/lib/armv6k/fpu\libg.a(lib_a-gdtoa-hexnan.o)
                0x00121460                __match
 .text.__hexnan
                0x001214c4      0x264 c:/devkitpro/devkitarm/bin/../lib/gcc/arm-none-eabi/6.3.0/../../../../arm-none-eabi/lib/armv6k/fpu\libg.a(lib_a-gdtoa-hexnan.o)
                0x001214c4                __hexnan
 .text.null_write
                0x00121728        0x8 c:/devkitpro/devkitarm/bin/../lib/gcc/arm-none-eabi/6.3.0/../../../../arm-none-eabi/lib/armv6k/fpu\libsysbase.a(iosupport.o)
 .text.setDefaultDevice
                0x00121730       0x18 c:/devkitpro/devkitarm/bin/../lib/gcc/arm-none-eabi/6.3.0/../../../../arm-none-eabi/lib/armv6k/fpu\libsysbase.a(iosupport.o)
                0x00121730                setDefaultDevice
 .text.FindDevice
                0x00121748       0xcc c:/devkitpro/devkitarm/bin/../lib/gcc/arm-none-eabi/6.3.0/../../../../arm-none-eabi/lib/armv6k/fpu\libsysbase.a(iosupport.o)
                0x00121748                FindDevice
 .text.RemoveDevice
                0x00121814       0x28 c:/devkitpro/devkitarm/bin/../lib/gcc/arm-none-eabi/6.3.0/../../../../arm-none-eabi/lib/armv6k/fpu\libsysbase.a(iosupport.o)
                0x00121814                RemoveDevice
 .text.AddDevice
                0x0012183c       0x98 c:/devkitpro/devkitarm/bin/../lib/gcc/arm-none-eabi/6.3.0/../../../../arm-none-eabi/lib/armv6k/fpu\libsysbase.a(iosupport.o)
                0x0012183c                AddDevice
 .text._close_r
                0x001218d4       0x84 c:/devkitpro/devkitarm/bin/../lib/gcc/arm-none-eabi/6.3.0/../../../../arm-none-eabi/lib/armv6k/fpu\libsysbase.a(close.o)
                0x001218d4                _close_r
 .text._fstat_r
                0x00121958       0x7c c:/devkitpro/devkitarm/bin/../lib/gcc/arm-none-eabi/6.3.0/../../../../arm-none-eabi/lib/armv6k/fpu\libsysbase.a(fstat.o)
                0x00121958                _fstat_r
 .text._isatty_r
                0x001219d4        0x8 c:/devkitpro/devkitarm/bin/../lib/gcc/arm-none-eabi/6.3.0/../../../../arm-none-eabi/lib/armv6k/fpu\libsysbase.a(isatty.o)
                0x001219d4                _isatty_r
 .text._lseek_r
                0x001219dc       0x90 c:/devkitpro/devkitarm/bin/../lib/gcc/arm-none-eabi/6.3.0/../../../../arm-none-eabi/lib/armv6k/fpu\libsysbase.a(lseek.o)
                0x001219dc                _lseek_r
 .text._open_r  0x00121a6c       0xc0 c:/devkitpro/devkitarm/bin/../lib/gcc/arm-none-eabi/6.3.0/../../../../arm-none-eabi/lib/armv6k/fpu\libsysbase.a(open.o)
                0x00121a6c                _open_r
 .text._read_r  0x00121b2c       0x88 c:/devkitpro/devkitarm/bin/../lib/gcc/arm-none-eabi/6.3.0/../../../../arm-none-eabi/lib/armv6k/fpu\libsysbase.a(read.o)
                0x00121b2c                _read_r
 .text._sbrk_r  0x00121bb4       0x70 c:/devkitpro/devkitarm/bin/../lib/gcc/arm-none-eabi/6.3.0/../../../../arm-none-eabi/lib/armv6k/fpu\libsysbase.a(sbrk.o)
                0x00121bb4                _sbrk_r
 .text._stat_r  0x00121c24       0x6c c:/devkitpro/devkitarm/bin/../lib/gcc/arm-none-eabi/6.3.0/../../../../arm-none-eabi/lib/armv6k/fpu\libsysbase.a(stat.o)
                0x00121c24                _stat_r
 .text._unlink_r
                0x00121c90       0x6c c:/devkitpro/devkitarm/bin/../lib/gcc/arm-none-eabi/6.3.0/../../../../arm-none-eabi/lib/armv6k/fpu\libsysbase.a(unlink.o)
                0x00121c90                _unlink_r
 .text._write_r
                0x00121cfc       0x88 c:/devkitpro/devkitarm/bin/../lib/gcc/arm-none-eabi/6.3.0/../../../../arm-none-eabi/lib/armv6k/fpu\libsysbase.a(write.o)
                0x00121cfc                _write_r
 .text._concatenate_path
                0x00121d84      0x1d4 c:/devkitpro/devkitarm/bin/../lib/gcc/arm-none-eabi/6.3.0/../../../../arm-none-eabi/lib/armv6k/fpu\libsysbase.a(chdir.o)
                0x00121d84                _concatenate_path
 .text.chdir    0x00121f58      0x15c c:/devkitpro/devkitarm/bin/../lib/gcc/arm-none-eabi/6.3.0/../../../../arm-none-eabi/lib/armv6k/fpu\libsysbase.a(chdir.o)
                0x00121f58                chdir
 .text.mkdir    0x001220b4       0x60 c:/devkitpro/devkitarm/bin/../lib/gcc/arm-none-eabi/6.3.0/../../../../arm-none-eabi/lib/armv6k/fpu\libsysbase.a(mkdir.o)
                0x001220b4                mkdir
 .text.__flockfile
                0x00122114        0x8 c:/devkitpro/devkitarm/bin/../lib/gcc/arm-none-eabi/6.3.0/../../../../arm-none-eabi/lib/armv6k/fpu\libsysbase.a(flock.o)
                0x00122114                __flockfile
 .text.__funlockfile
                0x0012211c        0x8 c:/devkitpro/devkitarm/bin/../lib/gcc/arm-none-eabi/6.3.0/../../../../arm-none-eabi/lib/armv6k/fpu\libsysbase.a(flock.o)
                0x0012211c                __funlockfile
 .text.__libc_lock_acquire
                0x00122124       0x18 c:/devkitpro/devkitarm/bin/../lib/gcc/arm-none-eabi/6.3.0/../../../../arm-none-eabi/lib/armv6k/fpu\libsysbase.a(syscall_support.o)
                0x00122124                __libc_lock_acquire
 .text.__libc_lock_release
                0x0012213c       0x18 c:/devkitpro/devkitarm/bin/../lib/gcc/arm-none-eabi/6.3.0/../../../../arm-none-eabi/lib/armv6k/fpu\libsysbase.a(syscall_support.o)
                0x0012213c                __libc_lock_release
 .text.__libc_lock_init_recursive
                0x00122154       0x18 c:/devkitpro/devkitarm/bin/../lib/gcc/arm-none-eabi/6.3.0/../../../../arm-none-eabi/lib/armv6k/fpu\libsysbase.a(syscall_support.o)
                0x00122154                __libc_lock_init_recursive
 .text.__libc_lock_acquire_recursive
                0x0012216c       0x18 c:/devkitpro/devkitarm/bin/../lib/gcc/arm-none-eabi/6.3.0/../../../../arm-none-eabi/lib/armv6k/fpu\libsysbase.a(syscall_support.o)
                0x0012216c                __libc_lock_acquire_recursive
 .text.__libc_lock_release_recursive
                0x00122184       0x18 c:/devkitpro/devkitarm/bin/../lib/gcc/arm-none-eabi/6.3.0/../../../../arm-none-eabi/lib/armv6k/fpu\libsysbase.a(syscall_support.o)
                0x00122184                __libc_lock_release_recursive
 .text.__libc_lock_close_recursive
                0x0012219c       0x18 c:/devkitpro/devkitarm/bin/../lib/gcc/arm-none-eabi/6.3.0/../../../../arm-none-eabi/lib/armv6k/fpu\libsysbase.a(syscall_support.o)
                0x0012219c                __libc_lock_close_recursive
 .text.__free_handle
                0x001221b4       0x4c c:/devkitpro/devkitarm/bin/../lib/gcc/arm-none-eabi/6.3.0/../../../../arm-none-eabi/lib/armv6k/fpu\libsysbase.a(handle_manager.o)
                0x001221b4                __free_handle
 .text.__release_handle
                0x00122200       0x40 c:/devkitpro/devkitarm/bin/../lib/gcc/arm-none-eabi/6.3.0/../../../../arm-none-eabi/lib/armv6k/fpu\libsysbase.a(handle_manager.o)
                0x00122200                __release_handle
 .text.__alloc_handle
                0x00122240       0xb4 c:/devkitpro/devkitarm/bin/../lib/gcc/arm-none-eabi/6.3.0/../../../../arm-none-eabi/lib/armv6k/fpu\libsysbase.a(handle_manager.o)
                0x00122240                __alloc_handle
 .text.__get_handle
                0x001222f4       0x18 c:/devkitpro/devkitarm/bin/../lib/gcc/arm-none-eabi/6.3.0/../../../../arm-none-eabi/lib/armv6k/fpu\libsysbase.a(handle_manager.o)
                0x001222f4                __get_handle
 .text.__getreent
                0x0012230c       0x28 c:/devkitpro/devkitarm/bin/../lib/gcc/arm-none-eabi/6.3.0/../../../../arm-none-eabi/lib/armv6k/fpu\libsysbase.a(getreent.o)
                0x0012230c                __getreent
 .text.strnlen  0x00122334       0x5c c:/devkitpro/devkitarm/bin/../lib/gcc/arm-none-eabi/6.3.0/../../../../arm-none-eabi/lib/armv6k/fpu\libg.a(lib_a-strnlen.o)
                0x00122334                strnlen
 .text.strrchr  0x00122390       0x44 c:/devkitpro/devkitarm/bin/../lib/gcc/arm-none-eabi/6.3.0/../../../../arm-none-eabi/lib/armv6k/fpu\libg.a(lib_a-strrchr.o)
                0x00122390                strrchr
 *(.glue_7)
 .glue_7        0x001223d4        0x0 linker stubs
 *(.glue_7t)
 .glue_7t       0x001223d4        0x0 linker stubs
 *(.stub)
 *(.gnu.warning)
 *(.gnu.linkonce.t*)
                0x001223d4                . = ALIGN (0x4)
 *(.fini)
 .fini          0x001223d4        0xc c:/devkitpro/devkitarm/bin/../lib/gcc/arm-none-eabi/6.3.0/armv6k/fpu/crti.o
                0x001223d4                _fini
 .fini          0x001223e0        0xc c:/devkitpro/devkitarm/bin/../lib/gcc/arm-none-eabi/6.3.0/armv6k/fpu/crtn.o
                0x001223ec                . = ALIGN (0x4)

.vfp11_veneer   0x001223ec        0x0
 .vfp11_veneer  0x001223ec        0x0 linker stubs

.v4_bx          0x001223ec        0x0
 .v4_bx         0x001223ec        0x0 linker stubs

.iplt           0x001223ec        0x0
 .iplt          0x001223ec        0x0 c:/devkitpro/devkitarm/bin/../lib/gcc/arm-none-eabi/6.3.0/../../../../arm-none-eabi/lib/armv6k/fpu/3dsx_crt0.o

.rodata         0x00123000     0x4bf0
 *(.rodata)
 .rodata        0x00123000       0x10 main.o
 .rodata        0x00123010       0x1c c:/devkitPro/libctru/lib\libctru.a(gfx.o)
 .rodata        0x0012302c      0x168 c:/devkitPro/libctru/lib\libctru.a(console.o)
 .rodata        0x00123194        0xc c:/devkitPro/libctru/lib\libctru.a(apt.o)
 .rodata        0x001231a0      0x804 c:/devkitPro/libctru/lib\libctru.a(default_font.bin.o)
                0x001231a0                default_font_bin
                0x001239a0                default_font_bin_size
                0x001239a0                default_font_bin_end
 .rodata        0x001239a4       0x3c c:/devkitPro/libctru/lib\libctru.a(sdmc_dev.o)
 *(.roda)
 *(.rodata.*)
 .rodata.str1.4
                0x001239e0      0x58e main.o
 *fill*         0x00123f6e        0x2 
 .rodata.str1.4
                0x00123f70       0x70 c:/devkitPro/libctru/lib\libctru.a(console.o)
 .rodata.str1.4
                0x00123fe0        0x7 c:/devkitPro/libctru/lib\libctru.a(httpc.o)
 *fill*         0x00123fe7        0x1 
 .rodata.str1.4
                0x00123fe8       0x15 c:/devkitPro/libctru/lib\libctru.a(hid.o)
 *fill*         0x00123ffd        0x3 
 .rodata.str1.4
                0x00124000       0x16 c:/devkitPro/libctru/lib\libctru.a(apt.o)
 *fill*         0x00124016        0x2 
 .rodata.str1.4
                0x00124018        0x9 c:/devkitPro/libctru/lib\libctru.a(gspgpu.o)
 *fill*         0x00124021        0x3 
 .rodata.str1.4
                0x00124024        0x7 c:/devkitPro/libctru/lib\libctru.a(irrst.o)
 *fill*         0x0012402b        0x1 
 .rodata.str1.4
                0x0012402c        0x5 c:/devkitPro/libctru/lib\libctru.a(srv.o)
 *fill*         0x00124031        0x3 
 .rodata.str1.4
                0x00124034        0x9 c:/devkitPro/libctru/lib\libctru.a(ptmsysm.o)
 *fill*         0x0012403d        0x3 
 .rodata.str1.4
                0x00124040        0xd c:/devkitPro/libctru/lib\libctru.a(sdmc_dev.o)
                                 0x11 (size before relaxing)
 *fill*         0x0012404d        0x3 
 .rodata.str1.4
                0x00124050        0x8 c:/devkitPro/libctru/lib\libctru.a(fs.o)
                                  0x9 (size before relaxing)
 .rodata._global_impure_ptr
                0x00124058        0x4 c:/devkitpro/devkitarm/bin/../lib/gcc/arm-none-eabi/6.3.0/../../../../arm-none-eabi/lib/armv6k/fpu\libg.a(lib_a-impure.o)
                0x00124058                _global_impure_ptr
 .rodata._puts_r.str1.4
                0x0012405c        0x8 c:/devkitpro/devkitarm/bin/../lib/gcc/arm-none-eabi/6.3.0/../../../../arm-none-eabi/lib/armv6k/fpu\libg.a(lib_a-puts.o)
                                  0x2 (size before relaxing)
 .rodata.__ssvfscanf_r.str1.4
                0x0012405c        0x5 c:/devkitpro/devkitarm/bin/../lib/gcc/arm-none-eabi/6.3.0/../../../../arm-none-eabi/lib/armv6k/fpu\libg.a(lib_a-svfscanf.o)
 *fill*         0x00124061        0x3 
 .rodata.basefix.8441
                0x00124064       0x22 c:/devkitpro/devkitarm/bin/../lib/gcc/arm-none-eabi/6.3.0/../../../../arm-none-eabi/lib/armv6k/fpu\libg.a(lib_a-svfscanf.o)
 *fill*         0x00124086        0x2 
 .rodata._vfprintf_r.str1.4
                0x00124088       0x3f c:/devkitpro/devkitarm/bin/../lib/gcc/arm-none-eabi/6.3.0/../../../../arm-none-eabi/lib/armv6k/fpu\libg.a(lib_a-vfprintf.o)
                                 0x42 (size before relaxing)
 *fill*         0x001240c7        0x1 
 .rodata.blanks.8415
                0x001240c8       0x10 c:/devkitpro/devkitarm/bin/../lib/gcc/arm-none-eabi/6.3.0/../../../../arm-none-eabi/lib/armv6k/fpu\libg.a(lib_a-vfprintf.o)
 .rodata.zeroes.8416
                0x001240d8       0x10 c:/devkitpro/devkitarm/bin/../lib/gcc/arm-none-eabi/6.3.0/../../../../arm-none-eabi/lib/armv6k/fpu\libg.a(lib_a-vfprintf.o)
 .rodata._dtoa_r.str1.4
                0x001240e8       0x10 c:/devkitpro/devkitarm/bin/../lib/gcc/arm-none-eabi/6.3.0/../../../../arm-none-eabi/lib/armv6k/fpu\libg.a(lib_a-dtoa.o)
                                 0x12 (size before relaxing)
 .rodata._jp2uc.str1.4
                0x001240f8       0x12 c:/devkitpro/devkitarm/bin/../lib/gcc/arm-none-eabi/6.3.0/../../../../arm-none-eabi/lib/armv6k/fpu\libg.a(lib_a-jp2uc.o)
 *fill*         0x0012410a        0x2 
 .rodata.a1     0x0012410c       0xbc c:/devkitpro/devkitarm/bin/../lib/gcc/arm-none-eabi/6.3.0/../../../../arm-none-eabi/lib/armv6k/fpu\libg.a(lib_a-jp2uc.o)
 .rodata.a2     0x001241c8       0xbc c:/devkitpro/devkitarm/bin/../lib/gcc/arm-none-eabi/6.3.0/../../../../arm-none-eabi/lib/armv6k/fpu\libg.a(lib_a-jp2uc.o)
 .rodata.a3     0x00124284       0x5b c:/devkitpro/devkitarm/bin/../lib/gcc/arm-none-eabi/6.3.0/../../../../arm-none-eabi/lib/armv6k/fpu\libg.a(lib_a-jp2uc.o)
 *fill*         0x001242df        0x1 
 .rodata.a6     0x001242e0       0x70 c:/devkitpro/devkitarm/bin/../lib/gcc/arm-none-eabi/6.3.0/../../../../arm-none-eabi/lib/armv6k/fpu\libg.a(lib_a-jp2uc.o)
 .rodata.a7     0x00124350       0xa2 c:/devkitpro/devkitarm/bin/../lib/gcc/arm-none-eabi/6.3.0/../../../../arm-none-eabi/lib/armv6k/fpu\libg.a(lib_a-jp2uc.o)
 *fill*         0x001243f2        0x2 
 .rodata.a8     0x001243f4       0x40 c:/devkitpro/devkitarm/bin/../lib/gcc/arm-none-eabi/6.3.0/../../../../arm-none-eabi/lib/armv6k/fpu\libg.a(lib_a-jp2uc.o)
 .rodata.b02cf  0x00124434     0x172a c:/devkitpro/devkitarm/bin/../lib/gcc/arm-none-eabi/6.3.0/../../../../arm-none-eabi/lib/armv6k/fpu\libg.a(lib_a-jp2uc.o)
 *fill*         0x00125b5e        0x2 
 .rodata.d02f4  0x00125b60     0x1a7c c:/devkitpro/devkitarm/bin/../lib/gcc/arm-none-eabi/6.3.0/../../../../arm-none-eabi/lib/armv6k/fpu\libg.a(lib_a-jp2uc.o)
 .rodata.str1.4
                0x001275dc       0x44 c:/devkitpro/devkitarm/bin/../lib/gcc/arm-none-eabi/6.3.0/../../../../arm-none-eabi/lib/armv6k/fpu\libg.a(lib_a-locale.o)
                                 0x4c (size before relaxing)
 .rodata._mbrtowc_r.str1.4
                0x00127620        0x1 c:/devkitpro/devkitarm/bin/../lib/gcc/arm-none-eabi/6.3.0/../../../../arm-none-eabi/lib/armv6k/fpu\libg.a(lib_a-mbrtowc.o)
 .rodata.__mprec_bigtens
                0x00127620       0x28 c:/devkitpro/devkitarm/bin/../lib/gcc/arm-none-eabi/6.3.0/../../../../arm-none-eabi/lib/armv6k/fpu\libg.a(lib_a-mprec.o)
                0x00127620                __mprec_bigtens
 .rodata.__mprec_tens
                0x00127648       0xc8 c:/devkitpro/devkitarm/bin/../lib/gcc/arm-none-eabi/6.3.0/../../../../arm-none-eabi/lib/armv6k/fpu\libg.a(lib_a-mprec.o)
                0x00127648                __mprec_tens
 .rodata.p05.7191
                0x00127710        0xc c:/devkitpro/devkitarm/bin/../lib/gcc/arm-none-eabi/6.3.0/../../../../arm-none-eabi/lib/armv6k/fpu\libg.a(lib_a-mprec.o)
 .rodata._strtod_l.str1.4
                0x0012771c        0xf c:/devkitpro/devkitarm/bin/../lib/gcc/arm-none-eabi/6.3.0/../../../../arm-none-eabi/lib/armv6k/fpu\libg.a(lib_a-strtod.o)
 *fill*         0x0012772b        0x1 
 .rodata.fpi.7277
                0x0012772c       0x14 c:/devkitpro/devkitarm/bin/../lib/gcc/arm-none-eabi/6.3.0/../../../../arm-none-eabi/lib/armv6k/fpu\libg.a(lib_a-strtod.o)
 .rodata.fpinan.7313
                0x00127740       0x14 c:/devkitpro/devkitarm/bin/../lib/gcc/arm-none-eabi/6.3.0/../../../../arm-none-eabi/lib/armv6k/fpu\libg.a(lib_a-strtod.o)
 *fill*         0x00127754        0x4 
 .rodata.tinytens
                0x00127758       0x28 c:/devkitpro/devkitarm/bin/../lib/gcc/arm-none-eabi/6.3.0/../../../../arm-none-eabi/lib/armv6k/fpu\libg.a(lib_a-strtod.o)
 .rodata.__action_table
                0x00127780       0x6c c:/devkitpro/devkitarm/bin/../lib/gcc/arm-none-eabi/6.3.0/../../../../arm-none-eabi/lib/armv6k/fpu\libg.a(lib_a-svfiprintf.o)
                0x00127780                __action_table
 .rodata.__chclass
                0x001277ec      0x100 c:/devkitpro/devkitarm/bin/../lib/gcc/arm-none-eabi/6.3.0/../../../../arm-none-eabi/lib/armv6k/fpu\libg.a(lib_a-svfiprintf.o)
                0x001277ec                __chclass
 .rodata.__state_table
                0x001278ec       0x6c c:/devkitpro/devkitarm/bin/../lib/gcc/arm-none-eabi/6.3.0/../../../../arm-none-eabi/lib/armv6k/fpu\libg.a(lib_a-svfiprintf.o)
                0x001278ec                __state_table
 .rodata._svfprintf_r.str1.4
                0x00127958       0x42 c:/devkitpro/devkitarm/bin/../lib/gcc/arm-none-eabi/6.3.0/../../../../arm-none-eabi/lib/armv6k/fpu\libg.a(lib_a-svfprintf.o)
 .rodata.blanks.8400
                0x00127958       0x10 c:/devkitpro/devkitarm/bin/../lib/gcc/arm-none-eabi/6.3.0/../../../../arm-none-eabi/lib/armv6k/fpu\libg.a(lib_a-svfprintf.o)
 .rodata.zeroes.8401
                0x00127968       0x10 c:/devkitpro/devkitarm/bin/../lib/gcc/arm-none-eabi/6.3.0/../../../../arm-none-eabi/lib/armv6k/fpu\libg.a(lib_a-svfprintf.o)
 .rodata._ctype_
                0x00127978      0x101 c:/devkitpro/devkitarm/bin/../lib/gcc/arm-none-eabi/6.3.0/../../../../arm-none-eabi/lib/armv6k/fpu\libg.a(lib_a-ctype_.o)
                0x00127978                _ctype_
 *fill*         0x00127a79        0x3 
 .rodata.__hexdig
                0x00127a7c      0x100 c:/devkitpro/devkitarm/bin/../lib/gcc/arm-none-eabi/6.3.0/../../../../arm-none-eabi/lib/armv6k/fpu\libg.a(lib_a-gdtoa-gethex.o)
                0x00127a7c                __hexdig
 .rodata.AddDevice.str1.4
                0x00127b7c        0x8 c:/devkitpro/devkitarm/bin/../lib/gcc/arm-none-eabi/6.3.0/../../../../arm-none-eabi/lib/armv6k/fpu\libsysbase.a(iosupport.o)
 .rodata.dotab_stdnull
                0x00127b84       0x68 c:/devkitpro/devkitarm/bin/../lib/gcc/arm-none-eabi/6.3.0/../../../../arm-none-eabi/lib/armv6k/fpu\libsysbase.a(iosupport.o)
                0x00127b84                dotab_stdnull
 .rodata.DIRECTORY_PARENT
                0x00127bec        0x3 c:/devkitpro/devkitarm/bin/../lib/gcc/arm-none-eabi/6.3.0/../../../../arm-none-eabi/lib/armv6k/fpu\libsysbase.a(chdir.o)
                0x00127bec                DIRECTORY_PARENT
 *all.rodata*(*)
 *(.gnu.linkonce.r*)
                0x00127bf0                . = ALIGN (0x4)
 *fill*         0x00127bef        0x1 

.eh_frame       0x00127bf0        0x0
 .eh_frame      0x00127bf0        0x0 c:/devkitpro/devkitarm/bin/../lib/gcc/arm-none-eabi/6.3.0/armv6k/fpu/crtbegin.o

.rel.dyn        0x00127bf0        0x0
 .rel.iplt      0x00127bf0        0x0 c:/devkitpro/devkitarm/bin/../lib/gcc/arm-none-eabi/6.3.0/../../../../arm-none-eabi/lib/armv6k/fpu/3dsx_crt0.o

.ARM.extab
 *(.ARM.extab* .gnu.linkonce.armextab.*)
                0x00127bf0                __exidx_start = .

ARM.exidx
 *(.ARM.exidx* .gnu.linkonce.armexidx.*)
                0x00127bf0                __exidx_end = .

.data           0x00128000     0x2f4c
 *(.data)
 .data          0x00128000        0xc c:/devkitPro/libctru/lib\libctru.a(gfx.o)
 .data          0x0012800c       0x51 c:/devkitPro/libctru/lib\libctru.a(console.o)
                0x0012800c                defaultConsole
                0x00128058                currentConsole
 *fill*         0x0012805d        0x3 
 .data          0x00128060        0x4 c:/devkitPro/libctru/lib\libctru.a(apt.o)
 .data          0x00128064        0x4 c:/devkitPro/libctru/lib\libctru.a(gspgpu.o)
 .data          0x00128068        0x4 c:/devkitPro/libctru/lib\libctru.a(stack_adjust.o)
                0x00128068                __stacksize__
 .data          0x0012806c        0x4 c:/devkitPro/libctru/lib\libctru.a(allocateHeaps.o)
                0x0012806c                __ctru_linear_heap_size
 .data          0x00128070      0x46c c:/devkitPro/libctru/lib\libctru.a(sdmc_dev.o)
 *(.data.*)
 .data.__sfp_lock
                0x001284dc        0xc c:/devkitpro/devkitarm/bin/../lib/gcc/arm-none-eabi/6.3.0/../../../../arm-none-eabi/lib/armv6k/fpu\libg.a(lib_a-findfp.o)
 .data.__sinit_lock
                0x001284e8        0xc c:/devkitpro/devkitarm/bin/../lib/gcc/arm-none-eabi/6.3.0/../../../../arm-none-eabi/lib/armv6k/fpu\libg.a(lib_a-findfp.o)
 .data._impure_ptr
                0x001284f4        0x4 c:/devkitpro/devkitarm/bin/../lib/gcc/arm-none-eabi/6.3.0/../../../../arm-none-eabi/lib/armv6k/fpu\libg.a(lib_a-impure.o)
                0x001284f4                _impure_ptr
 .data.impure_data
                0x001284f8      0x460 c:/devkitpro/devkitarm/bin/../lib/gcc/arm-none-eabi/6.3.0/../../../../arm-none-eabi/lib/armv6k/fpu\libg.a(lib_a-impure.o)
 .data.__malloc_av_
                0x00128958      0x408 c:/devkitpro/devkitarm/bin/../lib/gcc/arm-none-eabi/6.3.0/../../../../arm-none-eabi/lib/armv6k/fpu\libg.a(lib_a-mallocr.o)
                0x00128958                __malloc_av_
 .data.__malloc_sbrk_base
                0x00128d60        0x4 c:/devkitpro/devkitarm/bin/../lib/gcc/arm-none-eabi/6.3.0/../../../../arm-none-eabi/lib/armv6k/fpu\libg.a(lib_a-mallocr.o)
                0x00128d60                __malloc_sbrk_base
 .data.__malloc_trim_threshold
                0x00128d64        0x4 c:/devkitpro/devkitarm/bin/../lib/gcc/arm-none-eabi/6.3.0/../../../../arm-none-eabi/lib/armv6k/fpu\libg.a(lib_a-mallocr.o)
                0x00128d64                __malloc_trim_threshold
 .data.__malloc_lock_object
                0x00128d68        0xc c:/devkitpro/devkitarm/bin/../lib/gcc/arm-none-eabi/6.3.0/../../../../arm-none-eabi/lib/armv6k/fpu\libg.a(lib_a-mlock.o)
 .data.__global_locale
                0x00128d74      0x16c c:/devkitpro/devkitarm/bin/../lib/gcc/arm-none-eabi/6.3.0/../../../../arm-none-eabi/lib/armv6k/fpu\libg.a(lib_a-locale.o)
                0x00128d74                __global_locale
 .data.defaultDevice
                0x00128ee0        0x4 c:/devkitpro/devkitarm/bin/../lib/gcc/arm-none-eabi/6.3.0/../../../../arm-none-eabi/lib/armv6k/fpu\libsysbase.a(iosupport.o)
 .data.devoptab_list
                0x00128ee4       0x40 c:/devkitpro/devkitarm/bin/../lib/gcc/arm-none-eabi/6.3.0/../../../../arm-none-eabi/lib/armv6k/fpu\libsysbase.a(iosupport.o)
                0x00128ee4                devoptab_list
 .data._current_working_directory
                0x00128f24     0x1000 c:/devkitpro/devkitarm/bin/../lib/gcc/arm-none-eabi/6.3.0/../../../../arm-none-eabi/lib/armv6k/fpu\libsysbase.a(chdir.o)
 .data.__hndl_lock
                0x00129f24        0x4 c:/devkitpro/devkitarm/bin/../lib/gcc/arm-none-eabi/6.3.0/../../../../arm-none-eabi/lib/armv6k/fpu\libsysbase.a(handle_manager.o)
 .data.__stderr_handle
                0x00129f28        0xc c:/devkitpro/devkitarm/bin/../lib/gcc/arm-none-eabi/6.3.0/../../../../arm-none-eabi/lib/armv6k/fpu\libsysbase.a(handle_manager.o)
 .data.__stdin_handle
                0x00129f34        0xc c:/devkitpro/devkitarm/bin/../lib/gcc/arm-none-eabi/6.3.0/../../../../arm-none-eabi/lib/armv6k/fpu\libsysbase.a(handle_manager.o)
 .data.__stdout_handle
                0x00129f40        0xc c:/devkitpro/devkitarm/bin/../lib/gcc/arm-none-eabi/6.3.0/../../../../arm-none-eabi/lib/armv6k/fpu\libsysbase.a(handle_manager.o)
 .data.handles  0x00129f4c     0x1000 c:/devkitpro/devkitarm/bin/../lib/gcc/arm-none-eabi/6.3.0/../../../../arm-none-eabi/lib/armv6k/fpu\libsysbase.a(handle_manager.o)
 *(.gnu.linkonce.d*)
                0x0012af4c                . = ALIGN (0x4)

.igot.plt       0x0012af4c        0x0
 .igot.plt      0x0012af4c        0x0 c:/devkitpro/devkitarm/bin/../lib/gcc/arm-none-eabi/6.3.0/../../../../arm-none-eabi/lib/armv6k/fpu/3dsx_crt0.o

.jcr            0x0012af4c        0x0
 .jcr           0x0012af4c        0x0 c:/devkitpro/devkitarm/bin/../lib/gcc/arm-none-eabi/6.3.0/armv6k/fpu/crtbegin.o

.tm_clone_table
                0x0012af4c        0x0
 .tm_clone_table
                0x0012af4c        0x0 c:/devkitpro/devkitarm/bin/../lib/gcc/arm-none-eabi/6.3.0/armv6k/fpu/crtbegin.o