Archive member included to satisfy reference by file (symbol)

c:/devkitPro/libctru/lib\libctru.a(gfx.o)
                              main.o (gfxInitDefault)
c:/devkitPro/libctru/lib\libctru.a(console.o)
                              main.o (consoleInit)
c:/devkitPro/libctru/lib\libctru.a(gx.o)
                              c:/devkitPro/libctru/lib\libctru.a(gfx.o) (gxCmdBuf)
c:/devkitPro/libctru/lib\libctru.a(httpc.o)
                              main.o (httpcInit)
c:/devkitPro/libctru/lib\libctru.a(hid.o)
                              main.o (hidScanInput)
c:/devkitPro/libctru/lib\libctru.a(apt.o)
                              main.o (aptMainLoop)
c:/devkitPro/libctru/lib\libctru.a(gspgpu.o)
                              c:/devkitPro/libctru/lib\libctru.a(gfx.o) (gspInit)
c:/devkitPro/libctru/lib\libctru.a(irrst.o)
                              c:/devkitPro/libctru/lib\libctru.a(hid.o) (irrstScanInput)
c:/devkitPro/libctru/lib\libctru.a(initArgv.o)
                              c:/devkitpro/devkitarm/bin/../lib/gcc/arm-none-eabi/6.3.0/../../../../arm-none-eabi/lib/armv6k/fpu/3dsx_crt0.o (__system_argc)
c:/devkitPro/libctru/lib\libctru.a(initSystem.o)
                              c:/devkitPro/libctru/lib\libctru.a(apt.o) (__system_retAddr)
c:/devkitPro/libctru/lib\libctru.a(svc.o)
                              c:/devkitPro/libctru/lib\libctru.a(apt.o) (svcExitProcess)
c:/devkitPro/libctru/lib\libctru.a(stack_adjust.o)
                              c:/devkitpro/devkitarm/bin/../lib/gcc/arm-none-eabi/6.3.0/../../../../arm-none-eabi/lib/armv6k/fpu/3dsx_crt0.o (initSystem)
c:/devkitPro/libctru/lib\libctru.a(default_font.bin.o)
                              c:/devkitPro/libctru/lib\libctru.a(console.o) (default_font_bin)
c:/devkitPro/libctru/lib\libctru.a(linear.o)
                              c:/devkitPro/libctru/lib\libctru.a(gfx.o) (linearAlloc)
c:/devkitPro/libctru/lib\libctru.a(mappable.o)
                              c:/devkitPro/libctru/lib\libctru.a(gfx.o) (mappableAlloc)
c:/devkitPro/libctru/lib\libctru.a(vram.o)
                              c:/devkitPro/libctru/lib\libctru.a(gfx.o) (vramAlloc)
c:/devkitPro/libctru/lib\libctru.a(thread.o)
                              c:/devkitPro/libctru/lib\libctru.a(apt.o) (threadCreate)
c:/devkitPro/libctru/lib\libctru.a(srv.o)
                              c:/devkitPro/libctru/lib\libctru.a(apt.o) (srvInit)
c:/devkitPro/libctru/lib\libctru.a(os.o)
                              c:/devkitPro/libctru/lib\libctru.a(apt.o) (__ctru_speedup_config)
c:/devkitPro/libctru/lib\libctru.a(env.o)
                              c:/devkitPro/libctru/lib\libctru.a(irrst.o) (envGetHandle)
c:/devkitPro/libctru/lib\libctru.a(synchronization.o)
                              c:/devkitPro/libctru/lib\libctru.a(initSystem.o) (__sync_init)
c:/devkitPro/libctru/lib\libctru.a(ptmsysm.o)
                              c:/devkitPro/libctru/lib\libctru.a(os.o) (ptmSysmInit)
c:/devkitPro/libctru/lib\libctru.a(rbtree_find.o)
                              c:/devkitPro/libctru/lib\libctru.a(linear.o) (rbtree_find)
c:/devkitPro/libctru/lib\libctru.a(rbtree_remove.o)
                              c:/devkitPro/libctru/lib\libctru.a(linear.o) (rbtree_remove)
c:/devkitPro/libctru/lib\libctru.a(rbtree_iterator.o)
                              c:/devkitPro/libctru/lib\libctru.a(rbtree_remove.o) (rbtree_node_next)
c:/devkitPro/libctru/lib\libctru.a(rbtree_rotate.o)
                              c:/devkitPro/libctru/lib\libctru.a(rbtree_remove.o) (rbtree_rotate)
c:/devkitPro/libctru/lib\libctru.a(rbtree_insert.o)
                              c:/devkitPro/libctru/lib\libctru.a(linear.o) (rbtree_insert)
c:/devkitPro/libctru/lib\libctru.a(rbtree_init.o)
                              c:/devkitPro/libctru/lib\libctru.a(linear.o) (rbtree_init)
c:/devkitPro/libctru/lib\libctru.a(ctru_exit.o)
                              c:/devkitPro/libctru/lib\libctru.a(stack_adjust.o) (__libctru_exit)
c:/devkitPro/libctru/lib\libctru.a(appExit.o)
                              c:/devkitPro/libctru/lib\libctru.a(stack_adjust.o) (__appExit)
c:/devkitPro/libctru/lib\libctru.a(allocateHeaps.o)
                              c:/devkitPro/libctru/lib\libctru.a(initSystem.o) (__system_allocateHeaps)
c:/devkitPro/libctru/lib\libctru.a(syscalls.o)
                              c:/devkitPro/libctru/lib\libctru.a(initSystem.o) (__system_initSyscalls)
c:/devkitPro/libctru/lib\libctru.a(appInit.o)
                              c:/devkitPro/libctru/lib\libctru.a(stack_adjust.o) (__appInit)
c:/devkitPro/libctru/lib\libctru.a(mem_pool.o)
                              c:/devkitPro/libctru/lib\libctru.a(linear.o) (MemPool::Allocate(MemChunk&, unsigned long, int))
c:/devkitPro/libctru/lib\libctru.a(sdmc_dev.o)
                              c:/devkitPro/libctru/lib\libctru.a(appInit.o) (sdmcInit)
c:/devkitPro/libctru/lib\libctru.a(fs.o)
                              c:/devkitPro/libctru/lib\libctru.a(appInit.o) (fsInit)
[...]
Memory Configuration

Name             Origin             Length             Attributes
*default*        0x00000000         0xffffffff

Linker script and memory map

                0x00100000                PROVIDE (__start__, 0x100000)
                0x00100000                . = __start__

.text           0x00100000    0x224c4
 *(.crt0)
 .crt0          0x00100000       0x94 c:/devkitpro/devkitarm/bin/../lib/gcc/arm-none-eabi/6.3.0/../../../../arm-none-eabi/lib/armv6k/fpu/3dsx_crt0.o
                0x00100000                _start
                0x00100008                __service_ptr
                0x0010000c                __apt_appid
                0x00100010                __heap_size
                0x00100014                __linear_heap_size
                0x00100018                __system_arglist
                0x0010001c                __system_runflags
 *(.init)
 .init          0x00100094        0xc c:/devkitpro/devkitarm/bin/../lib/gcc/arm-none-eabi/6.3.0/armv6k/fpu/crti.o
                0x00100094                _init
 .init          0x001000a0        0xc c:/devkitpro/devkitarm/bin/../lib/gcc/arm-none-eabi/6.3.0/armv6k/fpu/crtn.o
                0x001000ac                . = ALIGN (0x4)
 *(.text)
 .text          0x001000ac       0x64 c:/devkitPro/libctru/lib\libctru.a(stack_adjust.o)
                0x001000ac                initSystem
                0x001000f0                __ctru_exit
 .text          0x00100110      0x240 c:/devkitpro/devkitarm/bin/../lib/gcc/arm-none-eabi/6.3.0/armv6k/fpu\libgcc.a(_divsi3.o)
                0x00100110                __divsi3
                0x00100110                __aeabi_idiv
                0x00100330                __aeabi_idivmod
 .text          0x00100350        0x4 c:/devkitpro/devkitarm/bin/../lib/gcc/arm-none-eabi/6.3.0/armv6k/fpu\libgcc.a(_dvmd_tls.o)
                0x00100350                __aeabi_idiv0
                0x00100350                __aeabi_ldiv0
 .text          0x00100354       0x3c c:/devkitpro/devkitarm/bin/../lib/gcc/arm-none-eabi/6.3.0/armv6k/fpu\libgcc.a(_aeabi_uldivmod.o)
                0x00100354                __aeabi_uldivmod
 *fill*         0x00100390       0x10 
 .text          0x001003a0      0x390 c:/devkitpro/devkitarm/bin/../lib/gcc/arm-none-eabi/6.3.0/../../../../arm-none-eabi/lib/armv6k/fpu\libg.a(lib_a-strcmp.o)
                0x001003a8                strcmp
 .text          0x00100730      0x20c c:/devkitpro/devkitarm/bin/../lib/gcc/arm-none-eabi/6.3.0/armv6k/fpu\libgcc.a(_udivsi3.o)
                0x00100730                __aeabi_uidiv
                0x00100730                __udivsi3
                0x0010091c                __aeabi_uidivmod
 *(.text.*)
 .text.deregister_tm_clones
                0x0010093c       0x30 c:/devkitpro/devkitarm/bin/../lib/gcc/arm-none-eabi/6.3.0/armv6k/fpu/crtbegin.o
 .text.register_tm_clones
                0x0010096c       0x38 c:/devkitpro/devkitarm/bin/../lib/gcc/arm-none-eabi/6.3.0/armv6k/fpu/crtbegin.o
 .text.__do_global_dtors_aux
                0x001009a4       0x44 c:/devkitpro/devkitarm/bin/../lib/gcc/arm-none-eabi/6.3.0/armv6k/fpu/crtbegin.o
 .text.frame_dummy
                0x001009e8       0x5c c:/devkitpro/devkitarm/bin/../lib/gcc/arm-none-eabi/6.3.0/armv6k/fpu/crtbegin.o
 .text.jsmn_parse
                0x00100a44      0x66c jsmn.o
                0x00100a44                jsmn_parse
 .text.jsmn_init
                0x001010b0       0x18 jsmn.o
                0x001010b0                jsmn_init
 .text.jsoneq   0x001010c8       0x64 main.o
 .text.http_download
                0x0010112c      0x3c0 main.o
                0x0010112c                http_download
 .text.CreateFiles
                0x001014ec      0x198 main.o
                0x001014ec                CreateFiles
 .text.DownloadPlugin
                0x00101684       0x98 main.o
                0x00101684                DownloadPlugin
 .text.readFile
                0x0010171c       0x78 main.o
                0x0010171c                readFile
 .text.downloadUpdate
                0x00101794      0x210 main.o
                0x00101794                downloadUpdate
 *fill*         0x001019a4        0x4 
 .text.startup.main
                0x001019a8      0x118 main.o
                0x001019a8                main
 .text.gfxSetFramebufferInfo.part.0
                0x00101ac0       0x8c c:/devkitPro/libctru/lib\libctru.a(gfx.o)
 .text.__get_bytes_per_pixel
                0x00101b4c       0x18 c:/devkitPro/libctru/lib\libctru.a(gfx.o)
                0x00101b4c                __get_bytes_per_pixel
 .text.gfxSetScreenFormat
                0x00101b64      0x174 c:/devkitPro/libctru/lib\libctru.a(gfx.o)
                0x00101b64                gfxSetScreenFormat
 .text.gfxSetDoubleBuffering
                0x00101cd8       0x14 c:/devkitPro/libctru/lib\libctru.a(gfx.o)
                0x00101cd8                gfxSetDoubleBuffering
 .text.gfxSetFramebufferInfo
                0x00101cec       0x70 c:/devkitPro/libctru/lib\libctru.a(gfx.o)
                0x00101cec                gfxSetFramebufferInfo
 .text.gfxWriteFramebufferInfo
                0x00101d5c       0x88 c:/devkitPro/libctru/lib\libctru.a(gfx.o)
                0x00101d5c                gfxWriteFramebufferInfo
 .text.gfxInit  0x00101de4      0x1fc c:/devkitPro/libctru/lib\libctru.a(gfx.o)
                0x00101de4                gfxInit
 .text.gfxInitDefault
                0x00101fe0       0x10 c:/devkitPro/libctru/lib\libctru.a(gfx.o)
                0x00101fe0                gfxInitDefault
 .text.gfxExit  0x00101ff0       0xe0 c:/devkitPro/libctru/lib\libctru.a(gfx.o)
                0x00101ff0                gfxExit
 .text.gfxGetFramebuffer
                0x001020d0       0xb0 c:/devkitPro/libctru/lib\libctru.a(gfx.o)
                0x001020d0                gfxGetFramebuffer
 .text.gfxFlushBuffers
                0x00102180       0xc8 c:/devkitPro/libctru/lib\libctru.a(gfx.o)
                0x00102180                gfxFlushBuffers
 .text.gfxConfigScreen
                0x00102248       0x70 c:/devkitPro/libctru/lib\libctru.a(gfx.o)
                0x00102248                gfxConfigScreen
 .text.gfxSwapBuffers
                0x001022b8       0x20 c:/devkitPro/libctru/lib\libctru.a(gfx.o)
                0x001022b8                gfxSwapBuffers
 .text.gfxSwapBuffersGpu
                0x001022d8       0x20 c:/devkitPro/libctru/lib\libctru.a(gfx.o)
                0x001022d8                gfxSwapBuffersGpu
 .text.debug_write
                0x001022f8       0x1c c:/devkitPro/libctru/lib\libctru.a(console.o)
                0x001022f8                debug_write
 .text.consoleDrawChar
                0x00102314      0x1b0 c:/devkitPro/libctru/lib\libctru.a(console.o)
                0x00102314                consoleDrawChar
 .text.consolePrintChar
                0x001024c4      0x124 c:/devkitPro/libctru/lib\libctru.a(console.o)
                0x001024c4                consolePrintChar
 .text.consoleCls
                0x001025e8      0x190 c:/devkitPro/libctru/lib\libctru.a(console.o)
 .text.consoleInit
                0x00102778       0xf8 c:/devkitPro/libctru/lib\libctru.a(console.o)
                0x00102778                consoleInit
 .text.consoleClearLine
                0x00102870      0x144 c:/devkitPro/libctru/lib\libctru.a(console.o)
 .text.newRow   0x001029b4       0xbc c:/devkitPro/libctru/lib\libctru.a(console.o)
 .text.con_write
                0x00102a70      0x79c c:/devkitPro/libctru/lib\libctru.a(console.o)
                0x00102a70                con_write
 .text.httpcInit
                0x0010320c      0x188 c:/devkitPro/libctru/lib\libctru.a(httpc.o)
                0x0010320c                httpcInit
 .text.httpcExit
                0x00103394       0x84 c:/devkitPro/libctru/lib\libctru.a(httpc.o)
                0x00103394                httpcExit
 .text.httpcOpenContext
                0x00103418      0x13c c:/devkitPro/libctru/lib\libctru.a(httpc.o)
                0x00103418                httpcOpenContext
 .text.httpcCloseContext
                0x00103554       0x44 c:/devkitPro/libctru/lib\libctru.a(httpc.o)
                0x00103554                httpcCloseContext
 .text.httpcAddRequestHeaderField
                0x00103598       0x80 c:/devkitPro/libctru/lib\libctru.a(httpc.o)
                0x00103598                httpcAddRequestHeaderField
 .text.httpcBeginRequest
                0x00103618       0x30 c:/devkitPro/libctru/lib\libctru.a(httpc.o)
                0x00103618                httpcBeginRequest
 .text.httpcReceiveData
                0x00103648       0x44 c:/devkitPro/libctru/lib\libctru.a(httpc.o)
                0x00103648                httpcReceiveData
 .text.httpcDownloadData
                0x0010368c      0x104 c:/devkitPro/libctru/lib\libctru.a(httpc.o)
                0x0010368c                httpcDownloadData
 .text.httpcGetDownloadSizeState
                0x00103790       0x54 c:/devkitPro/libctru/lib\libctru.a(httpc.o)
                0x00103790                httpcGetDownloadSizeState
 .text.httpcGetResponseHeader
                0x001037e4       0x78 c:/devkitPro/libctru/lib\libctru.a(httpc.o)
                0x001037e4                httpcGetResponseHeader
 .text.httpcGetResponseStatusCode
                0x0010385c       0x3c c:/devkitPro/libctru/lib\libctru.a(httpc.o)
                0x0010385c                httpcGetResponseStatusCode
 .text.httpcSetSSLOpt
                0x00103898       0x34 c:/devkitPro/libctru/lib\libctru.a(httpc.o)
                0x00103898                httpcSetSSLOpt
 .text.hidExit  0x001038cc       0xd0 c:/devkitPro/libctru/lib\libctru.a(hid.o)
                0x001038cc                hidExit
 .text.hidScanInput
                0x0010399c      0x234 c:/devkitPro/libctru/lib\libctru.a(hid.o)
                0x0010399c                hidScanInput
 .text.hidKeysDown
                0x00103bd0       0x10 c:/devkitPro/libctru/lib\libctru.a(hid.o)
                0x00103bd0                hidKeysDown
 .text.HIDUSER_GetHandles
                0x00103be0       0x90 c:/devkitPro/libctru/lib\libctru.a(hid.o)
                0x00103be0                HIDUSER_GetHandles
 .text.hidInit  0x00103c70      0x18c c:/devkitPro/libctru/lib\libctru.a(hid.o)
                0x00103c70                hidInit
 .text._aptDebug
                0x00103dfc        0x4 c:/devkitPro/libctru/lib\libctru.a(apt.o)
                0x00103dfc                _aptDebug
 .text.aptSendCommand
                0x00103e00      0x130 c:/devkitPro/libctru/lib\libctru.a(apt.o)
                0x00103e00                aptSendCommand
 .text.aptExitProcess
                0x00103f30       0x3c c:/devkitPro/libctru/lib\libctru.a(apt.o)
 .text.APT_InquireNotification
                0x00103f6c       0x4c c:/devkitPro/libctru/lib\libctru.a(apt.o)
                0x00103f6c                APT_InquireNotification
 .text.aptEventHandler
                0x00103fb8      0x19c c:/devkitPro/libctru/lib\libctru.a(apt.o)
 .text.APT_AppletUtility
                0x00104154       0x74 c:/devkitPro/libctru/lib\libctru.a(apt.o)
                0x00104154                APT_AppletUtility
 .text.aptSetSleepAllowed
                0x001041c8       0xb4 c:/devkitPro/libctru/lib\libctru.a(apt.o)
                0x001041c8                aptSetSleepAllowed
 .text.APT_GlanceParameter
                0x0010427c       0xb4 c:/devkitPro/libctru/lib\libctru.a(apt.o)
                0x0010427c                APT_GlanceParameter
 .text.APT_ReceiveParameter
                0x00104330       0xc0 c:/devkitPro/libctru/lib\libctru.a(apt.o)
                0x00104330                APT_ReceiveParameter
 .text.aptReceiveParameter.constprop.1
                0x001043f0       0xa8 c:/devkitPro/libctru/lib\libctru.a(apt.o)
 .text.aptScreenTransfer
                0x00104498      0x1ec c:/devkitPro/libctru/lib\libctru.a(apt.o)
 .text.aptWaitForWakeUp
                0x00104684      0x228 c:/devkitPro/libctru/lib\libctru.a(apt.o)
 .text.APT_CancelParameter
                0x001048ac       0x70 c:/devkitPro/libctru/lib\libctru.a(apt.o)
                0x001048ac                APT_CancelParameter
 .text.aptInit  0x0010491c      0x230 c:/devkitPro/libctru/lib\libctru.a(apt.o)
                0x0010491c                aptInit
 .text.aptClearParamQueue
                0x00104b4c       0x8c c:/devkitPro/libctru/lib\libctru.a(apt.o)
 .text.aptMainLoop
                0x00104bd8      0x214 c:/devkitPro/libctru/lib\libctru.a(apt.o)
                0x00104bd8                aptMainLoop
 .text.aptExit  0x00104dec      0x148 c:/devkitPro/libctru/lib\libctru.a(apt.o)
                0x00104dec                aptExit
 .text.APT_CheckNew3DS
                0x00104f34       0x70 c:/devkitPro/libctru/lib\libctru.a(apt.o)
                0x00104f34                APT_CheckNew3DS
 .text.gspEventThreadMain
                0x00104fa4      0x160 c:/devkitPro/libctru/lib\libctru.a(gspgpu.o)
 .text.gspInit  0x00105104       0x74 c:/devkitPro/libctru/lib\libctru.a(gspgpu.o)
                0x00105104                gspInit
 .text.gspExit  0x00105178       0x3c c:/devkitPro/libctru/lib\libctru.a(gspgpu.o)
                0x00105178                gspExit
 .text.gspInitEventHandler
                0x001051b4       0x88 c:/devkitPro/libctru/lib\libctru.a(gspgpu.o)
                0x001051b4                gspInitEventHandler
 .text.gspExitEventHandler
                0x0010523c       0x30 c:/devkitPro/libctru/lib\libctru.a(gspgpu.o)
                0x0010523c                gspExitEventHandler
 .text.gspWaitForEvent
                0x0010526c       0x44 c:/devkitPro/libctru/lib\libctru.a(gspgpu.o)
                0x0010526c                gspWaitForEvent
 .text.GSPGPU_SetBufferSwap
                0x001052b0       0x6c c:/devkitPro/libctru/lib\libctru.a(gspgpu.o)
                0x001052b0                GSPGPU_SetBufferSwap
 .text.GSPGPU_FlushDataCache
                0x0010531c       0x4c c:/devkitPro/libctru/lib\libctru.a(gspgpu.o)
                0x0010531c                GSPGPU_FlushDataCache
 .text.GSPGPU_SetLcdForceBlack
                0x00105368       0x34 c:/devkitPro/libctru/lib\libctru.a(gspgpu.o)
                0x00105368                GSPGPU_SetLcdForceBlack
 .text.GSPGPU_RegisterInterruptRelayQueue
                0x0010539c       0x64 c:/devkitPro/libctru/lib\libctru.a(gspgpu.o)
                0x0010539c                GSPGPU_RegisterInterruptRelayQueue
 .text.GSPGPU_UnregisterInterruptRelayQueue
                0x00105400       0x2c c:/devkitPro/libctru/lib\libctru.a(gspgpu.o)
                0x00105400                GSPGPU_UnregisterInterruptRelayQueue
 .text.GSPGPU_AcquireRight
                0x0010542c       0x48 c:/devkitPro/libctru/lib\libctru.a(gspgpu.o)
                0x0010542c                GSPGPU_AcquireRight
 .text.GSPGPU_ReleaseRight
                0x00105474       0x2c c:/devkitPro/libctru/lib\libctru.a(gspgpu.o)
                0x00105474                GSPGPU_ReleaseRight
 .text.GSPGPU_ImportDisplayCaptureInfo
                0x001054a0       0x80 c:/devkitPro/libctru/lib\libctru.a(gspgpu.o)
                0x001054a0                GSPGPU_ImportDisplayCaptureInfo
 .text.GSPGPU_SaveVramSysArea
                0x00105520       0x2c c:/devkitPro/libctru/lib\libctru.a(gspgpu.o)
                0x00105520                GSPGPU_SaveVramSysArea
 .text.GSPGPU_RestoreVramSysArea
                0x0010554c       0x2c c:/devkitPro/libctru/lib\libctru.a(gspgpu.o)
                0x0010554c                GSPGPU_RestoreVramSysArea
 .text.irrstScanInput
                0x00105578       0xb0 c:/devkitPro/libctru/lib\libctru.a(irrst.o)
                0x00105578                irrstScanInput
 .text.irrstKeysHeld
                0x00105628       0x1c c:/devkitPro/libctru/lib\libctru.a(irrst.o)
                0x00105628                irrstKeysHeld
 .text.IRRST_GetHandles
                0x00105644       0x50 c:/devkitPro/libctru/lib\libctru.a(irrst.o)
                0x00105644                IRRST_GetHandles
 .text.irrstInit
                0x00105694      0x150 c:/devkitPro/libctru/lib\libctru.a(irrst.o)
                0x00105694                irrstInit
 .text.IRRST_Shutdown
                0x001057e4       0x2c c:/devkitPro/libctru/lib\libctru.a(irrst.o)
                0x001057e4                IRRST_Shutdown
 .text.irrstExit
                0x00105810       0xac c:/devkitPro/libctru/lib\libctru.a(irrst.o)
                0x00105810                irrstExit
 .text.__system_initArgv
                0x001058bc       0xe8 c:/devkitPro/libctru/lib\libctru.a(initArgv.o)
                0x001058bc                __system_initArgv
 .text.__libctru_init
                0x001059a4       0x38 c:/devkitPro/libctru/lib\libctru.a(initSystem.o)
                0x001059a4                __libctru_init
 .text.svcControlMemory
                0x001059dc       0x20 c:/devkitPro/libctru/lib\libctru.a(svc.o)
                0x001059dc                svcControlMemory
 .text.svcExitProcess
                0x001059fc        0x8 c:/devkitPro/libctru/lib\libctru.a(svc.o)
                0x001059fc                svcExitProcess
 .text.svcCreateThread
                0x00105a04       0x20 c:/devkitPro/libctru/lib\libctru.a(svc.o)
                0x00105a04                svcCreateThread
 .text.svcExitThread
                0x00105a24        0x8 c:/devkitPro/libctru/lib\libctru.a(svc.o)
                0x00105a24                svcExitThread
 .text.svcSleepThread
                0x00105a2c        0x8 c:/devkitPro/libctru/lib\libctru.a(svc.o)
                0x00105a2c                svcSleepThread
 .text.svcReleaseMutex
                0x00105a34        0x8 c:/devkitPro/libctru/lib\libctru.a(svc.o)
                0x00105a34                svcReleaseMutex
 .text.svcCreateEvent
                0x00105a3c       0x14 c:/devkitPro/libctru/lib\libctru.a(svc.o)
                0x00105a3c                svcCreateEvent
 .text.svcSignalEvent
                0x00105a50        0x8 c:/devkitPro/libctru/lib\libctru.a(svc.o)
                0x00105a50                svcSignalEvent
 .text.svcClearEvent
                0x00105a58        0x8 c:/devkitPro/libctru/lib\libctru.a(svc.o)
                0x00105a58                svcClearEvent
 .text.svcCreateMemoryBlock
                0x00105a60       0x18 c:/devkitPro/libctru/lib\libctru.a(svc.o)
                0x00105a60                svcCreateMemoryBlock
 .text.svcMapMemoryBlock
                0x00105a78        0x8 c:/devkitPro/libctru/lib\libctru.a(svc.o)
                0x00105a78                svcMapMemoryBlock
 .text.svcUnmapMemoryBlock
                0x00105a80        0x8 c:/devkitPro/libctru/lib\libctru.a(svc.o)
                0x00105a80                svcUnmapMemoryBlock
 .text.svcCreateAddressArbiter
                0x00105a88       0x14 c:/devkitPro/libctru/lib\libctru.a(svc.o)
                0x00105a88                svcCreateAddressArbiter
 .text.svcArbitrateAddress
                0x00105a9c       0x18 c:/devkitPro/libctru/lib\libctru.a(svc.o)
                0x00105a9c                svcArbitrateAddress
 .text.svcCloseHandle
                0x00105ab4        0x8 c:/devkitPro/libctru/lib\libctru.a(svc.o)
                0x00105ab4                svcCloseHandle
 .text.svcWaitSynchronization
                0x00105abc        0x8 c:/devkitPro/libctru/lib\libctru.a(svc.o)
                0x00105abc                svcWaitSynchronization
 .text.svcWaitSynchronizationN
                0x00105ac4       0x28 c:/devkitPro/libctru/lib\libctru.a(svc.o)
                0x00105ac4                svcWaitSynchronizationN
 .text.svcDuplicateHandle
                0x00105aec       0x14 c:/devkitPro/libctru/lib\libctru.a(svc.o)
                0x00105aec                svcDuplicateHandle
 .text.svcGetSystemTick
                0x00105b00        0x8 c:/devkitPro/libctru/lib\libctru.a(svc.o)
                0x00105b00                svcGetSystemTick
 .text.svcGetSystemInfo
                0x00105b08       0x18 c:/devkitPro/libctru/lib\libctru.a(svc.o)
                0x00105b08                svcGetSystemInfo
 .text.svcConnectToPort
                0x00105b20       0x14 c:/devkitPro/libctru/lib\libctru.a(svc.o)
                0x00105b20                svcConnectToPort
 .text.svcSendSyncRequest
                0x00105b34        0x8 c:/devkitPro/libctru/lib\libctru.a(svc.o)
                0x00105b34                svcSendSyncRequest
 .text.svcBreak
                0x00105b3c        0x8 c:/devkitPro/libctru/lib\libctru.a(svc.o)
                0x00105b3c                svcBreak
 .text.svcOutputDebugString
                0x00105b44        0x8 c:/devkitPro/libctru/lib\libctru.a(svc.o)
                0x00105b44                svcOutputDebugString
 .text._ZL21addrMapNodeComparatorPK11rbtree_nodeS1_
                0x00105b4c       0x24 c:/devkitPro/libctru/lib\libctru.a(linear.o)
 .text._ZL21addrMapNodeDestructorP11rbtree_node
                0x00105b70        0x4 c:/devkitPro/libctru/lib\libctru.a(linear.o)
 .text.linearMemAlign
                0x00105b74      0x13c c:/devkitPro/libctru/lib\libctru.a(linear.o)
                0x00105b74                linearMemAlign
 .text.linearAlloc
                0x00105cb0        0x8 c:/devkitPro/libctru/lib\libctru.a(linear.o)
                0x00105cb0                linearAlloc
 .text.linearFree
                0x00105cb8       0x50 c:/devkitPro/libctru/lib\libctru.a(linear.o)
                0x00105cb8                linearFree
 .text._ZL21addrMapNodeComparatorPK11rbtree_nodeS1_
                0x00105d08       0x24 c:/devkitPro/libctru/lib\libctru.a(mappable.o)
 .text._ZL21addrMapNodeDestructorP11rbtree_node
                0x00105d2c        0x4 c:/devkitPro/libctru/lib\libctru.a(mappable.o)
 .text.mappableAlloc
                0x00105d30       0xf4 c:/devkitPro/libctru/lib\libctru.a(mappable.o)
                0x00105d30                mappableAlloc
 .text.mappableFree
                0x00105e24       0x50 c:/devkitPro/libctru/lib\libctru.a(mappable.o)
                0x00105e24                mappableFree
 .text._ZL21addrMapNodeComparatorPK11rbtree_nodeS1_
                0x00105e74       0x24 c:/devkitPro/libctru/lib\libctru.a(vram.o)
 .text._ZL21addrMapNodeDestructorP11rbtree_node
                0x00105e98        0x4 c:/devkitPro/libctru/lib\libctru.a(vram.o)
 .text.vramMemAlign
                0x00105e9c      0x12c c:/devkitPro/libctru/lib\libctru.a(vram.o)
                0x00105e9c                vramMemAlign
 .text.vramAlloc
                0x00105fc8        0x8 c:/devkitPro/libctru/lib\libctru.a(vram.o)
                0x00105fc8                vramAlloc
 .text.vramFree
                0x00105fd0       0x50 c:/devkitPro/libctru/lib\libctru.a(vram.o)
                0x00105fd0                vramFree
 .text.threadCreate
                0x00106020      0x1bc c:/devkitPro/libctru/lib\libctru.a(thread.o)
                0x00106020                threadCreate
 .text.threadJoin
                0x001061dc       0x24 c:/devkitPro/libctru/lib\libctru.a(thread.o)
                0x001061dc                threadJoin
 .text.threadExit
                0x00106200       0x70 c:/devkitPro/libctru/lib\libctru.a(thread.o)
                0x00106200                threadExit
 .text._thread_begin
                0x00106270       0x40 c:/devkitPro/libctru/lib\libctru.a(thread.o)
 .text.srvExit  0x001062b0       0x50 c:/devkitPro/libctru/lib\libctru.a(srv.o)
                0x001062b0                srvExit
 .text.srvRegisterClient
                0x00106300       0x38 c:/devkitPro/libctru/lib\libctru.a(srv.o)
                0x00106300                srvRegisterClient
 .text.srvInit  0x00106338       0x78 c:/devkitPro/libctru/lib\libctru.a(srv.o)
                0x00106338                srvInit
 .text.srvGetServiceHandleDirect
                0x001063b0       0x68 c:/devkitPro/libctru/lib\libctru.a(srv.o)
                0x001063b0                srvGetServiceHandleDirect
 .text.srvGetServiceHandle
                0x00106418       0x38 c:/devkitPro/libctru/lib\libctru.a(srv.o)
                0x00106418                srvGetServiceHandle
 .text.getSysTime
                0x00106450       0x58 c:/devkitPro/libctru/lib\libctru.a(os.o)
 .text.osGetMemRegionUsed
                0x001064a8       0x24 c:/devkitPro/libctru/lib\libctru.a(os.o)
                0x001064a8                osGetMemRegionUsed
 *fill*         0x001064cc        0x4 
 .text.__libctru_gtod
                0x001064d0       0xf4 c:/devkitPro/libctru/lib\libctru.a(os.o)
                0x001064d0                __libctru_gtod
 .text.__ctru_speedup_config
                0x001065c4       0x34 c:/devkitPro/libctru/lib\libctru.a(os.o)
                0x001065c4                __ctru_speedup_config
 .text.envGetHandle
                0x001065f8       0x84 c:/devkitPro/libctru/lib\libctru.a(env.o)
                0x001065f8                envGetHandle
 .text.envDestroyHandles
                0x0010667c       0x4c c:/devkitPro/libctru/lib\libctru.a(env.o)
                0x0010667c                envDestroyHandles
 .text.LightLock_Unlock.part.1
                0x001066c8       0x34 c:/devkitPro/libctru/lib\libctru.a(synchronization.o)
 .text.__sync_init
                0x001066fc        0xc c:/devkitPro/libctru/lib\libctru.a(synchronization.o)
                0x001066fc                __sync_init
 .text.__sync_fini
                0x00106708       0x18 c:/devkitPro/libctru/lib\libctru.a(synchronization.o)
                0x00106708                __sync_fini
 .text.__sync_get_arbiter
                0x00106720       0x10 c:/devkitPro/libctru/lib\libctru.a(synchronization.o)
                0x00106720                __sync_get_arbiter
 .text.LightLock_Init
                0x00106730       0x18 c:/devkitPro/libctru/lib\libctru.a(synchronization.o)
                0x00106730                LightLock_Init
 .text.LightLock_Lock
                0x00106748       0xa0 c:/devkitPro/libctru/lib\libctru.a(synchronization.o)
                0x00106748                LightLock_Lock
 .text.LightLock_TryLock
                0x001067e8       0x34 c:/devkitPro/libctru/lib\libctru.a(synchronization.o)
                0x001067e8                LightLock_TryLock
 .text.LightLock_Unlock
                0x0010681c       0x20 c:/devkitPro/libctru/lib\libctru.a(synchronization.o)
                0x0010681c                LightLock_Unlock
 .text.RecursiveLock_Init
                0x0010683c       0x24 c:/devkitPro/libctru/lib\libctru.a(synchronization.o)
                0x0010683c                RecursiveLock_Init
 .text.RecursiveLock_Lock
                0x00106860       0x30 c:/devkitPro/libctru/lib\libctru.a(synchronization.o)
                0x00106860                RecursiveLock_Lock
 .text.RecursiveLock_TryLock
                0x00106890       0x58 c:/devkitPro/libctru/lib\libctru.a(synchronization.o)
                0x00106890                RecursiveLock_TryLock
 .text.RecursiveLock_Unlock
                0x001068e8       0x38 c:/devkitPro/libctru/lib\libctru.a(synchronization.o)
                0x001068e8                RecursiveLock_Unlock
 .text.LightEvent_Init
                0x00106920       0x38 c:/devkitPro/libctru/lib\libctru.a(synchronization.o)
                0x00106920                LightEvent_Init
 .text.LightEvent_Clear
                0x00106958       0x7c c:/devkitPro/libctru/lib\libctru.a(synchronization.o)
                0x00106958                LightEvent_Clear
 .text.LightEvent_Signal
                0x001069d4       0xdc c:/devkitPro/libctru/lib\libctru.a(synchronization.o)
                0x001069d4                LightEvent_Signal
 .text.LightEvent_Wait
                0x00106ab0       0xd0 c:/devkitPro/libctru/lib\libctru.a(synchronization.o)
                0x00106ab0                LightEvent_Wait
 .text.ptmSysmInit
                0x00106b80       0x70 c:/devkitPro/libctru/lib\libctru.a(ptmsysm.o)
                0x00106b80                ptmSysmInit
 .text.ptmSysmExit
                0x00106bf0       0x34 c:/devkitPro/libctru/lib\libctru.a(ptmsysm.o)
                0x00106bf0                ptmSysmExit
 .text.PTMSYSM_ConfigureNew3DSCPU
                0x00106c24       0x34 c:/devkitPro/libctru/lib\libctru.a(ptmsysm.o)
                0x00106c24                PTMSYSM_ConfigureNew3DSCPU
 .text.rbtree_find
                0x00106c58       0x70 c:/devkitPro/libctru/lib\libctru.a(rbtree_find.o)
                0x00106c58                rbtree_find
 .text.rbtree_remove
                0x00106cc8      0x324 c:/devkitPro/libctru/lib\libctru.a(rbtree_remove.o)
                0x00106cc8                rbtree_remove
 .text.rbtree_node_next
                0x00106fec       0x74 c:/devkitPro/libctru/lib\libctru.a(rbtree_iterator.o)
                0x00106fec                rbtree_node_next
 .text.rbtree_rotate
                0x00107060       0x94 c:/devkitPro/libctru/lib\libctru.a(rbtree_rotate.o)
                0x00107060                rbtree_rotate
 .text.do_insert
                0x001070f4      0x18c c:/devkitPro/libctru/lib\libctru.a(rbtree_insert.o)
 .text.rbtree_insert
                0x00107280        0x8 c:/devkitPro/libctru/lib\libctru.a(rbtree_insert.o)
                0x00107280                rbtree_insert
 .text.rbtree_init
                0x00107288       0x14 c:/devkitPro/libctru/lib\libctru.a(rbtree_init.o)
                0x00107288                rbtree_init
 .text.__libctru_exit
                0x0010729c       0xa4 c:/devkitPro/libctru/lib\libctru.a(ctru_exit.o)
                0x0010729c                __libctru_exit
 .text.__appExit
                0x00107340       0x1c c:/devkitPro/libctru/lib\libctru.a(appExit.o)
                0x00107340                __appExit
 .text.osGetMemRegionSize
                0x0010735c       0x58 c:/devkitPro/libctru/lib\libctru.a(allocateHeaps.o)
 .text.__system_allocateHeaps
                0x001073b4      0x104 c:/devkitPro/libctru/lib\libctru.a(allocateHeaps.o)
                0x001073b4                __system_allocateHeaps
 .text.__ctru_get_reent
                0x001074b8       0x30 c:/devkitPro/libctru/lib\libctru.a(syscalls.o)
 .text.__system_initSyscalls
                0x001074e8       0xe4 c:/devkitPro/libctru/lib\libctru.a(syscalls.o)
                0x001074e8                __system_initSyscalls
 .text.__appInit
                0x001075cc       0x1c c:/devkitPro/libctru/lib\libctru.a(appInit.o)
                0x001075cc                __appInit
 .text._ZN7MemPool13CoalesceRightEP8MemBlock
                0x001075e8       0x98 c:/devkitPro/libctru/lib\libctru.a(mem_pool.o)
                0x001075e8                MemPool::CoalesceRight(MemBlock*)
 .text._ZN7MemPool8AllocateER8MemChunkmi
                0x00107680      0x178 c:/devkitPro/libctru/lib\libctru.a(mem_pool.o)
                0x00107680                MemPool::Allocate(MemChunk&, unsigned long, int)
 .text._ZN7MemPool10DeallocateERK8MemChunk
                0x001077f8      0x100 c:/devkitPro/libctru/lib\libctru.a(mem_pool.o)
                0x001077f8                MemPool::Deallocate(MemChunk const&)
 .text.sdmc_link
                0x001078f8       0x10 c:/devkitPro/libctru/lib\libctru.a(sdmc_dev.o)
 .text.sdmc_dirreset
                0x00107908       0x10 c:/devkitPro/libctru/lib\libctru.a(sdmc_dev.o)
 .text.sdmc_fchmod
                0x00107918       0x10 c:/devkitPro/libctru/lib\libctru.a(sdmc_dev.o)
 .text.error_cmp
                0x00107928       0x24 c:/devkitPro/libctru/lib\libctru.a(sdmc_dev.o)
 .text.sdmc_translate_error
                0x0010794c       0x50 c:/devkitPro/libctru/lib\libctru.a(sdmc_dev.o)
 .text.sdmc_fsync
                0x0010799c       0x34 c:/devkitPro/libctru/lib\libctru.a(sdmc_dev.o)
 .text.sdmc_ftruncate
                0x001079d0       0x54 c:/devkitPro/libctru/lib\libctru.a(sdmc_dev.o)
 .text.sdmc_statvfs
                0x00107a24       0xb8 c:/devkitPro/libctru/lib\libctru.a(sdmc_dev.o)
 .text.sdmc_dirclose
                0x00107adc       0x38 c:/devkitPro/libctru/lib\libctru.a(sdmc_dev.o)
 .text.sdmc_dirnext
                0x00107b14      0x138 c:/devkitPro/libctru/lib\libctru.a(sdmc_dev.o)
 .text.sdmc_close
                0x00107c4c       0x34 c:/devkitPro/libctru/lib\libctru.a(sdmc_dev.o)
 .text.sdmc_fstat
                0x00107c80       0x74 c:/devkitPro/libctru/lib\libctru.a(sdmc_dev.o)
 .text.sdmc_seek
                0x00107cf4       0xd8 c:/devkitPro/libctru/lib\libctru.a(sdmc_dev.o)
 .text.sdmc_read
                0x00107dcc       0x84 c:/devkitPro/libctru/lib\libctru.a(sdmc_dev.o)
 .text.sdmc_write
                0x00107e50       0xb8 c:/devkitPro/libctru/lib\libctru.a(sdmc_dev.o)
 .text.sdmc_utf16path
                0x00107f08      0x1b4 c:/devkitPro/libctru/lib\libctru.a(sdmc_dev.o)
 .text.sdmc_rmdir
                0x001080bc       0x74 c:/devkitPro/libctru/lib\libctru.a(sdmc_dev.o)
 .text.sdmc_diropen
                0x00108130       0xa4 c:/devkitPro/libctru/lib\libctru.a(sdmc_dev.o)
 .text.sdmc_chdir
                0x001081d4       0xa0 c:/devkitPro/libctru/lib\libctru.a(sdmc_dev.o)
 .text.sdmc_mkdir
                0x00108274       0x98 c:/devkitPro/libctru/lib\libctru.a(sdmc_dev.o)
 .text.sdmc_rename
                0x0010830c      0x108 c:/devkitPro/libctru/lib\libctru.a(sdmc_dev.o)
 .text.sdmc_unlink
                0x00108414       0x74 c:/devkitPro/libctru/lib\libctru.a(sdmc_dev.o)
 .text.sdmc_stat
                0x00108488      0x108 c:/devkitPro/libctru/lib\libctru.a(sdmc_dev.o)
 .text.sdmc_open
                0x00108590      0x188 c:/devkitPro/libctru/lib\libctru.a(sdmc_dev.o)
 .text.sdmc_chmod
                0x00108718       0x10 c:/devkitPro/libctru/lib\libctru.a(sdmc_dev.o)
 .text.sdmcInit
                0x00108728      0x15c c:/devkitPro/libctru/lib\libctru.a(sdmc_dev.o)
                0x00108728                sdmcInit
 .text.sdmcExit
                0x00108884       0x58 c:/devkitPro/libctru/lib\libctru.a(sdmc_dev.o)
                0x00108884                sdmcExit
 .text.fsSessionForArchive.part.0
                0x001088dc       0x28 c:/devkitPro/libctru/lib\libctru.a(fs.o)
 .text.fsInit   0x00108904       0xc8 c:/devkitPro/libctru/lib\libctru.a(fs.o)
                0x00108904                fsInit
 .text.fsExit   0x001089cc       0x38 c:/devkitPro/libctru/lib\libctru.a(fs.o)
                0x001089cc                fsExit
 .text.fsExemptFromSession
                0x00108a04       0xa0 c:/devkitPro/libctru/lib\libctru.a(fs.o)
                0x00108a04                fsExemptFromSession
 .text.fsUnexemptFromSession
                0x00108aa4       0x54 c:/devkitPro/libctru/lib\libctru.a(fs.o)
                0x00108aa4                fsUnexemptFromSession
 .text.FSUSER_OpenFile
                0x00108af8       0xbc c:/devkitPro/libctru/lib\libctru.a(fs.o)
                0x00108af8                FSUSER_OpenFile
 .text.FSUSER_DeleteFile
                0x00108bb4       0xa4 c:/devkitPro/libctru/lib\libctru.a(fs.o)
                0x00108bb4                FSUSER_DeleteFile
 .text.FSUSER_RenameFile
                0x00108c58       0xe0 c:/devkitPro/libctru/lib\libctru.a(fs.o)
                0x00108c58                FSUSER_RenameFile
 .text.FSUSER_DeleteDirectory
                0x00108d38       0xa4 c:/devkitPro/libctru/lib\libctru.a(fs.o)
                0x00108d38                FSUSER_DeleteDirectory
 .text.FSUSER_CreateFile
                0x00108ddc       0xbc c:/devkitPro/libctru/lib\libctru.a(fs.o)
                0x00108ddc                FSUSER_CreateFile
 .text.FSUSER_CreateDirectory
                0x00108e98       0xac c:/devkitPro/libctru/lib\libctru.a(fs.o)
                0x00108e98                FSUSER_CreateDirectory
 .text.FSUSER_RenameDirectory
                0x00108f44       0xe0 c:/devkitPro/libctru/lib\libctru.a(fs.o)
                0x00108f44                FSUSER_RenameDirectory
 .text.FSUSER_OpenDirectory
                0x00109024       0xa4 c:/devkitPro/libctru/lib\libctru.a(fs.o)
                0x00109024                FSUSER_OpenDirectory
 .text.FSUSER_OpenArchive
                0x001090c8       0x98 c:/devkitPro/libctru/lib\libctru.a(fs.o)
                0x001090c8                FSUSER_OpenArchive
 .text.FSUSER_CloseArchive
                0x00109160       0x74 c:/devkitPro/libctru/lib\libctru.a(fs.o)
                0x00109160                FSUSER_CloseArchive
 .text.FSUSER_GetSdmcArchiveResource
                0x001091d4       0x78 c:/devkitPro/libctru/lib\libctru.a(fs.o)
                0x001091d4                FSUSER_GetSdmcArchiveResource
 .text.FSUSER_IsSdmcWritable
                0x0010924c       0x64 c:/devkitPro/libctru/lib\libctru.a(fs.o)
                0x0010924c                FSUSER_IsSdmcWritable
 .text.FSFILE_Read
                0x001092b0       0x5c c:/devkitPro/libctru/lib\libctru.a(fs.o)
                0x001092b0                FSFILE_Read
 .text.FSFILE_Write
                0x0010930c       0x64 c:/devkitPro/libctru/lib\libctru.a(fs.o)
                0x0010930c                FSFILE_Write
 .text.FSFILE_GetSize
                0x00109370       0x3c c:/devkitPro/libctru/lib\libctru.a(fs.o)
                0x00109370                FSFILE_GetSize
 .text.FSFILE_SetSize
                0x001093ac       0x2c c:/devkitPro/libctru/lib\libctru.a(fs.o)
                0x001093ac                FSFILE_SetSize
 .text.FSFILE_Close
                0x001093d8       0x3c c:/devkitPro/libctru/lib\libctru.a(fs.o)
                0x001093d8                FSFILE_Close
 .text.FSFILE_Flush
                0x00109414       0x24 c:/devkitPro/libctru/lib\libctru.a(fs.o)
                0x00109414                FSFILE_Flush
 .text.FSDIR_Read
                0x00109438       0x54 c:/devkitPro/libctru/lib\libctru.a(fs.o)
                0x00109438                FSDIR_Read
 .text.FSDIR_Close
                0x0010948c       0x3c c:/devkitPro/libctru/lib\libctru.a(fs.o)
                0x0010948c                FSDIR_Close
 .text.utf8_to_utf16
                0x001094c8       0xc0 c:/devkitPro/libctru/lib\libctru.a(utf8_to_utf16.o)
                0x001094c8                utf8_to_utf16
 .text.decode_utf8
                0x00109588      0x138 c:/devkitPro/libctru/lib\libctru.a(decode_utf8.o)
                0x00109588                decode_utf8
 .text.utf16_to_utf8
                0x001096c0       0xe8 c:/devkitPro/libctru/lib\libctru.a(utf16_to_utf8.o)
                0x001096c0                utf16_to_utf8
 .text.encode_utf8
                0x001097a8      0x104 c:/devkitPro/libctru/lib\libctru.a(encode_utf8.o)
                0x001097a8                encode_utf8
 .text.encode_utf16
                0x001098ac       0x68 c:/devkitPro/libctru/lib\libctru.a(encode_utf16.o)
                0x001098ac                encode_utf16
 .text.__aeabi_read_tp
                0x00109914        0xc c:/devkitPro/libctru/lib\libctru.a(readtp.o)
                0x00109914                __aeabi_read_tp
 .text.decode_utf16
                0x00109920       0x60 c:/devkitPro/libctru/lib\libctru.a(decode_utf16.o)
                0x00109920                decode_utf16
 .text.__udivmoddi4
                0x00109980      0x128 c:/devkitpro/devkitarm/bin/../lib/gcc/arm-none-eabi/6.3.0/armv6k/fpu\libgcc.a(_udivmoddi4.o)
                0x00109980                __udivmoddi4
 .text.bsearch  0x00109aa8       0x74 c:/devkitpro/devkitarm/bin/../lib/gcc/arm-none-eabi/6.3.0/../../../../arm-none-eabi/lib/armv6k/fpu\libg.a(lib_a-bsearch.o)
                0x00109aa8                bsearch
 .text.calloc   0x00109b1c       0x20 c:/devkitpro/devkitarm/bin/../lib/gcc/arm-none-eabi/6.3.0/../../../../arm-none-eabi/lib/armv6k/fpu\libg.a(lib_a-calloc.o)
                0x00109b1c                calloc
 .text._calloc_r
                0x00109b3c       0x90 c:/devkitpro/devkitarm/bin/../lib/gcc/arm-none-eabi/6.3.0/../../../../arm-none-eabi/lib/armv6k/fpu\libg.a(lib_a-callocr.o)
                0x00109b3c                _calloc_r
 .text.__errno  0x00109bcc        0xc c:/devkitpro/devkitarm/bin/../lib/gcc/arm-none-eabi/6.3.0/../../../../arm-none-eabi/lib/armv6k/fpu\libg.a(lib_a-errno.o)
                0x00109bcc                __errno
 .text._fclose_r
                0x00109bd8      0x154 c:/devkitpro/devkitarm/bin/../lib/gcc/arm-none-eabi/6.3.0/../../../../arm-none-eabi/lib/armv6k/fpu\libg.a(lib_a-fclose.o)
                0x00109bd8                _fclose_r
 .text.fclose   0x00109d2c       0x18 c:/devkitpro/devkitarm/bin/../lib/gcc/arm-none-eabi/6.3.0/../../../../arm-none-eabi/lib/armv6k/fpu\libg.a(lib_a-fclose.o)
                0x00109d2c                fclose
 .text.__sflush_r
                0x00109d44      0x254 c:/devkitpro/devkitarm/bin/../lib/gcc/arm-none-eabi/6.3.0/../../../../arm-none-eabi/lib/armv6k/fpu\libg.a(lib_a-fflush.o)
                0x00109d44                __sflush_r
 .text._fflush_r
                0x00109f98       0x94 c:/devkitpro/devkitarm/bin/../lib/gcc/arm-none-eabi/6.3.0/../../../../arm-none-eabi/lib/armv6k/fpu\libg.a(lib_a-fflush.o)
                0x00109f98                _fflush_r
 .text.fflush   0x0010a02c       0x38 c:/devkitpro/devkitarm/bin/../lib/gcc/arm-none-eabi/6.3.0/../../../../arm-none-eabi/lib/armv6k/fpu\libg.a(lib_a-fflush.o)
                0x0010a02c                fflush
 .text._cleanup_r
                0x0010a064        0xc c:/devkitpro/devkitarm/bin/../lib/gcc/arm-none-eabi/6.3.0/../../../../arm-none-eabi/lib/armv6k/fpu\libg.a(lib_a-findfp.o)
                0x0010a064                _cleanup_r
 .text.std.isra.0
                0x0010a070       0x80 c:/devkitpro/devkitarm/bin/../lib/gcc/arm-none-eabi/6.3.0/../../../../arm-none-eabi/lib/armv6k/fpu\libg.a(lib_a-findfp.o)
 .text.__sfmoreglue
                0x0010a0f0       0x48 c:/devkitpro/devkitarm/bin/../lib/gcc/arm-none-eabi/6.3.0/../../../../arm-none-eabi/lib/armv6k/fpu\libg.a(lib_a-findfp.o)
                0x0010a0f0                __sfmoreglue
 .text.__sinit  0x0010a138       0x8c c:/devkitpro/devkitarm/bin/../lib/gcc/arm-none-eabi/6.3.0/../../../../arm-none-eabi/lib/armv6k/fpu\libg.a(lib_a-findfp.o)
                0x0010a138                __sinit
 .text.__sfp    0x0010a1c4      0x118 c:/devkitpro/devkitarm/bin/../lib/gcc/arm-none-eabi/6.3.0/../../../../arm-none-eabi/lib/armv6k/fpu\libg.a(lib_a-findfp.o)
                0x0010a1c4                __sfp
 .text.__sfp_lock_acquire
                0x0010a2dc        0xc c:/devkitpro/devkitarm/bin/../lib/gcc/arm-none-eabi/6.3.0/../../../../arm-none-eabi/lib/armv6k/fpu\libg.a(lib_a-findfp.o)
                0x0010a2dc                __sfp_lock_acquire
 .text.__sfp_lock_release
                0x0010a2e8        0xc c:/devkitpro/devkitarm/bin/../lib/gcc/arm-none-eabi/6.3.0/../../../../arm-none-eabi/lib/armv6k/fpu\libg.a(lib_a-findfp.o)
                0x0010a2e8                __sfp_lock_release
 .text.__libc_fini_array
                0x0010a2f4       0x40 c:/devkitpro/devkitarm/bin/../lib/gcc/arm-none-eabi/6.3.0/../../../../arm-none-eabi/lib/armv6k/fpu\libg.a(lib_a-fini.o)
                0x0010a2f4                __libc_fini_array
 .text._fopen_r
                0x0010a334      0x148 c:/devkitpro/devkitarm/bin/../lib/gcc/arm-none-eabi/6.3.0/../../../../arm-none-eabi/lib/armv6k/fpu\libg.a(lib_a-fopen.o)
                0x0010a334                _fopen_r
 .text.fopen    0x0010a47c       0x20 c:/devkitpro/devkitarm/bin/../lib/gcc/arm-none-eabi/6.3.0/../../../../arm-none-eabi/lib/armv6k/fpu\libg.a(lib_a-fopen.o)
                0x0010a47c                fopen
 .text._fread_r
                0x0010a49c      0x2d4 c:/devkitpro/devkitarm/bin/../lib/gcc/arm-none-eabi/6.3.0/../../../../arm-none-eabi/lib/armv6k/fpu\libg.a(lib_a-fread.o)
                0x0010a49c                _fread_r
 .text.fread    0x0010a770       0x38 c:/devkitpro/devkitarm/bin/../lib/gcc/arm-none-eabi/6.3.0/../../../../arm-none-eabi/lib/armv6k/fpu\libg.a(lib_a-fread.o)
                0x0010a770                fread
 .text._malloc_trim_r
                0x0010a7a8       0xf8 c:/devkitpro/devkitarm/bin/../lib/gcc/arm-none-eabi/6.3.0/../../../../arm-none-eabi/lib/armv6k/fpu\libg.a(lib_a-freer.o)
                0x0010a7a8                _malloc_trim_r
 .text._free_r  0x0010a8a0      0x2e4 c:/devkitpro/devkitarm/bin/../lib/gcc/arm-none-eabi/6.3.0/../../../../arm-none-eabi/lib/armv6k/fpu\libg.a(lib_a-freer.o)
                0x0010a8a0                _free_r
 .text._fseek_r
                0x0010ab84        0x4 c:/devkitpro/devkitarm/bin/../lib/gcc/arm-none-eabi/6.3.0/../../../../arm-none-eabi/lib/armv6k/fpu\libg.a(lib_a-fseek.o)
                0x0010ab84                _fseek_r
 .text.fseek    0x0010ab88       0x30 c:/devkitpro/devkitarm/bin/../lib/gcc/arm-none-eabi/6.3.0/../../../../arm-none-eabi/lib/armv6k/fpu\libg.a(lib_a-fseek.o)
                0x0010ab88                fseek
 .text._fseeko_r
                0x0010abb8      0x5d4 c:/devkitpro/devkitarm/bin/../lib/gcc/arm-none-eabi/6.3.0/../../../../arm-none-eabi/lib/armv6k/fpu\libg.a(lib_a-fseeko.o)
                0x0010abb8                _fseeko_r
 .text.ftell    0x0010b18c       0x34 c:/devkitpro/devkitarm/bin/../lib/gcc/arm-none-eabi/6.3.0/../../../../arm-none-eabi/lib/armv6k/fpu\libg.a(lib_a-ftell.o)
                0x0010b18c                ftell
 .text._ftello_r
                0x0010b1c0      0x1a0 c:/devkitpro/devkitarm/bin/../lib/gcc/arm-none-eabi/6.3.0/../../../../arm-none-eabi/lib/armv6k/fpu\libg.a(lib_a-ftello.o)
                0x0010b1c0                _ftello_r
 .text._fwalk   0x0010b360       0x78 c:/devkitpro/devkitarm/bin/../lib/gcc/arm-none-eabi/6.3.0/../../../../arm-none-eabi/lib/armv6k/fpu\libg.a(lib_a-fwalk.o)
                0x0010b360                _fwalk
 .text._fwalk_reent
                0x0010b3d8       0x80 c:/devkitpro/devkitarm/bin/../lib/gcc/arm-none-eabi/6.3.0/../../../../arm-none-eabi/lib/armv6k/fpu\libg.a(lib_a-fwalk.o)
                0x0010b3d8                _fwalk_reent
 .text._fwrite_r
                0x0010b458       0xf4 c:/devkitpro/devkitarm/bin/../lib/gcc/arm-none-eabi/6.3.0/../../../../arm-none-eabi/lib/armv6k/fpu\libg.a(lib_a-fwrite.o)
                0x0010b458                _fwrite_r
 .text.fwrite   0x0010b54c       0x38 c:/devkitpro/devkitarm/bin/../lib/gcc/arm-none-eabi/6.3.0/../../../../arm-none-eabi/lib/armv6k/fpu\libg.a(lib_a-fwrite.o)
                0x0010b54c                fwrite
 .text.__libc_init_array
                0x0010b584       0x78 c:/devkitpro/devkitarm/bin/../lib/gcc/arm-none-eabi/6.3.0/../../../../arm-none-eabi/lib/armv6k/fpu\libg.a(lib_a-init.o)
                0x0010b584                __libc_init_array
 .text.__swhatbuf_r
                0x0010b5fc       0x94 c:/devkitpro/devkitarm/bin/../lib/gcc/arm-none-eabi/6.3.0/../../../../arm-none-eabi/lib/armv6k/fpu\libg.a(lib_a-makebuf.o)
                0x0010b5fc                __swhatbuf_r
 .text.__smakebuf_r
                0x0010b690       0xf4 c:/devkitpro/devkitarm/bin/../lib/gcc/arm-none-eabi/6.3.0/../../../../arm-none-eabi/lib/armv6k/fpu\libg.a(lib_a-makebuf.o)
                0x0010b690                __smakebuf_r
 .text.memalign
                0x0010b784       0x20 c:/devkitpro/devkitarm/bin/../lib/gcc/arm-none-eabi/6.3.0/../../../../arm-none-eabi/lib/armv6k/fpu\libg.a(lib_a-malign.o)
                0x0010b784                memalign
 .text._memalign_r
                0x0010b7a4      0x158 c:/devkitpro/devkitarm/bin/../lib/gcc/arm-none-eabi/6.3.0/../../../../arm-none-eabi/lib/armv6k/fpu\libg.a(lib_a-malignr.o)
                0x0010b7a4                _memalign_r
 .text.malloc   0x0010b8fc       0x18 c:/devkitpro/devkitarm/bin/../lib/gcc/arm-none-eabi/6.3.0/../../../../arm-none-eabi/lib/armv6k/fpu\libg.a(lib_a-malloc.o)
                0x0010b8fc                malloc
 .text.free     0x0010b914       0x18 c:/devkitpro/devkitarm/bin/../lib/gcc/arm-none-eabi/6.3.0/../../../../arm-none-eabi/lib/armv6k/fpu\libg.a(lib_a-malloc.o)
                0x0010b914                free
 .text._malloc_r
                0x0010b92c      0x78c c:/devkitpro/devkitarm/bin/../lib/gcc/arm-none-eabi/6.3.0/../../../../arm-none-eabi/lib/armv6k/fpu\libg.a(lib_a-mallocr.o)
                0x0010b92c                _malloc_r
 .text.memchr   0x0010c0b8      0x104 c:/devkitpro/devkitarm/bin/../lib/gcc/arm-none-eabi/6.3.0/../../../../arm-none-eabi/lib/armv6k/fpu\libg.a(lib_a-memchr-stub.o)
                0x0010c0b8                memchr
 .text.memcpy   0x0010c1bc      0x114 c:/devkitpro/devkitarm/bin/../lib/gcc/arm-none-eabi/6.3.0/../../../../arm-none-eabi/lib/armv6k/fpu\libg.a(lib_a-memcpy-stub.o)
                0x0010c1bc                memcpy
 .text.memset   0x0010c2d0      0x110 c:/devkitpro/devkitarm/bin/../lib/gcc/arm-none-eabi/6.3.0/../../../../arm-none-eabi/lib/armv6k/fpu\libg.a(lib_a-memset.o)
                0x0010c2d0                memset
 .text.__malloc_lock
                0x0010c3e0        0xc c:/devkitpro/devkitarm/bin/../lib/gcc/arm-none-eabi/6.3.0/../../../../arm-none-eabi/lib/armv6k/fpu\libg.a(lib_a-mlock.o)
                0x0010c3e0                __malloc_lock
 .text.__malloc_unlock
                0x0010c3ec        0xc c:/devkitpro/devkitarm/bin/../lib/gcc/arm-none-eabi/6.3.0/../../../../arm-none-eabi/lib/armv6k/fpu\libg.a(lib_a-mlock.o)
                0x0010c3ec                __malloc_unlock
 .text.printf   0x0010c3f8       0x38 c:/devkitpro/devkitarm/bin/../lib/gcc/arm-none-eabi/6.3.0/../../../../arm-none-eabi/lib/armv6k/fpu\libg.a(lib_a-printf.o)
                0x0010c3f8                printf
 .text.putchar  0x0010c430       0x1c c:/devkitpro/devkitarm/bin/../lib/gcc/arm-none-eabi/6.3.0/../../../../arm-none-eabi/lib/armv6k/fpu\libg.a(lib_a-putchar.o)
                0x0010c430                putchar
 .text._putc_r  0x0010c44c       0xd4 c:/devkitpro/devkitarm/bin/../lib/gcc/arm-none-eabi/6.3.0/../../../../arm-none-eabi/lib/armv6k/fpu\libg.a(lib_a-putc.o)
                0x0010c44c                _putc_r
 .text._puts_r  0x0010c520       0xe0 c:/devkitpro/devkitarm/bin/../lib/gcc/arm-none-eabi/6.3.0/../../../../arm-none-eabi/lib/armv6k/fpu\libg.a(lib_a-puts.o)
                0x0010c520                _puts_r
 .text.puts     0x0010c600       0x18 c:/devkitpro/devkitarm/bin/../lib/gcc/arm-none-eabi/6.3.0/../../../../arm-none-eabi/lib/armv6k/fpu\libg.a(lib_a-puts.o)
                0x0010c600                puts
 .text.realloc  0x0010c618       0x20 c:/devkitpro/devkitarm/bin/../lib/gcc/arm-none-eabi/6.3.0/../../../../arm-none-eabi/lib/armv6k/fpu\libg.a(lib_a-realloc.o)
                0x0010c618                realloc
 .text._realloc_r
                0x0010c638      0x4cc c:/devkitpro/devkitarm/bin/../lib/gcc/arm-none-eabi/6.3.0/../../../../arm-none-eabi/lib/armv6k/fpu\libg.a(lib_a-reallocr.o)
                0x0010c638                _realloc_r
 .text.lflush   0x0010cb04       0x1c c:/devkitpro/devkitarm/bin/../lib/gcc/arm-none-eabi/6.3.0/../../../../arm-none-eabi/lib/armv6k/fpu\libg.a(lib_a-refill.o)
 .text.__srefill_r
                0x0010cb20      0x1b4 c:/devkitpro/devkitarm/bin/../lib/gcc/arm-none-eabi/6.3.0/../../../../arm-none-eabi/lib/armv6k/fpu\libg.a(lib_a-refill.o)
                0x0010cb20                __srefill_r
 .text.remove   0x0010ccd4       0x28 c:/devkitpro/devkitarm/bin/../lib/gcc/arm-none-eabi/6.3.0/../../../../arm-none-eabi/lib/armv6k/fpu\libg.a(lib_a-remove.o)
                0x0010ccd4                remove
 .text.rewind   0x0010ccfc       0x3c c:/devkitpro/devkitarm/bin/../lib/gcc/arm-none-eabi/6.3.0/../../../../arm-none-eabi/lib/armv6k/fpu\libg.a(lib_a-rewind.o)
                0x0010ccfc                rewind
 .text.setvbuf  0x0010cd38      0x258 c:/devkitpro/devkitarm/bin/../lib/gcc/arm-none-eabi/6.3.0/../../../../arm-none-eabi/lib/armv6k/fpu\libg.a(lib_a-setvbuf.o)
                0x0010cd38                setvbuf
 .text.sscanf   0x0010cf90       0x74 c:/devkitpro/devkitarm/bin/../lib/gcc/arm-none-eabi/6.3.0/../../../../arm-none-eabi/lib/armv6k/fpu\libg.a(lib_a-sscanf.o)
                0x0010cf90                sscanf
 .text.__sread  0x0010d004       0x3c c:/devkitpro/devkitarm/bin/../lib/gcc/arm-none-eabi/6.3.0/../../../../arm-none-eabi/lib/armv6k/fpu\libg.a(lib_a-stdio.o)
                0x0010d004                __sread
 .text.__seofread
                0x0010d040        0x8 c:/devkitpro/devkitarm/bin/../lib/gcc/arm-none-eabi/6.3.0/../../../../arm-none-eabi/lib/armv6k/fpu\libg.a(lib_a-stdio.o)
                0x0010d040                __seofread
 .text.__swrite
                0x0010d048       0x64 c:/devkitpro/devkitarm/bin/../lib/gcc/arm-none-eabi/6.3.0/../../../../arm-none-eabi/lib/armv6k/fpu\libg.a(lib_a-stdio.o)
                0x0010d048                __swrite
 .text.__sseek  0x0010d0ac       0x4c c:/devkitpro/devkitarm/bin/../lib/gcc/arm-none-eabi/6.3.0/../../../../arm-none-eabi/lib/armv6k/fpu\libg.a(lib_a-stdio.o)
                0x0010d0ac                __sseek
 .text.__sclose
                0x0010d0f8        0x8 c:/devkitpro/devkitarm/bin/../lib/gcc/arm-none-eabi/6.3.0/../../../../arm-none-eabi/lib/armv6k/fpu\libg.a(lib_a-stdio.o)
                0x0010d0f8                __sclose
 .text.strlen   0x0010d100       0x5c c:/devkitpro/devkitarm/bin/../lib/gcc/arm-none-eabi/6.3.0/../../../../arm-none-eabi/lib/armv6k/fpu\libg.a(lib_a-strlen-stub.o)
                0x0010d100                strlen
 .text.strncat  0x0010d15c       0x9c c:/devkitpro/devkitarm/bin/../lib/gcc/arm-none-eabi/6.3.0/../../../../arm-none-eabi/lib/armv6k/fpu\libg.a(lib_a-strncat.o)
                0x0010d15c                strncat
 .text.strncmp  0x0010d1f8      0x108 c:/devkitpro/devkitarm/bin/../lib/gcc/arm-none-eabi/6.3.0/../../../../arm-none-eabi/lib/armv6k/fpu\libg.a(lib_a-strncmp.o)
                0x0010d1f8                strncmp
 .text.strncpy  0x0010d300       0xd8 c:/devkitpro/devkitarm/bin/../lib/gcc/arm-none-eabi/6.3.0/../../../../arm-none-eabi/lib/armv6k/fpu\libg.a(lib_a-strncpy.o)
                0x0010d300                strncpy
 .text.__ssvfscanf_r
                0x0010d3d8     0x290c c:/devkitpro/devkitarm/bin/../lib/gcc/arm-none-eabi/6.3.0/../../../../arm-none-eabi/lib/armv6k/fpu\libg.a(lib_a-svfscanf.o)
                0x0010d3d8                __ssvfscanf_r
 .text.stat     0x0010fce4       0x20 c:/devkitpro/devkitarm/bin/../lib/gcc/arm-none-eabi/6.3.0/../../../../arm-none-eabi/lib/armv6k/fpu\libg.a(lib_a-sysstat.o)
                0x0010fce4                stat
 .text.__sprint_r.part.0
                0x0010fd04       0x1c c:/devkitpro/devkitarm/bin/../lib/gcc/arm-none-eabi/6.3.0/../../../../arm-none-eabi/lib/armv6k/fpu\libg.a(lib_a-vfiprintf.o)
 .text.__sprint_r
                0x0010fd20       0x1c c:/devkitpro/devkitarm/bin/../lib/gcc/arm-none-eabi/6.3.0/../../../../arm-none-eabi/lib/armv6k/fpu\libg.a(lib_a-vfiprintf.o)
                0x0010fd20                __sprint_r
 .text.get_arg  0x0010fd3c     0x1624 c:/devkitpro/devkitarm/bin/../lib/gcc/arm-none-eabi/6.3.0/../../../../arm-none-eabi/lib/armv6k/fpu\libg.a(lib_a-vfprintf.o)
 .text._vfprintf_r
                0x00111360     0x4314 c:/devkitpro/devkitarm/bin/../lib/gcc/arm-none-eabi/6.3.0/../../../../arm-none-eabi/lib/armv6k/fpu\libg.a(lib_a-vfprintf.o)
                0x00111360                _vfprintf_r
 .text.__sbprintf
                0x00115674       0xcc c:/devkitpro/devkitarm/bin/../lib/gcc/arm-none-eabi/6.3.0/../../../../arm-none-eabi/lib/armv6k/fpu\libg.a(lib_a-vfprintf.o)
 .text.__swbuf_r
                0x00115740      0x108 c:/devkitpro/devkitarm/bin/../lib/gcc/arm-none-eabi/6.3.0/../../../../arm-none-eabi/lib/armv6k/fpu\libg.a(lib_a-wbuf.o)
                0x00115740                __swbuf_r
 .text._wcrtomb_r
                0x00115848       0xa0 c:/devkitpro/devkitarm/bin/../lib/gcc/arm-none-eabi/6.3.0/../../../../arm-none-eabi/lib/armv6k/fpu\libg.a(lib_a-wcrtomb.o)
                0x00115848                _wcrtomb_r
 .text._wcsrtombs_r
                0x001158e8       0x20 c:/devkitpro/devkitarm/bin/../lib/gcc/arm-none-eabi/6.3.0/../../../../arm-none-eabi/lib/armv6k/fpu\libg.a(lib_a-wcsrtombs.o)
                0x001158e8                _wcsrtombs_r
 .text.__swsetup_r
                0x00115908      0x144 c:/devkitpro/devkitarm/bin/../lib/gcc/arm-none-eabi/6.3.0/../../../../arm-none-eabi/lib/armv6k/fpu\libg.a(lib_a-wsetup.o)
                0x00115908                __swsetup_r
 .text.quorem   0x00115a4c      0x1d0 c:/devkitpro/devkitarm/bin/../lib/gcc/arm-none-eabi/6.3.0/../../../../arm-none-eabi/lib/armv6k/fpu\libg.a(lib_a-dtoa.o)
 *fill*         0x00115c1c        0x4 
 .text._dtoa_r  0x00115c20     0x1260 c:/devkitpro/devkitarm/bin/../lib/gcc/arm-none-eabi/6.3.0/../../../../arm-none-eabi/lib/armv6k/fpu\libg.a(lib_a-dtoa.o)
                0x00115c20                _dtoa_r
 .text.__sflags
                0x00116e80       0xb0 c:/devkitpro/devkitarm/bin/../lib/gcc/arm-none-eabi/6.3.0/../../../../arm-none-eabi/lib/armv6k/fpu\libg.a(lib_a-flags.o)
                0x00116e80                __sflags
 .text.__sfvwrite_r
                0x00116f30      0x4ac c:/devkitpro/devkitarm/bin/../lib/gcc/arm-none-eabi/6.3.0/../../../../arm-none-eabi/lib/armv6k/fpu\libg.a(lib_a-fvwrite.o)
                0x00116f30                __sfvwrite_r
 .text.iswspace
                0x001173dc       0x74 c:/devkitpro/devkitarm/bin/../lib/gcc/arm-none-eabi/6.3.0/../../../../arm-none-eabi/lib/armv6k/fpu\libg.a(lib_a-iswspace.o)
                0x001173dc                iswspace
 .text.__jp2uc  0x00117450      0x204 c:/devkitpro/devkitarm/bin/../lib/gcc/arm-none-eabi/6.3.0/../../../../arm-none-eabi/lib/armv6k/fpu\libg.a(lib_a-jp2uc.o)
 .text._jp2uc   0x00117654       0xc8 c:/devkitpro/devkitarm/bin/../lib/gcc/arm-none-eabi/6.3.0/../../../../arm-none-eabi/lib/armv6k/fpu\libg.a(lib_a-jp2uc.o)
                0x00117654                _jp2uc
 .text.__localeconv_l
                0x0011771c        0x8 c:/devkitpro/devkitarm/bin/../lib/gcc/arm-none-eabi/6.3.0/../../../../arm-none-eabi/lib/armv6k/fpu\libg.a(lib_a-localeconv.o)
                0x0011771c                __localeconv_l
 .text._localeconv_r
                0x00117724       0x24 c:/devkitpro/devkitarm/bin/../lib/gcc/arm-none-eabi/6.3.0/../../../../arm-none-eabi/lib/armv6k/fpu\libg.a(lib_a-localeconv.o)
                0x00117724                _localeconv_r
 .text.__locale_mb_cur_max
                0x00117748       0x24 c:/devkitpro/devkitarm/bin/../lib/gcc/arm-none-eabi/6.3.0/../../../../arm-none-eabi/lib/armv6k/fpu\libg.a(lib_a-locale.o)
                0x00117748                __locale_mb_cur_max
 .text.__locale_ctype_ptr_l
                0x0011776c        0x8 c:/devkitpro/devkitarm/bin/../lib/gcc/arm-none-eabi/6.3.0/../../../../arm-none-eabi/lib/armv6k/fpu\libg.a(lib_a-locale.o)
                0x0011776c                __locale_ctype_ptr_l
 .text.__locale_ctype_ptr
                0x00117774       0x24 c:/devkitpro/devkitarm/bin/../lib/gcc/arm-none-eabi/6.3.0/../../../../arm-none-eabi/lib/armv6k/fpu\libg.a(lib_a-locale.o)
                0x00117774                __locale_ctype_ptr
 .text._mbrtowc_r
                0x00117798       0xb4 c:/devkitpro/devkitarm/bin/../lib/gcc/arm-none-eabi/6.3.0/../../../../arm-none-eabi/lib/armv6k/fpu\libg.a(lib_a-mbrtowc.o)
                0x00117798                _mbrtowc_r
 .text.__utf8_mbtowc
                0x0011784c      0x300 c:/devkitpro/devkitarm/bin/../lib/gcc/arm-none-eabi/6.3.0/../../../../arm-none-eabi/lib/armv6k/fpu\libg.a(lib_a-mbtowc_r.o)
                0x0011784c                __utf8_mbtowc
 .text.memmove  0x00117b4c      0x148 c:/devkitpro/devkitarm/bin/../lib/gcc/arm-none-eabi/6.3.0/../../../../arm-none-eabi/lib/armv6k/fpu\libg.a(lib_a-memmove.o)
                0x00117b4c                memmove
 .text._Balloc  0x00117c94       0x88 c:/devkitpro/devkitarm/bin/../lib/gcc/arm-none-eabi/6.3.0/../../../../arm-none-eabi/lib/armv6k/fpu\libg.a(lib_a-mprec.o)
                0x00117c94                _Balloc
 .text._Bfree   0x00117d1c       0x1c c:/devkitpro/devkitarm/bin/../lib/gcc/arm-none-eabi/6.3.0/../../../../arm-none-eabi/lib/armv6k/fpu\libg.a(lib_a-mprec.o)
                0x00117d1c                _Bfree
 .text.__multadd
                0x00117d38       0xd8 c:/devkitpro/devkitarm/bin/../lib/gcc/arm-none-eabi/6.3.0/../../../../arm-none-eabi/lib/armv6k/fpu\libg.a(lib_a-mprec.o)
                0x00117d38                __multadd
 .text.__s2b    0x00117e10       0xf0 c:/devkitpro/devkitarm/bin/../lib/gcc/arm-none-eabi/6.3.0/../../../../arm-none-eabi/lib/armv6k/fpu\libg.a(lib_a-mprec.o)
                0x00117e10                __s2b
 .text.__hi0bits
                0x00117f00       0x58 c:/devkitpro/devkitarm/bin/../lib/gcc/arm-none-eabi/6.3.0/../../../../arm-none-eabi/lib/armv6k/fpu\libg.a(lib_a-mprec.o)
                0x00117f00                __hi0bits
 .text.__lo0bits
                0x00117f58       0x9c c:/devkitpro/devkitarm/bin/../lib/gcc/arm-none-eabi/6.3.0/../../../../arm-none-eabi/lib/armv6k/fpu\libg.a(lib_a-mprec.o)
                0x00117f58                __lo0bits
 .text.__i2b    0x00117ff4       0x20 c:/devkitpro/devkitarm/bin/../lib/gcc/arm-none-eabi/6.3.0/../../../../arm-none-eabi/lib/armv6k/fpu\libg.a(lib_a-mprec.o)
                0x00117ff4                __i2b
 .text.__multiply
                0x00118014      0x1cc c:/devkitpro/devkitarm/bin/../lib/gcc/arm-none-eabi/6.3.0/../../../../arm-none-eabi/lib/armv6k/fpu\libg.a(lib_a-mprec.o)
                0x00118014                __multiply
 .text.__pow5mult
                0x001181e0      0x100 c:/devkitpro/devkitarm/bin/../lib/gcc/arm-none-eabi/6.3.0/../../../../arm-none-eabi/lib/armv6k/fpu\libg.a(lib_a-mprec.o)
                0x001181e0                __pow5mult
 .text.__lshift
                0x001182e0       0xe4 c:/devkitpro/devkitarm/bin/../lib/gcc/arm-none-eabi/6.3.0/../../../../arm-none-eabi/lib/armv6k/fpu\libg.a(lib_a-mprec.o)
                0x001182e0                __lshift
 .text.__mcmp   0x001183c4       0x60 c:/devkitpro/devkitarm/bin/../lib/gcc/arm-none-eabi/6.3.0/../../../../arm-none-eabi/lib/armv6k/fpu\libg.a(lib_a-mprec.o)
                0x001183c4                __mcmp
 .text.__mdiff  0x00118424      0x198 c:/devkitpro/devkitarm/bin/../lib/gcc/arm-none-eabi/6.3.0/../../../../arm-none-eabi/lib/armv6k/fpu\libg.a(lib_a-mprec.o)
                0x00118424                __mdiff
 .text.__ulp    0x001185bc       0x78 c:/devkitpro/devkitarm/bin/../lib/gcc/arm-none-eabi/6.3.0/../../../../arm-none-eabi/lib/armv6k/fpu\libg.a(lib_a-mprec.o)
                0x001185bc                __ulp
 .text.__b2d    0x00118634       0xd4 c:/devkitpro/devkitarm/bin/../lib/gcc/arm-none-eabi/6.3.0/../../../../arm-none-eabi/lib/armv6k/fpu\libg.a(lib_a-mprec.o)
                0x00118634                __b2d
 .text.__d2b    0x00118708      0x108 c:/devkitpro/devkitarm/bin/../lib/gcc/arm-none-eabi/6.3.0/../../../../arm-none-eabi/lib/armv6k/fpu\libg.a(lib_a-mprec.o)
                0x00118708                __d2b
 .text.__ratio  0x00118810       0x7c c:/devkitpro/devkitarm/bin/../lib/gcc/arm-none-eabi/6.3.0/../../../../arm-none-eabi/lib/armv6k/fpu\libg.a(lib_a-mprec.o)
                0x00118810                __ratio
 .text.__copybits
                0x0011888c       0x6c c:/devkitpro/devkitarm/bin/../lib/gcc/arm-none-eabi/6.3.0/../../../../arm-none-eabi/lib/armv6k/fpu\libg.a(lib_a-mprec.o)
                0x0011888c                __copybits
 .text.__any_on
                0x001188f8       0x80 c:/devkitpro/devkitarm/bin/../lib/gcc/arm-none-eabi/6.3.0/../../../../arm-none-eabi/lib/armv6k/fpu\libg.a(lib_a-mprec.o)
                0x001188f8                __any_on
 .text.__sccl   0x00118978       0xcc c:/devkitpro/devkitarm/bin/../lib/gcc/arm-none-eabi/6.3.0/../../../../arm-none-eabi/lib/armv6k/fpu\libg.a(lib_a-sccl.o)
                0x00118978                __sccl
 .text.nanf     0x00118a44        0xc c:/devkitpro/devkitarm/bin/../lib/gcc/arm-none-eabi/6.3.0/../../../../arm-none-eabi/lib/armv6k/fpu\libg.a(lib_a-sf_nan.o)
                0x00118a44                nanf
 .text.frexp    0x00118a50       0x9c c:/devkitpro/devkitarm/bin/../lib/gcc/arm-none-eabi/6.3.0/../../../../arm-none-eabi/lib/armv6k/fpu\libg.a(lib_a-s_frexp.o)
                0x00118a50                frexp
 .text.sprintf  0x00118aec       0x68 c:/devkitpro/devkitarm/bin/../lib/gcc/arm-none-eabi/6.3.0/../../../../arm-none-eabi/lib/armv6k/fpu\libg.a(lib_a-sprintf.o)
                0x00118aec                sprintf
 .text.stpncpy  0x00118b54      0x100 c:/devkitpro/devkitarm/bin/../lib/gcc/arm-none-eabi/6.3.0/../../../../arm-none-eabi/lib/armv6k/fpu\libg.a(lib_a-stpncpy.o)
                0x00118b54                stpncpy
 .text.strchr   0x00118c54      0x1ac c:/devkitpro/devkitarm/bin/../lib/gcc/arm-none-eabi/6.3.0/../../../../arm-none-eabi/lib/armv6k/fpu\libg.a(lib_a-strchr.o)
                0x00118c54                strchr
 .text.unlikely.sulp
                0x00118e00       0x54 c:/devkitpro/devkitarm/bin/../lib/gcc/arm-none-eabi/6.3.0/../../../../arm-none-eabi/lib/armv6k/fpu\libg.a(lib_a-strtod.o)
 *fill*         0x00118e54        0x4 
 .text._strtod_l
                0x00118e58     0x1434 c:/devkitpro/devkitarm/bin/../lib/gcc/arm-none-eabi/6.3.0/../../../../arm-none-eabi/lib/armv6k/fpu\libg.a(lib_a-strtod.o)
                0x00118e58                _strtod_l
 .text._strtod_r
                0x0011a28c       0x3c c:/devkitpro/devkitarm/bin/../lib/gcc/arm-none-eabi/6.3.0/../../../../arm-none-eabi/lib/armv6k/fpu\libg.a(lib_a-strtod.o)
                0x0011a28c                _strtod_r
 .text._strtoll_l.isra.0
                0x0011a2c8      0x2dc c:/devkitpro/devkitarm/bin/../lib/gcc/arm-none-eabi/6.3.0/../../../../arm-none-eabi/lib/armv6k/fpu\libg.a(lib_a-strtoll.o)
 .text._strtoll_r
                0x0011a5a4       0x50 c:/devkitpro/devkitarm/bin/../lib/gcc/arm-none-eabi/6.3.0/../../../../arm-none-eabi/lib/armv6k/fpu\libg.a(lib_a-strtoll.o)
                0x0011a5a4                _strtoll_r
 .text._strtol_l.isra.0
                0x0011a5f4      0x220 c:/devkitpro/devkitarm/bin/../lib/gcc/arm-none-eabi/6.3.0/../../../../arm-none-eabi/lib/armv6k/fpu\libg.a(lib_a-strtol.o)
 .text._strtol_r
                0x0011a814       0x50 c:/devkitpro/devkitarm/bin/../lib/gcc/arm-none-eabi/6.3.0/../../../../arm-none-eabi/lib/armv6k/fpu\libg.a(lib_a-strtol.o)
                0x0011a814                _strtol_r
 *fill*         0x0011a864        0x4 
 .text._strtoull_l.isra.0
                0x0011a868      0x268 c:/devkitpro/devkitarm/bin/../lib/gcc/arm-none-eabi/6.3.0/../../../../arm-none-eabi/lib/armv6k/fpu\libg.a(lib_a-strtoull.o)
 .text._strtoull_r
                0x0011aad0       0x50 c:/devkitpro/devkitarm/bin/../lib/gcc/arm-none-eabi/6.3.0/../../../../arm-none-eabi/lib/armv6k/fpu\libg.a(lib_a-strtoull.o)
                0x0011aad0                _strtoull_r
 .text._strtoul_l.isra.0
                0x0011ab20      0x1e4 c:/devkitpro/devkitarm/bin/../lib/gcc/arm-none-eabi/6.3.0/../../../../arm-none-eabi/lib/armv6k/fpu\libg.a(lib_a-strtoul.o)
 .text._strtoul_r
                0x0011ad04       0x50 c:/devkitpro/devkitarm/bin/../lib/gcc/arm-none-eabi/6.3.0/../../../../arm-none-eabi/lib/armv6k/fpu\libg.a(lib_a-strtoul.o)
                0x0011ad04                _strtoul_r
 .text.__ssprint_r
                0x0011ad54      0x188 c:/devkitpro/devkitarm/bin/../lib/gcc/arm-none-eabi/6.3.0/../../../../arm-none-eabi/lib/armv6k/fpu\libg.a(lib_a-svfiprintf.o)
                0x0011ad54                __ssprint_r
 .text._sungetc_r
                0x0011aedc       0xe8 c:/devkitpro/devkitarm/bin/../lib/gcc/arm-none-eabi/6.3.0/../../../../arm-none-eabi/lib/armv6k/fpu\libg.a(lib_a-svfiscanf.o)
                0x0011aedc                _sungetc_r
 .text.__ssrefill_r
                0x0011afc4       0x6c c:/devkitpro/devkitarm/bin/../lib/gcc/arm-none-eabi/6.3.0/../../../../arm-none-eabi/lib/armv6k/fpu\libg.a(lib_a-svfiscanf.o)
                0x0011afc4                __ssrefill_r
 .text._sfread_r
                0x0011b030       0xd0 c:/devkitpro/devkitarm/bin/../lib/gcc/arm-none-eabi/6.3.0/../../../../arm-none-eabi/lib/armv6k/fpu\libg.a(lib_a-svfiscanf.o)
                0x0011b030                _sfread_r
 .text.get_arg  0x0011b100     0x1624 c:/devkitpro/devkitarm/bin/../lib/gcc/arm-none-eabi/6.3.0/../../../../arm-none-eabi/lib/armv6k/fpu\libg.a(lib_a-svfprintf.o)
 *fill*         0x0011c724        0x4 
 .text._svfprintf_r
                0x0011c728     0x41c4 c:/devkitpro/devkitarm/bin/../lib/gcc/arm-none-eabi/6.3.0/../../../../arm-none-eabi/lib/armv6k/fpu\libg.a(lib_a-svfprintf.o)
                0x0011c728                _svfprintf_r
 .text.__submore
                0x001208ec       0xa8 c:/devkitpro/devkitarm/bin/../lib/gcc/arm-none-eabi/6.3.0/../../../../arm-none-eabi/lib/armv6k/fpu\libg.a(lib_a-ungetc.o)
                0x001208ec                __submore
 .text._wcsnrtombs_l
                0x00120994      0x174 c:/devkitpro/devkitarm/bin/../lib/gcc/arm-none-eabi/6.3.0/../../../../arm-none-eabi/lib/armv6k/fpu\libg.a(lib_a-wcsnrtombs.o)
                0x00120994                _wcsnrtombs_l
 .text._wcsnrtombs_r
                0x00120b08       0x64 c:/devkitpro/devkitarm/bin/../lib/gcc/arm-none-eabi/6.3.0/../../../../arm-none-eabi/lib/armv6k/fpu\libg.a(lib_a-wcsnrtombs.o)
                0x00120b08                _wcsnrtombs_r
 .text.__utf8_wctomb
                0x00120b6c       0xe8 c:/devkitpro/devkitarm/bin/../lib/gcc/arm-none-eabi/6.3.0/../../../../arm-none-eabi/lib/armv6k/fpu\libg.a(lib_a-wctomb_r.o)
                0x00120b6c                __utf8_wctomb
 .text.rshift   0x00120c54       0xf0 c:/devkitpro/devkitarm/bin/../lib/gcc/arm-none-eabi/6.3.0/../../../../arm-none-eabi/lib/armv6k/fpu\libg.a(lib_a-gdtoa-gethex.o)
 .text.__gethex
                0x00120d44      0x7f4 c:/devkitpro/devkitarm/bin/../lib/gcc/arm-none-eabi/6.3.0/../../../../arm-none-eabi/lib/armv6k/fpu\libg.a(lib_a-gdtoa-gethex.o)
                0x00120d44                __gethex
 .text.__match  0x00121538       0x64 c:/devkitpro/devkitarm/bin/../lib/gcc/arm-none-eabi/6.3.0/../../../../arm-none-eabi/lib/armv6k/fpu\libg.a(lib_a-gdtoa-hexnan.o)
                0x00121538                __match
 .text.__hexnan
                0x0012159c      0x264 c:/devkitpro/devkitarm/bin/../lib/gcc/arm-none-eabi/6.3.0/../../../../arm-none-eabi/lib/armv6k/fpu\libg.a(lib_a-gdtoa-hexnan.o)
                0x0012159c                __hexnan
 .text.null_write
                0x00121800        0x8 c:/devkitpro/devkitarm/bin/../lib/gcc/arm-none-eabi/6.3.0/../../../../arm-none-eabi/lib/armv6k/fpu\libsysbase.a(iosupport.o)
 .text.setDefaultDevice
                0x00121808       0x18 c:/devkitpro/devkitarm/bin/../lib/gcc/arm-none-eabi/6.3.0/../../../../arm-none-eabi/lib/armv6k/fpu\libsysbase.a(iosupport.o)
                0x00121808                setDefaultDevice
 .text.FindDevice
                0x00121820       0xcc c:/devkitpro/devkitarm/bin/../lib/gcc/arm-none-eabi/6.3.0/../../../../arm-none-eabi/lib/armv6k/fpu\libsysbase.a(iosupport.o)
                0x00121820                FindDevice
 .text.RemoveDevice
                0x001218ec       0x28 c:/devkitpro/devkitarm/bin/../lib/gcc/arm-none-eabi/6.3.0/../../../../arm-none-eabi/lib/armv6k/fpu\libsysbase.a(iosupport.o)
                0x001218ec                RemoveDevice
 .text.AddDevice
                0x00121914       0x98 c:/devkitpro/devkitarm/bin/../lib/gcc/arm-none-eabi/6.3.0/../../../../arm-none-eabi/lib/armv6k/fpu\libsysbase.a(iosupport.o)
                0x00121914                AddDevice
 .text._close_r
                0x001219ac       0x84 c:/devkitpro/devkitarm/bin/../lib/gcc/arm-none-eabi/6.3.0/../../../../arm-none-eabi/lib/armv6k/fpu\libsysbase.a(close.o)
                0x001219ac                _close_r
 .text._fstat_r
                0x00121a30       0x7c c:/devkitpro/devkitarm/bin/../lib/gcc/arm-none-eabi/6.3.0/../../../../arm-none-eabi/lib/armv6k/fpu\libsysbase.a(fstat.o)
                0x00121a30                _fstat_r
 .text._isatty_r
                0x00121aac        0x8 c:/devkitpro/devkitarm/bin/../lib/gcc/arm-none-eabi/6.3.0/../../../../arm-none-eabi/lib/armv6k/fpu\libsysbase.a(isatty.o)
                0x00121aac                _isatty_r
 .text._lseek_r
                0x00121ab4       0x90 c:/devkitpro/devkitarm/bin/../lib/gcc/arm-none-eabi/6.3.0/../../../../arm-none-eabi/lib/armv6k/fpu\libsysbase.a(lseek.o)
                0x00121ab4                _lseek_r
 .text._open_r  0x00121b44       0xc0 c:/devkitpro/devkitarm/bin/../lib/gcc/arm-none-eabi/6.3.0/../../../../arm-none-eabi/lib/armv6k/fpu\libsysbase.a(open.o)
                0x00121b44                _open_r
 .text._read_r  0x00121c04       0x88 c:/devkitpro/devkitarm/bin/../lib/gcc/arm-none-eabi/6.3.0/../../../../arm-none-eabi/lib/armv6k/fpu\libsysbase.a(read.o)
                0x00121c04                _read_r
 .text._sbrk_r  0x00121c8c       0x70 c:/devkitpro/devkitarm/bin/../lib/gcc/arm-none-eabi/6.3.0/../../../../arm-none-eabi/lib/armv6k/fpu\libsysbase.a(sbrk.o)
                0x00121c8c                _sbrk_r
 .text._stat_r  0x00121cfc       0x6c c:/devkitpro/devkitarm/bin/../lib/gcc/arm-none-eabi/6.3.0/../../../../arm-none-eabi/lib/armv6k/fpu\libsysbase.a(stat.o)
                0x00121cfc                _stat_r
 .text._unlink_r
                0x00121d68       0x6c c:/devkitpro/devkitarm/bin/../lib/gcc/arm-none-eabi/6.3.0/../../../../arm-none-eabi/lib/armv6k/fpu\libsysbase.a(unlink.o)
                0x00121d68                _unlink_r
 .text._write_r
                0x00121dd4       0x88 c:/devkitpro/devkitarm/bin/../lib/gcc/arm-none-eabi/6.3.0/../../../../arm-none-eabi/lib/armv6k/fpu\libsysbase.a(write.o)
                0x00121dd4                _write_r
 .text._concatenate_path
                0x00121e5c      0x1d4 c:/devkitpro/devkitarm/bin/../lib/gcc/arm-none-eabi/6.3.0/../../../../arm-none-eabi/lib/armv6k/fpu\libsysbase.a(chdir.o)
                0x00121e5c                _concatenate_path
 .text.chdir    0x00122030      0x15c c:/devkitpro/devkitarm/bin/../lib/gcc/arm-none-eabi/6.3.0/../../../../arm-none-eabi/lib/armv6k/fpu\libsysbase.a(chdir.o)
                0x00122030                chdir
 .text.mkdir    0x0012218c       0x60 c:/devkitpro/devkitarm/bin/../lib/gcc/arm-none-eabi/6.3.0/../../../../arm-none-eabi/lib/armv6k/fpu\libsysbase.a(mkdir.o)
                0x0012218c                mkdir
 .text.__flockfile
                0x001221ec        0x8 c:/devkitpro/devkitarm/bin/../lib/gcc/arm-none-eabi/6.3.0/../../../../arm-none-eabi/lib/armv6k/fpu\libsysbase.a(flock.o)
                0x001221ec                __flockfile
 .text.__funlockfile
                0x001221f4        0x8 c:/devkitpro/devkitarm/bin/../lib/gcc/arm-none-eabi/6.3.0/../../../../arm-none-eabi/lib/armv6k/fpu\libsysbase.a(flock.o)
                0x001221f4                __funlockfile
 .text.__libc_lock_acquire
                0x001221fc       0x18 c:/devkitpro/devkitarm/bin/../lib/gcc/arm-none-eabi/6.3.0/../../../../arm-none-eabi/lib/armv6k/fpu\libsysbase.a(syscall_support.o)
                0x001221fc                __libc_lock_acquire
 .text.__libc_lock_release
                0x00122214       0x18 c:/devkitpro/devkitarm/bin/../lib/gcc/arm-none-eabi/6.3.0/../../../../arm-none-eabi/lib/armv6k/fpu\libsysbase.a(syscall_support.o)
                0x00122214                __libc_lock_release
 .text.__libc_lock_init_recursive
                0x0012222c       0x18 c:/devkitpro/devkitarm/bin/../lib/gcc/arm-none-eabi/6.3.0/../../../../arm-none-eabi/lib/armv6k/fpu\libsysbase.a(syscall_support.o)
                0x0012222c                __libc_lock_init_recursive
 .text.__libc_lock_acquire_recursive
                0x00122244       0x18 c:/devkitpro/devkitarm/bin/../lib/gcc/arm-none-eabi/6.3.0/../../../../arm-none-eabi/lib/armv6k/fpu\libsysbase.a(syscall_support.o)
                0x00122244                __libc_lock_acquire_recursive
 .text.__libc_lock_release_recursive
                0x0012225c       0x18 c:/devkitpro/devkitarm/bin/../lib/gcc/arm-none-eabi/6.3.0/../../../../arm-none-eabi/lib/armv6k/fpu\libsysbase.a(syscall_support.o)
                0x0012225c                __libc_lock_release_recursive
 .text.__libc_lock_close_recursive
                0x00122274       0x18 c:/devkitpro/devkitarm/bin/../lib/gcc/arm-none-eabi/6.3.0/../../../../arm-none-eabi/lib/armv6k/fpu\libsysbase.a(syscall_support.o)
                0x00122274                __libc_lock_close_recursive
 .text.__free_handle
                0x0012228c       0x4c c:/devkitpro/devkitarm/bin/../lib/gcc/arm-none-eabi/6.3.0/../../../../arm-none-eabi/lib/armv6k/fpu\libsysbase.a(handle_manager.o)
                0x0012228c                __free_handle
 .text.__release_handle
                0x001222d8       0x40 c:/devkitpro/devkitarm/bin/../lib/gcc/arm-none-eabi/6.3.0/../../../../arm-none-eabi/lib/armv6k/fpu\libsysbase.a(handle_manager.o)
                0x001222d8                __release_handle
 .text.__alloc_handle
                0x00122318       0xb4 c:/devkitpro/devkitarm/bin/../lib/gcc/arm-none-eabi/6.3.0/../../../../arm-none-eabi/lib/armv6k/fpu\libsysbase.a(handle_manager.o)
                0x00122318                __alloc_handle
 .text.__get_handle
                0x001223cc       0x18 c:/devkitpro/devkitarm/bin/../lib/gcc/arm-none-eabi/6.3.0/../../../../arm-none-eabi/lib/armv6k/fpu\libsysbase.a(handle_manager.o)
                0x001223cc                __get_handle
 .text.__getreent
                0x001223e4       0x28 c:/devkitpro/devkitarm/bin/../lib/gcc/arm-none-eabi/6.3.0/../../../../arm-none-eabi/lib/armv6k/fpu\libsysbase.a(getreent.o)
                0x001223e4                __getreent
 .text.strnlen  0x0012240c       0x5c c:/devkitpro/devkitarm/bin/../lib/gcc/arm-none-eabi/6.3.0/../../../../arm-none-eabi/lib/armv6k/fpu\libg.a(lib_a-strnlen.o)
                0x0012240c                strnlen
 .text.strrchr  0x00122468       0x44 c:/devkitpro/devkitarm/bin/../lib/gcc/arm-none-eabi/6.3.0/../../../../arm-none-eabi/lib/armv6k/fpu\libg.a(lib_a-strrchr.o)
                0x00122468                strrchr
 *(.glue_7)
 .glue_7        0x001224ac        0x0 linker stubs
 *(.glue_7t)
 .glue_7t       0x001224ac        0x0 linker stubs
 *(.stub)
 *(.gnu.warning)
 *(.gnu.linkonce.t*)
                0x001224ac                . = ALIGN (0x4)
 *(.fini)
 .fini          0x001224ac        0xc c:/devkitpro/devkitarm/bin/../lib/gcc/arm-none-eabi/6.3.0/armv6k/fpu/crti.o
                0x001224ac                _fini
 .fini          0x001224b8        0xc c:/devkitpro/devkitarm/bin/../lib/gcc/arm-none-eabi/6.3.0/armv6k/fpu/crtn.o
                0x001224c4                . = ALIGN (0x4)

.vfp11_veneer   0x001224c4        0x0
 .vfp11_veneer  0x001224c4        0x0 linker stubs

.v4_bx          0x001224c4        0x0
 .v4_bx         0x001224c4        0x0 linker stubs

.iplt           0x001224c4        0x0
 .iplt          0x001224c4        0x0 c:/devkitpro/devkitarm/bin/../lib/gcc/arm-none-eabi/6.3.0/../../../../arm-none-eabi/lib/armv6k/fpu/3dsx_crt0.o

.rodata         0x00123000     0x4c28
 *(.rodata)
 .rodata        0x00123000       0x10 main.o
 .rodata        0x00123010       0x1c c:/devkitPro/libctru/lib\libctru.a(gfx.o)
 .rodata        0x0012302c      0x168 c:/devkitPro/libctru/lib\libctru.a(console.o)
 .rodata        0x00123194        0xc c:/devkitPro/libctru/lib\libctru.a(apt.o)
 .rodata        0x001231a0      0x804 c:/devkitPro/libctru/lib\libctru.a(default_font.bin.o)
                0x001231a0                default_font_bin
                0x001239a0                default_font_bin_size
                0x001239a0                default_font_bin_end
 .rodata        0x001239a4       0x3c c:/devkitPro/libctru/lib\libctru.a(sdmc_dev.o)
 *(.roda)
 *(.rodata.*)
 .rodata.str1.4
                0x001239e0      0x5c2 main.o
 *fill*         0x00123fa2        0x2 
 .rodata.str1.4
                0x00123fa4       0x70 c:/devkitPro/libctru/lib\libctru.a(console.o)
 .rodata.str1.4
                0x00124014        0x7 c:/devkitPro/libctru/lib\libctru.a(httpc.o)
 *fill*         0x0012401b        0x1 
 .rodata.str1.4
                0x0012401c       0x15 c:/devkitPro/libctru/lib\libctru.a(hid.o)
 *fill*         0x00124031        0x3 
 .rodata.str1.4
                0x00124034       0x16 c:/devkitPro/libctru/lib\libctru.a(apt.o)
 *fill*         0x0012404a        0x2 
 .rodata.str1.4
                0x0012404c        0x9 c:/devkitPro/libctru/lib\libctru.a(gspgpu.o)
 *fill*         0x00124055        0x3 
 .rodata.str1.4
                0x00124058        0x7 c:/devkitPro/libctru/lib\libctru.a(irrst.o)
 *fill*         0x0012405f        0x1 
 .rodata.str1.4
                0x00124060        0x5 c:/devkitPro/libctru/lib\libctru.a(srv.o)
 *fill*         0x00124065        0x3 
 .rodata.str1.4
                0x00124068        0x9 c:/devkitPro/libctru/lib\libctru.a(ptmsysm.o)
 *fill*         0x00124071        0x3 
 .rodata.str1.4
                0x00124074        0xd c:/devkitPro/libctru/lib\libctru.a(sdmc_dev.o)
                                 0x11 (size before relaxing)
 *fill*         0x00124081        0x3 
 .rodata.str1.4
                0x00124084        0x8 c:/devkitPro/libctru/lib\libctru.a(fs.o)
                                  0x9 (size before relaxing)
 .rodata._global_impure_ptr
                0x0012408c        0x4 c:/devkitpro/devkitarm/bin/../lib/gcc/arm-none-eabi/6.3.0/../../../../arm-none-eabi/lib/armv6k/fpu\libg.a(lib_a-impure.o)
                0x0012408c                _global_impure_ptr
 .rodata._puts_r.str1.4
                0x00124090        0x8 c:/devkitpro/devkitarm/bin/../lib/gcc/arm-none-eabi/6.3.0/../../../../arm-none-eabi/lib/armv6k/fpu\libg.a(lib_a-puts.o)
                                  0x2 (size before relaxing)
 .rodata.__ssvfscanf_r.str1.4
                0x00124090        0x5 c:/devkitpro/devkitarm/bin/../lib/gcc/arm-none-eabi/6.3.0/../../../../arm-none-eabi/lib/armv6k/fpu\libg.a(lib_a-svfscanf.o)
 *fill*         0x00124095        0x3 
 .rodata.basefix.8441
                0x00124098       0x22 c:/devkitpro/devkitarm/bin/../lib/gcc/arm-none-eabi/6.3.0/../../../../arm-none-eabi/lib/armv6k/fpu\libg.a(lib_a-svfscanf.o)
 *fill*         0x001240ba        0x2 
 .rodata._vfprintf_r.str1.4
                0x001240bc       0x3f c:/devkitpro/devkitarm/bin/../lib/gcc/arm-none-eabi/6.3.0/../../../../arm-none-eabi/lib/armv6k/fpu\libg.a(lib_a-vfprintf.o)
                                 0x42 (size before relaxing)
 *fill*         0x001240fb        0x1 
 .rodata.blanks.8415
                0x001240fc       0x10 c:/devkitpro/devkitarm/bin/../lib/gcc/arm-none-eabi/6.3.0/../../../../arm-none-eabi/lib/armv6k/fpu\libg.a(lib_a-vfprintf.o)
 .rodata.zeroes.8416
                0x0012410c       0x10 c:/devkitpro/devkitarm/bin/../lib/gcc/arm-none-eabi/6.3.0/../../../../arm-none-eabi/lib/armv6k/fpu\libg.a(lib_a-vfprintf.o)
 .rodata._dtoa_r.str1.4
                0x0012411c       0x10 c:/devkitpro/devkitarm/bin/../lib/gcc/arm-none-eabi/6.3.0/../../../../arm-none-eabi/lib/armv6k/fpu\libg.a(lib_a-dtoa.o)
                                 0x12 (size before relaxing)
 .rodata._jp2uc.str1.4
                0x0012412c       0x12 c:/devkitpro/devkitarm/bin/../lib/gcc/arm-none-eabi/6.3.0/../../../../arm-none-eabi/lib/armv6k/fpu\libg.a(lib_a-jp2uc.o)
 *fill*         0x0012413e        0x2 
 .rodata.a1     0x00124140       0xbc c:/devkitpro/devkitarm/bin/../lib/gcc/arm-none-eabi/6.3.0/../../../../arm-none-eabi/lib/armv6k/fpu\libg.a(lib_a-jp2uc.o)
 .rodata.a2     0x001241fc       0xbc c:/devkitpro/devkitarm/bin/../lib/gcc/arm-none-eabi/6.3.0/../../../../arm-none-eabi/lib/armv6k/fpu\libg.a(lib_a-jp2uc.o)
 .rodata.a3     0x001242b8       0x5b c:/devkitpro/devkitarm/bin/../lib/gcc/arm-none-eabi/6.3.0/../../../../arm-none-eabi/lib/armv6k/fpu\libg.a(lib_a-jp2uc.o)
 *fill*         0x00124313        0x1 
 .rodata.a6     0x00124314       0x70 c:/devkitpro/devkitarm/bin/../lib/gcc/arm-none-eabi/6.3.0/../../../../arm-none-eabi/lib/armv6k/fpu\libg.a(lib_a-jp2uc.o)
 .rodata.a7     0x00124384       0xa2 c:/devkitpro/devkitarm/bin/../lib/gcc/arm-none-eabi/6.3.0/../../../../arm-none-eabi/lib/armv6k/fpu\libg.a(lib_a-jp2uc.o)
 *fill*         0x00124426        0x2 
 .rodata.a8     0x00124428       0x40 c:/devkitpro/devkitarm/bin/../lib/gcc/arm-none-eabi/6.3.0/../../../../arm-none-eabi/lib/armv6k/fpu\libg.a(lib_a-jp2uc.o)
 .rodata.b02cf  0x00124468     0x172a c:/devkitpro/devkitarm/bin/../lib/gcc/arm-none-eabi/6.3.0/../../../../arm-none-eabi/lib/armv6k/fpu\libg.a(lib_a-jp2uc.o)
 *fill*         0x00125b92        0x2 
 .rodata.d02f4  0x00125b94     0x1a7c c:/devkitpro/devkitarm/bin/../lib/gcc/arm-none-eabi/6.3.0/../../../../arm-none-eabi/lib/armv6k/fpu\libg.a(lib_a-jp2uc.o)
 .rodata.str1.4
                0x00127610       0x44 c:/devkitpro/devkitarm/bin/../lib/gcc/arm-none-eabi/6.3.0/../../../../arm-none-eabi/lib/armv6k/fpu\libg.a(lib_a-locale.o)
                                 0x4c (size before relaxing)
 .rodata._mbrtowc_r.str1.4
                0x00127654        0x1 c:/devkitpro/devkitarm/bin/../lib/gcc/arm-none-eabi/6.3.0/../../../../arm-none-eabi/lib/armv6k/fpu\libg.a(lib_a-mbrtowc.o)
 *fill*         0x00127654        0x4 
 .rodata.__mprec_bigtens
                0x00127658       0x28 c:/devkitpro/devkitarm/bin/../lib/gcc/arm-none-eabi/6.3.0/../../../../arm-none-eabi/lib/armv6k/fpu\libg.a(lib_a-mprec.o)
                0x00127658                __mprec_bigtens
 .rodata.__mprec_tens
                0x00127680       0xc8 c:/devkitpro/devkitarm/bin/../lib/gcc/arm-none-eabi/6.3.0/../../../../arm-none-eabi/lib/armv6k/fpu\libg.a(lib_a-mprec.o)
                0x00127680                __mprec_tens
 .rodata.p05.7191
                0x00127748        0xc c:/devkitpro/devkitarm/bin/../lib/gcc/arm-none-eabi/6.3.0/../../../../arm-none-eabi/lib/armv6k/fpu\libg.a(lib_a-mprec.o)
 .rodata._strtod_l.str1.4
                0x00127754        0xf c:/devkitpro/devkitarm/bin/../lib/gcc/arm-none-eabi/6.3.0/../../../../arm-none-eabi/lib/armv6k/fpu\libg.a(lib_a-strtod.o)
 *fill*         0x00127763        0x1 
 .rodata.fpi.7277
                0x00127764       0x14 c:/devkitpro/devkitarm/bin/../lib/gcc/arm-none-eabi/6.3.0/../../../../arm-none-eabi/lib/armv6k/fpu\libg.a(lib_a-strtod.o)
 .rodata.fpinan.7313
                0x00127778       0x14 c:/devkitpro/devkitarm/bin/../lib/gcc/arm-none-eabi/6.3.0/../../../../arm-none-eabi/lib/armv6k/fpu\libg.a(lib_a-strtod.o)
 *fill*         0x0012778c        0x4 
 .rodata.tinytens
                0x00127790       0x28 c:/devkitpro/devkitarm/bin/../lib/gcc/arm-none-eabi/6.3.0/../../../../arm-none-eabi/lib/armv6k/fpu\libg.a(lib_a-strtod.o)
 .rodata.__action_table
                0x001277b8       0x6c c:/devkitpro/devkitarm/bin/../lib/gcc/arm-none-eabi/6.3.0/../../../../arm-none-eabi/lib/armv6k/fpu\libg.a(lib_a-svfiprintf.o)
                0x001277b8                __action_table
 .rodata.__chclass
                0x00127824      0x100 c:/devkitpro/devkitarm/bin/../lib/gcc/arm-none-eabi/6.3.0/../../../../arm-none-eabi/lib/armv6k/fpu\libg.a(lib_a-svfiprintf.o)
                0x00127824                __chclass
 .rodata.__state_table
                0x00127924       0x6c c:/devkitpro/devkitarm/bin/../lib/gcc/arm-none-eabi/6.3.0/../../../../arm-none-eabi/lib/armv6k/fpu\libg.a(lib_a-svfiprintf.o)
                0x00127924                __state_table
 .rodata._svfprintf_r.str1.4
                0x00127990       0x42 c:/devkitpro/devkitarm/bin/../lib/gcc/arm-none-eabi/6.3.0/../../../../arm-none-eabi/lib/armv6k/fpu\libg.a(lib_a-svfprintf.o)
 .rodata.blanks.8400
                0x00127990       0x10 c:/devkitpro/devkitarm/bin/../lib/gcc/arm-none-eabi/6.3.0/../../../../arm-none-eabi/lib/armv6k/fpu\libg.a(lib_a-svfprintf.o)
 .rodata.zeroes.8401
                0x001279a0       0x10 c:/devkitpro/devkitarm/bin/../lib/gcc/arm-none-eabi/6.3.0/../../../../arm-none-eabi/lib/armv6k/fpu\libg.a(lib_a-svfprintf.o)
 .rodata._ctype_
                0x001279b0      0x101 c:/devkitpro/devkitarm/bin/../lib/gcc/arm-none-eabi/6.3.0/../../../../arm-none-eabi/lib/armv6k/fpu\libg.a(lib_a-ctype_.o)
                0x001279b0                _ctype_
 *fill*         0x00127ab1        0x3 
 .rodata.__hexdig
                0x00127ab4      0x100 c:/devkitpro/devkitarm/bin/../lib/gcc/arm-none-eabi/6.3.0/../../../../arm-none-eabi/lib/armv6k/fpu\libg.a(lib_a-gdtoa-gethex.o)
                0x00127ab4                __hexdig
 .rodata.AddDevice.str1.4
                0x00127bb4        0x8 c:/devkitpro/devkitarm/bin/../lib/gcc/arm-none-eabi/6.3.0/../../../../arm-none-eabi/lib/armv6k/fpu\libsysbase.a(iosupport.o)
 .rodata.dotab_stdnull
                0x00127bbc       0x68 c:/devkitpro/devkitarm/bin/../lib/gcc/arm-none-eabi/6.3.0/../../../../arm-none-eabi/lib/armv6k/fpu\libsysbase.a(iosupport.o)
                0x00127bbc                dotab_stdnull
 .rodata.DIRECTORY_PARENT
                0x00127c24        0x3 c:/devkitpro/devkitarm/bin/../lib/gcc/arm-none-eabi/6.3.0/../../../../arm-none-eabi/lib/armv6k/fpu\libsysbase.a(chdir.o)
                0x00127c24                DIRECTORY_PARENT
 *all.rodata*(*)
 *(.gnu.linkonce.r*)
                0x00127c28                . = ALIGN (0x4)
 *fill*         0x00127c27        0x1 

.eh_frame       0x00127c28        0x0
 .eh_frame      0x00127c28        0x0 c:/devkitpro/devkitarm/bin/../lib/gcc/arm-none-eabi/6.3.0/armv6k/fpu/crtbegin.o

.rel.dyn        0x00127c28        0x0
 .rel.iplt      0x00127c28        0x0 c:/devkitpro/devkitarm/bin/../lib/gcc/arm-none-eabi/6.3.0/../../../../arm-none-eabi/lib/armv6k/fpu/3dsx_crt0.o

.ARM.extab
 *(.ARM.extab* .gnu.linkonce.armextab.*)
                0x00127c28                __exidx_start = .

ARM.exidx
 *(.ARM.exidx* .gnu.linkonce.armexidx.*)
                0x00127c28                __exidx_end = .

.data           0x00128000     0x2f4c
 *(.data)
 .data          0x00128000        0xc c:/devkitPro/libctru/lib\libctru.a(gfx.o)
 .data          0x0012800c       0x51 c:/devkitPro/libctru/lib\libctru.a(console.o)
                0x0012800c                defaultConsole
                0x00128058                currentConsole
 *fill*         0x0012805d        0x3 
 .data          0x00128060        0x4 c:/devkitPro/libctru/lib\libctru.a(apt.o)
 .data          0x00128064        0x4 c:/devkitPro/libctru/lib\libctru.a(gspgpu.o)
 .data          0x00128068        0x4 c:/devkitPro/libctru/lib\libctru.a(stack_adjust.o)
                0x00128068                __stacksize__
 .data          0x0012806c        0x4 c:/devkitPro/libctru/lib\libctru.a(allocateHeaps.o)
                0x0012806c                __ctru_linear_heap_size
 .data          0x00128070      0x46c c:/devkitPro/libctru/lib\libctru.a(sdmc_dev.o)
 *(.data.*)
 .data.__sfp_lock
                0x001284dc        0xc c:/devkitpro/devkitarm/bin/../lib/gcc/arm-none-eabi/6.3.0/../../../../arm-none-eabi/lib/armv6k/fpu\libg.a(lib_a-findfp.o)
 .data.__sinit_lock
                0x001284e8        0xc c:/devkitpro/devkitarm/bin/../lib/gcc/arm-none-eabi/6.3.0/../../../../arm-none-eabi/lib/armv6k/fpu\libg.a(lib_a-findfp.o)
 .data._impure_ptr
                0x001284f4        0x4 c:/devkitpro/devkitarm/bin/../lib/gcc/arm-none-eabi/6.3.0/../../../../arm-none-eabi/lib/armv6k/fpu\libg.a(lib_a-impure.o)
                0x001284f4                _impure_ptr
 .data.impure_data
                0x001284f8      0x460 c:/devkitpro/devkitarm/bin/../lib/gcc/arm-none-eabi/6.3.0/../../../../arm-none-eabi/lib/armv6k/fpu\libg.a(lib_a-impure.o)
 .data.__malloc_av_
                0x00128958      0x408 c:/devkitpro/devkitarm/bin/../lib/gcc/arm-none-eabi/6.3.0/../../../../arm-none-eabi/lib/armv6k/fpu\libg.a(lib_a-mallocr.o)
                0x00128958                __malloc_av_
 .data.__malloc_sbrk_base
                0x00128d60        0x4 c:/devkitpro/devkitarm/bin/../lib/gcc/arm-none-eabi/6.3.0/../../../../arm-none-eabi/lib/armv6k/fpu\libg.a(lib_a-mallocr.o)
                0x00128d60                __malloc_sbrk_base
 .data.__malloc_trim_threshold
                0x00128d64        0x4 c:/devkitpro/devkitarm/bin/../lib/gcc/arm-none-eabi/6.3.0/../../../../arm-none-eabi/lib/armv6k/fpu\libg.a(lib_a-mallocr.o)
                0x00128d64                __malloc_trim_threshold
 .data.__malloc_lock_object
                0x00128d68        0xc c:/devkitpro/devkitarm/bin/../lib/gcc/arm-none-eabi/6.3.0/../../../../arm-none-eabi/lib/armv6k/fpu\libg.a(lib_a-mlock.o)
 .data.__global_locale
                0x00128d74      0x16c c:/devkitpro/devkitarm/bin/../lib/gcc/arm-none-eabi/6.3.0/../../../../arm-none-eabi/lib/armv6k/fpu\libg.a(lib_a-locale.o)
                0x00128d74                __global_locale
 .data.defaultDevice
                0x00128ee0        0x4 c:/devkitpro/devkitarm/bin/../lib/gcc/arm-none-eabi/6.3.0/../../../../arm-none-eabi/lib/armv6k/fpu\libsysbase.a(iosupport.o)
 .data.devoptab_list
                0x00128ee4       0x40 c:/devkitpro/devkitarm/bin/../lib/gcc/arm-none-eabi/6.3.0/../../../../arm-none-eabi/lib/armv6k/fpu\libsysbase.a(iosupport.o)
                0x00128ee4                devoptab_list
 .data._current_working_directory
                0x00128f24     0x1000 c:/devkitpro/devkitarm/bin/../lib/gcc/arm-none-eabi/6.3.0/../../../../arm-none-eabi/lib/armv6k/fpu\libsysbase.a(chdir.o)
 .data.__hndl_lock
                0x00129f24        0x4 c:/devkitpro/devkitarm/bin/../lib/gcc/arm-none-eabi/6.3.0/../../../../arm-none-eabi/lib/armv6k/fpu\libsysbase.a(handle_manager.o)
 .data.__stderr_handle
                0x00129f28        0xc c:/devkitpro/devkitarm/bin/../lib/gcc/arm-none-eabi/6.3.0/../../../../arm-none-eabi/lib/armv6k/fpu\libsysbase.a(handle_manager.o)
 .data.__stdin_handle
                0x00129f34        0xc c:/devkitpro/devkitarm/bin/../lib/gcc/arm-none-eabi/6.3.0/../../../../arm-none-eabi/lib/armv6k/fpu\libsysbase.a(handle_manager.o)
 .data.__stdout_handle
                0x00129f40        0xc c:/devkitpro/devkitarm/bin/../lib/gcc/arm-none-eabi/6.3.0/../../../../arm-none-eabi/lib/armv6k/fpu\libsysbase.a(handle_manager.o)
 .data.handles  0x00129f4c     0x1000 c:/devkitpro/devkitarm/bin/../lib/gcc/arm-none-eabi/6.3.0/../../../../arm-none-eabi/lib/armv6k/fpu\libsysbase.a(handle_manager.o)
 *(.gnu.linkonce.d*)
                0x0012af4c                . = ALIGN (0x4)

.igot.plt       0x0012af4c        0x0
 .igot.plt      0x0012af4c        0x0 c:/devkitpro/devkitarm/bin/../lib/gcc/arm-none-eabi/6.3.0/../../../../arm-none-eabi/lib/armv6k/fpu/3dsx_crt0.o

.jcr            0x0012af4c        0x0
 .jcr           0x0012af4c        0x0 c:/devkitpro/devkitarm/bin/../lib/gcc/arm-none-eabi/6.3.0/armv6k/fpu/crtbegin.o

.tm_clone_table
                0x0012af4c        0x0
 .tm_clone_table