Archive member included to satisfy reference by file (symbol)

c:/devkitPro/libctru/lib\libctru.a(gfx.o)
                              main.o (gfxInitDefault)
c:/devkitPro/libctru/lib\libctru.a(console.o)
                              main.o (consoleInit)
c:/devkitPro/libctru/lib\libctru.a(gx.o)
                              c:/devkitPro/libctru/lib\libctru.a(gfx.o) (gxCmdBuf)
c:/devkitPro/libctru/lib\libctru.a(httpc.o)
                              main.o (httpcInit)
c:/devkitPro/libctru/lib\libctru.a(hid.o)
                              main.o (hidScanInput)
c:/devkitPro/libctru/lib\libctru.a(apt.o)
                              main.o (aptMainLoop)
c:/devkitPro/libctru/lib\libctru.a(am.o)
                              main.o (AM_StartCiaInstall)
c:/devkitPro/libctru/lib\libctru.a(gspgpu.o)
                              c:/devkitPro/libctru/lib\libctru.a(gfx.o) (gspInit)
c:/devkitPro/libctru/lib\libctru.a(irrst.o)
                              c:/devkitPro/libctru/lib\libctru.a(hid.o) (irrstScanInput)
c:/devkitPro/libctru/lib\libctru.a(utf8_to_utf16.o)
                              c:/devkitPro/libctru/lib\libctru.a(am.o) (utf8_to_utf16)
c:/devkitPro/libctru/lib\libctru.a(decode_utf8.o)
                              c:/devkitPro/libctru/lib\libctru.a(utf8_to_utf16.o) (decode_utf8)
c:/devkitPro/libctru/lib\libctru.a(encode_utf16.o)
                              c:/devkitPro/libctru/lib\libctru.a(utf8_to_utf16.o) (encode_utf16)
c:/devkitPro/libctru/lib\libctru.a(initArgv.o)
                              c:/devkitpro/devkitarm/bin/../lib/gcc/arm-none-eabi/6.3.0/../../../../arm-none-eabi/lib/armv6k/fpu/3dsx_crt0.o (__system_argc)
c:/devkitPro/libctru/lib\libctru.a(initSystem.o)
                              c:/devkitPro/libctru/lib\libctru.a(apt.o) (__system_retAddr)
c:/devkitPro/libctru/lib\libctru.a(svc.o)
                              c:/devkitPro/libctru/lib\libctru.a(apt.o) (svcExitProcess)
c:/devkitPro/libctru/lib\libctru.a(stack_adjust.o)
                              c:/devkitpro/devkitarm/bin/../lib/gcc/arm-none-eabi/6.3.0/../../../../arm-none-eabi/lib/armv6k/fpu/3dsx_crt0.o (initSystem)
c:/devkitPro/libctru/lib\libctru.a(default_font.bin.o)
                              c:/devkitPro/libctru/lib\libctru.a(console.o) (default_font_bin)
c:/devkitPro/libctru/lib\libctru.a(linear.o)
                              c:/devkitPro/libctru/lib\libctru.a(gfx.o) (linearAlloc)
c:/devkitPro/libctru/lib\libctru.a(mappable.o)
                              c:/devkitPro/libctru/lib\libctru.a(gfx.o) (mappableAlloc)
c:/devkitPro/libctru/lib\libctru.a(vram.o)
                              c:/devkitPro/libctru/lib\libctru.a(gfx.o) (vramAlloc)
c:/devkitPro/libctru/lib\libctru.a(thread.o)
                              c:/devkitPro/libctru/lib\libctru.a(apt.o) (threadCreate)
c:/devkitPro/libctru/lib\libctru.a(srv.o)
                              c:/devkitPro/libctru/lib\libctru.a(apt.o) (srvInit)
c:/devkitPro/libctru/lib\libctru.a(os.o)
                              c:/devkitPro/libctru/lib\libctru.a(apt.o) (__ctru_speedup_config)
c:/devkitPro/libctru/lib\libctru.a(env.o)
                              c:/devkitPro/libctru/lib\libctru.a(irrst.o) (envGetHandle)
c:/devkitPro/libctru/lib\libctru.a(synchronization.o)
                              c:/devkitPro/libctru/lib\libctru.a(initSystem.o) (__sync_init)
c:/devkitPro/libctru/lib\libctru.a(ptmsysm.o)
                              c:/devkitPro/libctru/lib\libctru.a(os.o) (ptmSysmInit)
c:/devkitPro/libctru/lib\libctru.a(rbtree_find.o)
                              c:/devkitPro/libctru/lib\libctru.a(linear.o) (rbtree_find)
c:/devkitPro/libctru/lib\libctru.a(rbtree_remove.o)
                              c:/devkitPro/libctru/lib\libctru.a(linear.o) (rbtree_remove)
c:/devkitPro/libctru/lib\libctru.a(rbtree_iterator.o)
                              c:/devkitPro/libctru/lib\libctru.a(rbtree_remove.o) (rbtree_node_next)
c:/devkitPro/libctru/lib\libctru.a(rbtree_rotate.o)
                              c:/devkitPro/libctru/lib\libctru.a(rbtree_remove.o) (rbtree_rotate)
c:/devkitPro/libctru/lib\libctru.a(rbtree_insert.o)
                              c:/devkitPro/libctru/lib\libctru.a(linear.o) (rbtree_insert)
c:/devkitPro/libctru/lib\libctru.a(rbtree_init.o)
                              c:/devkitPro/libctru/lib\libctru.a(linear.o) (rbtree_init)
c:/devkitPro/libctru/lib\libctru.a(ctru_exit.o)
                              c:/devkitPro/libctru/lib\libctru.a(stack_adjust.o) (__libctru_exit)
c:/devkitPro/libctru/lib\libctru.a(appExit.o)
                              c:/devkitPro/libctru/lib\libctru.a(stack_adjust.o) (__appExit)
c:/devkitPro/libctru/lib\libctru.a(allocateHeaps.o)
                              c:/devkitPro/libctru/lib\libctru.a(initSystem.o) (__system_allocateHeaps)
c:/devkitPro/libctru/lib\libctru.a(syscalls.o)
                              c:/devkitPro/libctru/lib\libctru.a(initSystem.o) (__system_initSyscalls)
c:/devkitPro/libctru/lib\libctru.a(appInit.o)
[...]
Memory Configuration

Name             Origin             Length             Attributes
*default*        0x00000000         0xffffffff

Linker script and memory map

                0x00100000                PROVIDE (__start__, 0x100000)
                0x00100000                . = __start__

.text           0x00100000    0x222c4
 *(.crt0)
 .crt0          0x00100000       0x94 c:/devkitpro/devkitarm/bin/../lib/gcc/arm-none-eabi/6.3.0/../../../../arm-none-eabi/lib/armv6k/fpu/3dsx_crt0.o
                0x00100000                _start
                0x00100008                __service_ptr
                0x0010000c                __apt_appid
                0x00100010                __heap_size
                0x00100014                __linear_heap_size
                0x00100018                __system_arglist
                0x0010001c                __system_runflags
 *(.init)
 .init          0x00100094        0xc c:/devkitpro/devkitarm/bin/../lib/gcc/arm-none-eabi/6.3.0/armv6k/fpu/crti.o
                0x00100094                _init
 .init          0x001000a0        0xc c:/devkitpro/devkitarm/bin/../lib/gcc/arm-none-eabi/6.3.0/armv6k/fpu/crtn.o
                0x001000ac                . = ALIGN (0x4)
 *(.text)
 .text          0x001000ac       0x64 c:/devkitPro/libctru/lib\libctru.a(stack_adjust.o)
                0x001000ac                initSystem
                0x001000f0                __ctru_exit
 .text          0x00100110      0x240 c:/devkitpro/devkitarm/bin/../lib/gcc/arm-none-eabi/6.3.0/armv6k/fpu\libgcc.a(_divsi3.o)
                0x00100110                __divsi3
                0x00100110                __aeabi_idiv
                0x00100330                __aeabi_idivmod
 .text          0x00100350        0x4 c:/devkitpro/devkitarm/bin/../lib/gcc/arm-none-eabi/6.3.0/armv6k/fpu\libgcc.a(_dvmd_tls.o)
                0x00100350                __aeabi_idiv0
                0x00100350                __aeabi_ldiv0
 .text          0x00100354       0x3c c:/devkitpro/devkitarm/bin/../lib/gcc/arm-none-eabi/6.3.0/armv6k/fpu\libgcc.a(_aeabi_uldivmod.o)
                0x00100354                __aeabi_uldivmod
 *fill*         0x00100390       0x10 
 .text          0x001003a0      0x390 c:/devkitpro/devkitarm/bin/../lib/gcc/arm-none-eabi/6.3.0/../../../../arm-none-eabi/lib/armv6k/fpu\libg.a(lib_a-strcmp.o)
                0x001003a8                strcmp
 .text          0x00100730      0x20c c:/devkitpro/devkitarm/bin/../lib/gcc/arm-none-eabi/6.3.0/armv6k/fpu\libgcc.a(_udivsi3.o)
                0x00100730                __aeabi_uidiv
                0x00100730                __udivsi3
                0x0010091c                __aeabi_uidivmod
 *(.text.*)
 .text.deregister_tm_clones
                0x0010093c       0x30 c:/devkitpro/devkitarm/bin/../lib/gcc/arm-none-eabi/6.3.0/armv6k/fpu/crtbegin.o
 .text.register_tm_clones
                0x0010096c       0x38 c:/devkitpro/devkitarm/bin/../lib/gcc/arm-none-eabi/6.3.0/armv6k/fpu/crtbegin.o
 .text.__do_global_dtors_aux
                0x001009a4       0x44 c:/devkitpro/devkitarm/bin/../lib/gcc/arm-none-eabi/6.3.0/armv6k/fpu/crtbegin.o
 .text.frame_dummy
                0x001009e8       0x5c c:/devkitpro/devkitarm/bin/../lib/gcc/arm-none-eabi/6.3.0/armv6k/fpu/crtbegin.o
 .text.jsmn_parse
                0x00100a44      0x66c jsmn.o
                0x00100a44                jsmn_parse
 .text.jsmn_init
                0x001010b0       0x18 jsmn.o
                0x001010b0                jsmn_init
 .text.jsoneq   0x001010c8       0x64 main.o
 .text.str_replace
                0x0010112c      0x1c4 main.o
                0x0010112c                str_replace
 .text.http_download
                0x001012f0      0x3d0 main.o
                0x001012f0                http_download
 .text.CreateFiles
                0x001016c0      0x198 main.o
                0x001016c0                CreateFiles
 .text.DownloadPlugin
                0x00101858       0x98 main.o
                0x00101858                DownloadPlugin
 .text.installUpdate
                0x001018f0       0xc0 main.o
                0x001018f0                installUpdate
 .text.downloadUpdate
                0x001019b0      0x300 main.o
                0x001019b0                downloadUpdate
 .text.startup.main
                0x00101cb0      0x130 main.o
                0x00101cb0                main
 .text.gfxSetFramebufferInfo.part.0
                0x00101de0       0x8c c:/devkitPro/libctru/lib\libctru.a(gfx.o)
 .text.__get_bytes_per_pixel
                0x00101e6c       0x18 c:/devkitPro/libctru/lib\libctru.a(gfx.o)
                0x00101e6c                __get_bytes_per_pixel
 .text.gfxSetScreenFormat
                0x00101e84      0x174 c:/devkitPro/libctru/lib\libctru.a(gfx.o)
                0x00101e84                gfxSetScreenFormat
 .text.gfxSetDoubleBuffering
                0x00101ff8       0x14 c:/devkitPro/libctru/lib\libctru.a(gfx.o)
                0x00101ff8                gfxSetDoubleBuffering
 .text.gfxSetFramebufferInfo
                0x0010200c       0x70 c:/devkitPro/libctru/lib\libctru.a(gfx.o)
                0x0010200c                gfxSetFramebufferInfo
 .text.gfxWriteFramebufferInfo
                0x0010207c       0x88 c:/devkitPro/libctru/lib\libctru.a(gfx.o)
                0x0010207c                gfxWriteFramebufferInfo
 .text.gfxInit  0x00102104      0x1fc c:/devkitPro/libctru/lib\libctru.a(gfx.o)
                0x00102104                gfxInit
 .text.gfxInitDefault
                0x00102300       0x10 c:/devkitPro/libctru/lib\libctru.a(gfx.o)
                0x00102300                gfxInitDefault
 .text.gfxExit  0x00102310       0xe0 c:/devkitPro/libctru/lib\libctru.a(gfx.o)
                0x00102310                gfxExit
 .text.gfxGetFramebuffer
                0x001023f0       0xb0 c:/devkitPro/libctru/lib\libctru.a(gfx.o)
                0x001023f0                gfxGetFramebuffer
 .text.gfxFlushBuffers
                0x001024a0       0xc8 c:/devkitPro/libctru/lib\libctru.a(gfx.o)
                0x001024a0                gfxFlushBuffers
 .text.gfxConfigScreen
                0x00102568       0x70 c:/devkitPro/libctru/lib\libctru.a(gfx.o)
                0x00102568                gfxConfigScreen
 .text.gfxSwapBuffers
                0x001025d8       0x20 c:/devkitPro/libctru/lib\libctru.a(gfx.o)
                0x001025d8                gfxSwapBuffers
 .text.gfxSwapBuffersGpu
                0x001025f8       0x20 c:/devkitPro/libctru/lib\libctru.a(gfx.o)
                0x001025f8                gfxSwapBuffersGpu
 .text.debug_write
                0x00102618       0x1c c:/devkitPro/libctru/lib\libctru.a(console.o)
                0x00102618                debug_write
 .text.consoleDrawChar
                0x00102634      0x1b0 c:/devkitPro/libctru/lib\libctru.a(console.o)
                0x00102634                consoleDrawChar
 .text.consolePrintChar
                0x001027e4      0x124 c:/devkitPro/libctru/lib\libctru.a(console.o)
                0x001027e4                consolePrintChar
 .text.consoleCls
                0x00102908      0x190 c:/devkitPro/libctru/lib\libctru.a(console.o)
 .text.consoleInit
                0x00102a98       0xf8 c:/devkitPro/libctru/lib\libctru.a(console.o)
                0x00102a98                consoleInit
 .text.consoleClearLine
                0x00102b90      0x144 c:/devkitPro/libctru/lib\libctru.a(console.o)
 .text.newRow   0x00102cd4       0xbc c:/devkitPro/libctru/lib\libctru.a(console.o)
 .text.con_write
                0x00102d90      0x79c c:/devkitPro/libctru/lib\libctru.a(console.o)
                0x00102d90                con_write
 .text.httpcInit
                0x0010352c      0x188 c:/devkitPro/libctru/lib\libctru.a(httpc.o)
                0x0010352c                httpcInit
 .text.httpcExit
                0x001036b4       0x84 c:/devkitPro/libctru/lib\libctru.a(httpc.o)
                0x001036b4                httpcExit
 .text.httpcOpenContext
                0x00103738      0x13c c:/devkitPro/libctru/lib\libctru.a(httpc.o)
                0x00103738                httpcOpenContext
 .text.httpcCloseContext
                0x00103874       0x44 c:/devkitPro/libctru/lib\libctru.a(httpc.o)
                0x00103874                httpcCloseContext
 .text.httpcAddRequestHeaderField
                0x001038b8       0x80 c:/devkitPro/libctru/lib\libctru.a(httpc.o)
                0x001038b8                httpcAddRequestHeaderField
 .text.httpcBeginRequest
                0x00103938       0x30 c:/devkitPro/libctru/lib\libctru.a(httpc.o)
                0x00103938                httpcBeginRequest
 .text.httpcReceiveData
                0x00103968       0x44 c:/devkitPro/libctru/lib\libctru.a(httpc.o)
                0x00103968                httpcReceiveData
 .text.httpcDownloadData
                0x001039ac      0x104 c:/devkitPro/libctru/lib\libctru.a(httpc.o)
                0x001039ac                httpcDownloadData
 .text.httpcGetDownloadSizeState
                0x00103ab0       0x54 c:/devkitPro/libctru/lib\libctru.a(httpc.o)
                0x00103ab0                httpcGetDownloadSizeState
 .text.httpcGetResponseHeader
                0x00103b04       0x78 c:/devkitPro/libctru/lib\libctru.a(httpc.o)
                0x00103b04                httpcGetResponseHeader
 .text.httpcGetResponseStatusCode
                0x00103b7c       0x3c c:/devkitPro/libctru/lib\libctru.a(httpc.o)
                0x00103b7c                httpcGetResponseStatusCode
 .text.httpcSetSSLOpt
                0x00103bb8       0x34 c:/devkitPro/libctru/lib\libctru.a(httpc.o)
                0x00103bb8                httpcSetSSLOpt
 .text.hidExit  0x00103bec       0xd0 c:/devkitPro/libctru/lib\libctru.a(hid.o)
                0x00103bec                hidExit
 .text.hidScanInput
                0x00103cbc      0x234 c:/devkitPro/libctru/lib\libctru.a(hid.o)
                0x00103cbc                hidScanInput
 .text.hidKeysDown
                0x00103ef0       0x10 c:/devkitPro/libctru/lib\libctru.a(hid.o)
                0x00103ef0                hidKeysDown
 .text.HIDUSER_GetHandles
                0x00103f00       0x90 c:/devkitPro/libctru/lib\libctru.a(hid.o)
                0x00103f00                HIDUSER_GetHandles
 .text.hidInit  0x00103f90      0x18c c:/devkitPro/libctru/lib\libctru.a(hid.o)
                0x00103f90                hidInit
 .text._aptDebug
                0x0010411c        0x4 c:/devkitPro/libctru/lib\libctru.a(apt.o)
                0x0010411c                _aptDebug
 .text.aptSendCommand
                0x00104120      0x130 c:/devkitPro/libctru/lib\libctru.a(apt.o)
                0x00104120                aptSendCommand
 .text.aptExitProcess
                0x00104250       0x3c c:/devkitPro/libctru/lib\libctru.a(apt.o)
 .text.APT_InquireNotification
                0x0010428c       0x4c c:/devkitPro/libctru/lib\libctru.a(apt.o)
                0x0010428c                APT_InquireNotification
 .text.aptEventHandler
                0x001042d8      0x19c c:/devkitPro/libctru/lib\libctru.a(apt.o)
 .text.APT_AppletUtility
                0x00104474       0x74 c:/devkitPro/libctru/lib\libctru.a(apt.o)
                0x00104474                APT_AppletUtility
 .text.aptSetSleepAllowed
                0x001044e8       0xb4 c:/devkitPro/libctru/lib\libctru.a(apt.o)
                0x001044e8                aptSetSleepAllowed
 .text.APT_GlanceParameter
                0x0010459c       0xb4 c:/devkitPro/libctru/lib\libctru.a(apt.o)
                0x0010459c                APT_GlanceParameter
 .text.APT_ReceiveParameter
                0x00104650       0xc0 c:/devkitPro/libctru/lib\libctru.a(apt.o)
                0x00104650                APT_ReceiveParameter
 .text.aptReceiveParameter.constprop.1
                0x00104710       0xa8 c:/devkitPro/libctru/lib\libctru.a(apt.o)
 .text.aptScreenTransfer
                0x001047b8      0x1ec c:/devkitPro/libctru/lib\libctru.a(apt.o)
 .text.aptWaitForWakeUp
                0x001049a4      0x228 c:/devkitPro/libctru/lib\libctru.a(apt.o)
 .text.APT_CancelParameter
                0x00104bcc       0x70 c:/devkitPro/libctru/lib\libctru.a(apt.o)
                0x00104bcc                APT_CancelParameter
 .text.aptInit  0x00104c3c      0x230 c:/devkitPro/libctru/lib\libctru.a(apt.o)
                0x00104c3c                aptInit
 .text.aptClearParamQueue
                0x00104e6c       0x8c c:/devkitPro/libctru/lib\libctru.a(apt.o)
 .text.aptMainLoop
                0x00104ef8      0x214 c:/devkitPro/libctru/lib\libctru.a(apt.o)
                0x00104ef8                aptMainLoop
 .text.aptExit  0x0010510c      0x148 c:/devkitPro/libctru/lib\libctru.a(apt.o)
                0x0010510c                aptExit
 .text.APT_CheckNew3DS
                0x00105254       0x70 c:/devkitPro/libctru/lib\libctru.a(apt.o)
                0x00105254                APT_CheckNew3DS
 .text.AM_StartCiaInstall
                0x001052c4       0x48 c:/devkitPro/libctru/lib\libctru.a(am.o)
                0x001052c4                AM_StartCiaInstall
 .text.gspEventThreadMain
                0x0010530c      0x160 c:/devkitPro/libctru/lib\libctru.a(gspgpu.o)
 .text.gspInit  0x0010546c       0x74 c:/devkitPro/libctru/lib\libctru.a(gspgpu.o)
                0x0010546c                gspInit
 .text.gspExit  0x001054e0       0x3c c:/devkitPro/libctru/lib\libctru.a(gspgpu.o)
                0x001054e0                gspExit
 .text.gspInitEventHandler
                0x0010551c       0x88 c:/devkitPro/libctru/lib\libctru.a(gspgpu.o)
                0x0010551c                gspInitEventHandler
 .text.gspExitEventHandler
                0x001055a4       0x30 c:/devkitPro/libctru/lib\libctru.a(gspgpu.o)
                0x001055a4                gspExitEventHandler
 .text.gspWaitForEvent
                0x001055d4       0x44 c:/devkitPro/libctru/lib\libctru.a(gspgpu.o)
                0x001055d4                gspWaitForEvent
 .text.GSPGPU_SetBufferSwap
                0x00105618       0x6c c:/devkitPro/libctru/lib\libctru.a(gspgpu.o)
                0x00105618                GSPGPU_SetBufferSwap
 .text.GSPGPU_FlushDataCache
                0x00105684       0x4c c:/devkitPro/libctru/lib\libctru.a(gspgpu.o)
                0x00105684                GSPGPU_FlushDataCache
 .text.GSPGPU_SetLcdForceBlack
                0x001056d0       0x34 c:/devkitPro/libctru/lib\libctru.a(gspgpu.o)
                0x001056d0                GSPGPU_SetLcdForceBlack
 .text.GSPGPU_RegisterInterruptRelayQueue
                0x00105704       0x64 c:/devkitPro/libctru/lib\libctru.a(gspgpu.o)
                0x00105704                GSPGPU_RegisterInterruptRelayQueue
 .text.GSPGPU_UnregisterInterruptRelayQueue
                0x00105768       0x2c c:/devkitPro/libctru/lib\libctru.a(gspgpu.o)
                0x00105768                GSPGPU_UnregisterInterruptRelayQueue
 .text.GSPGPU_AcquireRight
                0x00105794       0x48 c:/devkitPro/libctru/lib\libctru.a(gspgpu.o)
                0x00105794                GSPGPU_AcquireRight
 .text.GSPGPU_ReleaseRight
                0x001057dc       0x2c c:/devkitPro/libctru/lib\libctru.a(gspgpu.o)
                0x001057dc                GSPGPU_ReleaseRight
 .text.GSPGPU_ImportDisplayCaptureInfo
                0x00105808       0x80 c:/devkitPro/libctru/lib\libctru.a(gspgpu.o)
                0x00105808                GSPGPU_ImportDisplayCaptureInfo
 .text.GSPGPU_SaveVramSysArea
                0x00105888       0x2c c:/devkitPro/libctru/lib\libctru.a(gspgpu.o)
                0x00105888                GSPGPU_SaveVramSysArea
 .text.GSPGPU_RestoreVramSysArea
                0x001058b4       0x2c c:/devkitPro/libctru/lib\libctru.a(gspgpu.o)
                0x001058b4                GSPGPU_RestoreVramSysArea
 .text.irrstScanInput
                0x001058e0       0xb0 c:/devkitPro/libctru/lib\libctru.a(irrst.o)
                0x001058e0                irrstScanInput
 .text.irrstKeysHeld
                0x00105990       0x1c c:/devkitPro/libctru/lib\libctru.a(irrst.o)
                0x00105990                irrstKeysHeld
 .text.IRRST_GetHandles
                0x001059ac       0x50 c:/devkitPro/libctru/lib\libctru.a(irrst.o)
                0x001059ac                IRRST_GetHandles
 .text.irrstInit
                0x001059fc      0x150 c:/devkitPro/libctru/lib\libctru.a(irrst.o)
                0x001059fc                irrstInit
 .text.IRRST_Shutdown
                0x00105b4c       0x2c c:/devkitPro/libctru/lib\libctru.a(irrst.o)
                0x00105b4c                IRRST_Shutdown
 .text.irrstExit
                0x00105b78       0xac c:/devkitPro/libctru/lib\libctru.a(irrst.o)
                0x00105b78                irrstExit
 .text.utf8_to_utf16
                0x00105c24       0xc0 c:/devkitPro/libctru/lib\libctru.a(utf8_to_utf16.o)
                0x00105c24                utf8_to_utf16
 .text.decode_utf8
                0x00105ce4      0x138 c:/devkitPro/libctru/lib\libctru.a(decode_utf8.o)
                0x00105ce4                decode_utf8
 .text.encode_utf16
                0x00105e1c       0x68 c:/devkitPro/libctru/lib\libctru.a(encode_utf16.o)
                0x00105e1c                encode_utf16
 .text.__system_initArgv
                0x00105e84       0xe8 c:/devkitPro/libctru/lib\libctru.a(initArgv.o)
                0x00105e84                __system_initArgv
 .text.__libctru_init
                0x00105f6c       0x38 c:/devkitPro/libctru/lib\libctru.a(initSystem.o)
                0x00105f6c                __libctru_init
 .text.svcControlMemory
                0x00105fa4       0x20 c:/devkitPro/libctru/lib\libctru.a(svc.o)
                0x00105fa4                svcControlMemory
 .text.svcExitProcess
                0x00105fc4        0x8 c:/devkitPro/libctru/lib\libctru.a(svc.o)
                0x00105fc4                svcExitProcess
 .text.svcCreateThread
                0x00105fcc       0x20 c:/devkitPro/libctru/lib\libctru.a(svc.o)
                0x00105fcc                svcCreateThread
 .text.svcExitThread
                0x00105fec        0x8 c:/devkitPro/libctru/lib\libctru.a(svc.o)
                0x00105fec                svcExitThread
 .text.svcSleepThread
                0x00105ff4        0x8 c:/devkitPro/libctru/lib\libctru.a(svc.o)
                0x00105ff4                svcSleepThread
 .text.svcReleaseMutex
                0x00105ffc        0x8 c:/devkitPro/libctru/lib\libctru.a(svc.o)
                0x00105ffc                svcReleaseMutex
 .text.svcCreateEvent
                0x00106004       0x14 c:/devkitPro/libctru/lib\libctru.a(svc.o)
                0x00106004                svcCreateEvent
 .text.svcSignalEvent
                0x00106018        0x8 c:/devkitPro/libctru/lib\libctru.a(svc.o)
                0x00106018                svcSignalEvent
 .text.svcClearEvent
                0x00106020        0x8 c:/devkitPro/libctru/lib\libctru.a(svc.o)
                0x00106020                svcClearEvent
 .text.svcCreateMemoryBlock
                0x00106028       0x18 c:/devkitPro/libctru/lib\libctru.a(svc.o)
                0x00106028                svcCreateMemoryBlock
 .text.svcMapMemoryBlock
                0x00106040        0x8 c:/devkitPro/libctru/lib\libctru.a(svc.o)
                0x00106040                svcMapMemoryBlock
 .text.svcUnmapMemoryBlock
                0x00106048        0x8 c:/devkitPro/libctru/lib\libctru.a(svc.o)
                0x00106048                svcUnmapMemoryBlock
 .text.svcCreateAddressArbiter
                0x00106050       0x14 c:/devkitPro/libctru/lib\libctru.a(svc.o)
                0x00106050                svcCreateAddressArbiter
 .text.svcArbitrateAddress
                0x00106064       0x18 c:/devkitPro/libctru/lib\libctru.a(svc.o)
                0x00106064                svcArbitrateAddress
 .text.svcCloseHandle
                0x0010607c        0x8 c:/devkitPro/libctru/lib\libctru.a(svc.o)
                0x0010607c                svcCloseHandle
 .text.svcWaitSynchronization
                0x00106084        0x8 c:/devkitPro/libctru/lib\libctru.a(svc.o)
                0x00106084                svcWaitSynchronization
 .text.svcWaitSynchronizationN
                0x0010608c       0x28 c:/devkitPro/libctru/lib\libctru.a(svc.o)
                0x0010608c                svcWaitSynchronizationN
 .text.svcDuplicateHandle
                0x001060b4       0x14 c:/devkitPro/libctru/lib\libctru.a(svc.o)
                0x001060b4                svcDuplicateHandle
 .text.svcGetSystemTick
                0x001060c8        0x8 c:/devkitPro/libctru/lib\libctru.a(svc.o)
                0x001060c8                svcGetSystemTick
 .text.svcGetSystemInfo
                0x001060d0       0x18 c:/devkitPro/libctru/lib\libctru.a(svc.o)
                0x001060d0                svcGetSystemInfo
 .text.svcConnectToPort
                0x001060e8       0x14 c:/devkitPro/libctru/lib\libctru.a(svc.o)
                0x001060e8                svcConnectToPort
 .text.svcSendSyncRequest
                0x001060fc        0x8 c:/devkitPro/libctru/lib\libctru.a(svc.o)
                0x001060fc                svcSendSyncRequest
 .text.svcBreak
                0x00106104        0x8 c:/devkitPro/libctru/lib\libctru.a(svc.o)
                0x00106104                svcBreak
 .text.svcOutputDebugString
                0x0010610c        0x8 c:/devkitPro/libctru/lib\libctru.a(svc.o)
                0x0010610c                svcOutputDebugString
 .text._ZL21addrMapNodeComparatorPK11rbtree_nodeS1_
                0x00106114       0x24 c:/devkitPro/libctru/lib\libctru.a(linear.o)
 .text._ZL21addrMapNodeDestructorP11rbtree_node
                0x00106138        0x4 c:/devkitPro/libctru/lib\libctru.a(linear.o)
 .text.linearMemAlign
                0x0010613c      0x13c c:/devkitPro/libctru/lib\libctru.a(linear.o)
                0x0010613c                linearMemAlign
 .text.linearAlloc
                0x00106278        0x8 c:/devkitPro/libctru/lib\libctru.a(linear.o)
                0x00106278                linearAlloc
 .text.linearFree
                0x00106280       0x50 c:/devkitPro/libctru/lib\libctru.a(linear.o)
                0x00106280                linearFree
 .text._ZL21addrMapNodeComparatorPK11rbtree_nodeS1_
                0x001062d0       0x24 c:/devkitPro/libctru/lib\libctru.a(mappable.o)
 .text._ZL21addrMapNodeDestructorP11rbtree_node
                0x001062f4        0x4 c:/devkitPro/libctru/lib\libctru.a(mappable.o)
 .text.mappableAlloc
                0x001062f8       0xf4 c:/devkitPro/libctru/lib\libctru.a(mappable.o)
                0x001062f8                mappableAlloc
 .text.mappableFree
                0x001063ec       0x50 c:/devkitPro/libctru/lib\libctru.a(mappable.o)
                0x001063ec                mappableFree
 .text._ZL21addrMapNodeComparatorPK11rbtree_nodeS1_
                0x0010643c       0x24 c:/devkitPro/libctru/lib\libctru.a(vram.o)
 .text._ZL21addrMapNodeDestructorP11rbtree_node
                0x00106460        0x4 c:/devkitPro/libctru/lib\libctru.a(vram.o)
 .text.vramMemAlign
                0x00106464      0x12c c:/devkitPro/libctru/lib\libctru.a(vram.o)
                0x00106464                vramMemAlign
 .text.vramAlloc
                0x00106590        0x8 c:/devkitPro/libctru/lib\libctru.a(vram.o)
                0x00106590                vramAlloc
 .text.vramFree
                0x00106598       0x50 c:/devkitPro/libctru/lib\libctru.a(vram.o)
                0x00106598                vramFree
 .text.threadCreate
                0x001065e8      0x1bc c:/devkitPro/libctru/lib\libctru.a(thread.o)
                0x001065e8                threadCreate
 .text.threadJoin
                0x001067a4       0x24 c:/devkitPro/libctru/lib\libctru.a(thread.o)
                0x001067a4                threadJoin
 .text.threadExit
                0x001067c8       0x70 c:/devkitPro/libctru/lib\libctru.a(thread.o)
                0x001067c8                threadExit
 .text._thread_begin
                0x00106838       0x40 c:/devkitPro/libctru/lib\libctru.a(thread.o)
 .text.srvExit  0x00106878       0x50 c:/devkitPro/libctru/lib\libctru.a(srv.o)
                0x00106878                srvExit
 .text.srvRegisterClient
                0x001068c8       0x38 c:/devkitPro/libctru/lib\libctru.a(srv.o)
                0x001068c8                srvRegisterClient
 .text.srvInit  0x00106900       0x78 c:/devkitPro/libctru/lib\libctru.a(srv.o)
                0x00106900                srvInit
 .text.srvGetServiceHandleDirect
                0x00106978       0x68 c:/devkitPro/libctru/lib\libctru.a(srv.o)
                0x00106978                srvGetServiceHandleDirect
 .text.srvGetServiceHandle
                0x001069e0       0x38 c:/devkitPro/libctru/lib\libctru.a(srv.o)
                0x001069e0                srvGetServiceHandle
 .text.getSysTime
                0x00106a18       0x58 c:/devkitPro/libctru/lib\libctru.a(os.o)
 .text.osGetMemRegionUsed
                0x00106a70       0x24 c:/devkitPro/libctru/lib\libctru.a(os.o)
                0x00106a70                osGetMemRegionUsed
 *fill*         0x00106a94        0x4 
 .text.__libctru_gtod
                0x00106a98       0xf4 c:/devkitPro/libctru/lib\libctru.a(os.o)
                0x00106a98                __libctru_gtod
 .text.__ctru_speedup_config
                0x00106b8c       0x34 c:/devkitPro/libctru/lib\libctru.a(os.o)
                0x00106b8c                __ctru_speedup_config
 .text.envGetHandle
                0x00106bc0       0x84 c:/devkitPro/libctru/lib\libctru.a(env.o)
                0x00106bc0                envGetHandle
 .text.envDestroyHandles
                0x00106c44       0x4c c:/devkitPro/libctru/lib\libctru.a(env.o)
                0x00106c44                envDestroyHandles
 .text.LightLock_Unlock.part.1
                0x00106c90       0x34 c:/devkitPro/libctru/lib\libctru.a(synchronization.o)
 .text.__sync_init
                0x00106cc4        0xc c:/devkitPro/libctru/lib\libctru.a(synchronization.o)
                0x00106cc4                __sync_init
 .text.__sync_fini
                0x00106cd0       0x18 c:/devkitPro/libctru/lib\libctru.a(synchronization.o)
                0x00106cd0                __sync_fini
 .text.__sync_get_arbiter
                0x00106ce8       0x10 c:/devkitPro/libctru/lib\libctru.a(synchronization.o)
                0x00106ce8                __sync_get_arbiter
 .text.LightLock_Init
                0x00106cf8       0x18 c:/devkitPro/libctru/lib\libctru.a(synchronization.o)
                0x00106cf8                LightLock_Init
 .text.LightLock_Lock
                0x00106d10       0xa0 c:/devkitPro/libctru/lib\libctru.a(synchronization.o)
                0x00106d10                LightLock_Lock
 .text.LightLock_TryLock
                0x00106db0       0x34 c:/devkitPro/libctru/lib\libctru.a(synchronization.o)
                0x00106db0                LightLock_TryLock
 .text.LightLock_Unlock
                0x00106de4       0x20 c:/devkitPro/libctru/lib\libctru.a(synchronization.o)
                0x00106de4                LightLock_Unlock
 .text.RecursiveLock_Init
                0x00106e04       0x24 c:/devkitPro/libctru/lib\libctru.a(synchronization.o)
                0x00106e04                RecursiveLock_Init
 .text.RecursiveLock_Lock
                0x00106e28       0x30 c:/devkitPro/libctru/lib\libctru.a(synchronization.o)
                0x00106e28                RecursiveLock_Lock
 .text.RecursiveLock_TryLock
                0x00106e58       0x58 c:/devkitPro/libctru/lib\libctru.a(synchronization.o)
                0x00106e58                RecursiveLock_TryLock
 .text.RecursiveLock_Unlock
                0x00106eb0       0x38 c:/devkitPro/libctru/lib\libctru.a(synchronization.o)
                0x00106eb0                RecursiveLock_Unlock
 .text.LightEvent_Init
                0x00106ee8       0x38 c:/devkitPro/libctru/lib\libctru.a(synchronization.o)
                0x00106ee8                LightEvent_Init
 .text.LightEvent_Clear
                0x00106f20       0x7c c:/devkitPro/libctru/lib\libctru.a(synchronization.o)
                0x00106f20                LightEvent_Clear
 .text.LightEvent_Signal
                0x00106f9c       0xdc c:/devkitPro/libctru/lib\libctru.a(synchronization.o)
                0x00106f9c                LightEvent_Signal
 .text.LightEvent_Wait
                0x00107078       0xd0 c:/devkitPro/libctru/lib\libctru.a(synchronization.o)
                0x00107078                LightEvent_Wait
 .text.ptmSysmInit
                0x00107148       0x70 c:/devkitPro/libctru/lib\libctru.a(ptmsysm.o)
                0x00107148                ptmSysmInit
 .text.ptmSysmExit
                0x001071b8       0x34 c:/devkitPro/libctru/lib\libctru.a(ptmsysm.o)
                0x001071b8                ptmSysmExit
 .text.PTMSYSM_ConfigureNew3DSCPU
                0x001071ec       0x34 c:/devkitPro/libctru/lib\libctru.a(ptmsysm.o)
                0x001071ec                PTMSYSM_ConfigureNew3DSCPU
 .text.rbtree_find
                0x00107220       0x70 c:/devkitPro/libctru/lib\libctru.a(rbtree_find.o)
                0x00107220                rbtree_find
 .text.rbtree_remove
                0x00107290      0x324 c:/devkitPro/libctru/lib\libctru.a(rbtree_remove.o)
                0x00107290                rbtree_remove
 .text.rbtree_node_next
                0x001075b4       0x74 c:/devkitPro/libctru/lib\libctru.a(rbtree_iterator.o)
                0x001075b4                rbtree_node_next
 .text.rbtree_rotate
                0x00107628       0x94 c:/devkitPro/libctru/lib\libctru.a(rbtree_rotate.o)
                0x00107628                rbtree_rotate
 .text.do_insert
                0x001076bc      0x18c c:/devkitPro/libctru/lib\libctru.a(rbtree_insert.o)
 .text.rbtree_insert
                0x00107848        0x8 c:/devkitPro/libctru/lib\libctru.a(rbtree_insert.o)
                0x00107848                rbtree_insert
 .text.rbtree_init
                0x00107850       0x14 c:/devkitPro/libctru/lib\libctru.a(rbtree_init.o)
                0x00107850                rbtree_init
 .text.__libctru_exit
                0x00107864       0xa4 c:/devkitPro/libctru/lib\libctru.a(ctru_exit.o)
                0x00107864                __libctru_exit
 .text.__appExit
                0x00107908       0x1c c:/devkitPro/libctru/lib\libctru.a(appExit.o)
                0x00107908                __appExit
 .text.osGetMemRegionSize
                0x00107924       0x58 c:/devkitPro/libctru/lib\libctru.a(allocateHeaps.o)
 .text.__system_allocateHeaps
                0x0010797c      0x104 c:/devkitPro/libctru/lib\libctru.a(allocateHeaps.o)
                0x0010797c                __system_allocateHeaps
 .text.__ctru_get_reent
                0x00107a80       0x30 c:/devkitPro/libctru/lib\libctru.a(syscalls.o)
 .text.__system_initSyscalls
                0x00107ab0       0xe4 c:/devkitPro/libctru/lib\libctru.a(syscalls.o)
                0x00107ab0                __system_initSyscalls
 .text.__appInit
                0x00107b94       0x1c c:/devkitPro/libctru/lib\libctru.a(appInit.o)
                0x00107b94                __appInit
 .text._ZN7MemPool13CoalesceRightEP8MemBlock
                0x00107bb0       0x98 c:/devkitPro/libctru/lib\libctru.a(mem_pool.o)
                0x00107bb0                MemPool::CoalesceRight(MemBlock*)
 .text._ZN7MemPool8AllocateER8MemChunkmi
                0x00107c48      0x178 c:/devkitPro/libctru/lib\libctru.a(mem_pool.o)
                0x00107c48                MemPool::Allocate(MemChunk&, unsigned long, int)
 .text._ZN7MemPool10DeallocateERK8MemChunk
                0x00107dc0      0x100 c:/devkitPro/libctru/lib\libctru.a(mem_pool.o)
                0x00107dc0                MemPool::Deallocate(MemChunk const&)
 .text.sdmc_link
                0x00107ec0       0x10 c:/devkitPro/libctru/lib\libctru.a(sdmc_dev.o)
 .text.sdmc_dirreset
                0x00107ed0       0x10 c:/devkitPro/libctru/lib\libctru.a(sdmc_dev.o)
 .text.sdmc_fchmod
                0x00107ee0       0x10 c:/devkitPro/libctru/lib\libctru.a(sdmc_dev.o)
 .text.error_cmp
                0x00107ef0       0x24 c:/devkitPro/libctru/lib\libctru.a(sdmc_dev.o)
 .text.sdmc_translate_error
                0x00107f14       0x50 c:/devkitPro/libctru/lib\libctru.a(sdmc_dev.o)
 .text.sdmc_fsync
                0x00107f64       0x34 c:/devkitPro/libctru/lib\libctru.a(sdmc_dev.o)
 .text.sdmc_ftruncate
                0x00107f98       0x54 c:/devkitPro/libctru/lib\libctru.a(sdmc_dev.o)
 .text.sdmc_statvfs
                0x00107fec       0xb8 c:/devkitPro/libctru/lib\libctru.a(sdmc_dev.o)
 .text.sdmc_dirclose
                0x001080a4       0x38 c:/devkitPro/libctru/lib\libctru.a(sdmc_dev.o)
 .text.sdmc_dirnext
                0x001080dc      0x138 c:/devkitPro/libctru/lib\libctru.a(sdmc_dev.o)
 .text.sdmc_close
                0x00108214       0x34 c:/devkitPro/libctru/lib\libctru.a(sdmc_dev.o)
 .text.sdmc_fstat
                0x00108248       0x74 c:/devkitPro/libctru/lib\libctru.a(sdmc_dev.o)
 .text.sdmc_seek
                0x001082bc       0xd8 c:/devkitPro/libctru/lib\libctru.a(sdmc_dev.o)
 .text.sdmc_read
                0x00108394       0x84 c:/devkitPro/libctru/lib\libctru.a(sdmc_dev.o)
 .text.sdmc_write
                0x00108418       0xb8 c:/devkitPro/libctru/lib\libctru.a(sdmc_dev.o)
 .text.sdmc_utf16path
                0x001084d0      0x1b4 c:/devkitPro/libctru/lib\libctru.a(sdmc_dev.o)
 .text.sdmc_rmdir
                0x00108684       0x74 c:/devkitPro/libctru/lib\libctru.a(sdmc_dev.o)
 .text.sdmc_diropen
                0x001086f8       0xa4 c:/devkitPro/libctru/lib\libctru.a(sdmc_dev.o)
 .text.sdmc_chdir
                0x0010879c       0xa0 c:/devkitPro/libctru/lib\libctru.a(sdmc_dev.o)
 .text.sdmc_mkdir
                0x0010883c       0x98 c:/devkitPro/libctru/lib\libctru.a(sdmc_dev.o)
 .text.sdmc_rename
                0x001088d4      0x108 c:/devkitPro/libctru/lib\libctru.a(sdmc_dev.o)
 .text.sdmc_unlink
                0x001089dc       0x74 c:/devkitPro/libctru/lib\libctru.a(sdmc_dev.o)
 .text.sdmc_stat
                0x00108a50      0x108 c:/devkitPro/libctru/lib\libctru.a(sdmc_dev.o)
 .text.sdmc_open
                0x00108b58      0x188 c:/devkitPro/libctru/lib\libctru.a(sdmc_dev.o)
 .text.sdmc_chmod
                0x00108ce0       0x10 c:/devkitPro/libctru/lib\libctru.a(sdmc_dev.o)
 .text.sdmcInit
                0x00108cf0      0x15c c:/devkitPro/libctru/lib\libctru.a(sdmc_dev.o)
                0x00108cf0                sdmcInit
 .text.sdmcExit
                0x00108e4c       0x58 c:/devkitPro/libctru/lib\libctru.a(sdmc_dev.o)
                0x00108e4c                sdmcExit
 .text.fsSessionForArchive.part.0
                0x00108ea4       0x28 c:/devkitPro/libctru/lib\libctru.a(fs.o)
 .text.fsInit   0x00108ecc       0xc8 c:/devkitPro/libctru/lib\libctru.a(fs.o)
                0x00108ecc                fsInit
 .text.fsExit   0x00108f94       0x38 c:/devkitPro/libctru/lib\libctru.a(fs.o)
                0x00108f94                fsExit
 .text.fsExemptFromSession
                0x00108fcc       0xa0 c:/devkitPro/libctru/lib\libctru.a(fs.o)
                0x00108fcc                fsExemptFromSession
 .text.fsUnexemptFromSession
                0x0010906c       0x54 c:/devkitPro/libctru/lib\libctru.a(fs.o)
                0x0010906c                fsUnexemptFromSession
 .text.FSUSER_OpenFile
                0x001090c0       0xbc c:/devkitPro/libctru/lib\libctru.a(fs.o)
                0x001090c0                FSUSER_OpenFile
 .text.FSUSER_DeleteFile
                0x0010917c       0xa4 c:/devkitPro/libctru/lib\libctru.a(fs.o)
                0x0010917c                FSUSER_DeleteFile
 .text.FSUSER_RenameFile
                0x00109220       0xe0 c:/devkitPro/libctru/lib\libctru.a(fs.o)
                0x00109220                FSUSER_RenameFile
 .text.FSUSER_DeleteDirectory
                0x00109300       0xa4 c:/devkitPro/libctru/lib\libctru.a(fs.o)
                0x00109300                FSUSER_DeleteDirectory
 .text.FSUSER_CreateFile
                0x001093a4       0xbc c:/devkitPro/libctru/lib\libctru.a(fs.o)
                0x001093a4                FSUSER_CreateFile
 .text.FSUSER_CreateDirectory
                0x00109460       0xac c:/devkitPro/libctru/lib\libctru.a(fs.o)
                0x00109460                FSUSER_CreateDirectory
 .text.FSUSER_RenameDirectory
                0x0010950c       0xe0 c:/devkitPro/libctru/lib\libctru.a(fs.o)
                0x0010950c                FSUSER_RenameDirectory
 .text.FSUSER_OpenDirectory
                0x001095ec       0xa4 c:/devkitPro/libctru/lib\libctru.a(fs.o)
                0x001095ec                FSUSER_OpenDirectory
 .text.FSUSER_OpenArchive
                0x00109690       0x98 c:/devkitPro/libctru/lib\libctru.a(fs.o)
                0x00109690                FSUSER_OpenArchive
 .text.FSUSER_CloseArchive
                0x00109728       0x74 c:/devkitPro/libctru/lib\libctru.a(fs.o)
                0x00109728                FSUSER_CloseArchive
 .text.FSUSER_GetSdmcArchiveResource
                0x0010979c       0x78 c:/devkitPro/libctru/lib\libctru.a(fs.o)
                0x0010979c                FSUSER_GetSdmcArchiveResource
 .text.FSUSER_IsSdmcWritable
                0x00109814       0x64 c:/devkitPro/libctru/lib\libctru.a(fs.o)
                0x00109814                FSUSER_IsSdmcWritable
 .text.FSFILE_Read
                0x00109878       0x5c c:/devkitPro/libctru/lib\libctru.a(fs.o)
                0x00109878                FSFILE_Read
 .text.FSFILE_Write
                0x001098d4       0x64 c:/devkitPro/libctru/lib\libctru.a(fs.o)
                0x001098d4                FSFILE_Write
 .text.FSFILE_GetSize
                0x00109938       0x3c c:/devkitPro/libctru/lib\libctru.a(fs.o)
                0x00109938                FSFILE_GetSize
 .text.FSFILE_SetSize
                0x00109974       0x2c c:/devkitPro/libctru/lib\libctru.a(fs.o)
                0x00109974                FSFILE_SetSize
 .text.FSFILE_Close
                0x001099a0       0x3c c:/devkitPro/libctru/lib\libctru.a(fs.o)
                0x001099a0                FSFILE_Close
 .text.FSFILE_Flush
                0x001099dc       0x24 c:/devkitPro/libctru/lib\libctru.a(fs.o)
                0x001099dc                FSFILE_Flush
 .text.FSDIR_Read
                0x00109a00       0x54 c:/devkitPro/libctru/lib\libctru.a(fs.o)
                0x00109a00                FSDIR_Read
 .text.FSDIR_Close
                0x00109a54       0x3c c:/devkitPro/libctru/lib\libctru.a(fs.o)
                0x00109a54                FSDIR_Close
 .text.utf16_to_utf8
                0x00109a90       0xe8 c:/devkitPro/libctru/lib\libctru.a(utf16_to_utf8.o)
                0x00109a90                utf16_to_utf8
 .text.encode_utf8
                0x00109b78      0x104 c:/devkitPro/libctru/lib\libctru.a(encode_utf8.o)
                0x00109b78                encode_utf8
 .text.__aeabi_read_tp
                0x00109c7c        0xc c:/devkitPro/libctru/lib\libctru.a(readtp.o)
                0x00109c7c                __aeabi_read_tp
 .text.decode_utf16
                0x00109c88       0x60 c:/devkitPro/libctru/lib\libctru.a(decode_utf16.o)
                0x00109c88                decode_utf16
 .text.__udivmoddi4
                0x00109ce8      0x128 c:/devkitpro/devkitarm/bin/../lib/gcc/arm-none-eabi/6.3.0/armv6k/fpu\libgcc.a(_udivmoddi4.o)
                0x00109ce8                __udivmoddi4
 .text.bsearch  0x00109e10       0x74 c:/devkitpro/devkitarm/bin/../lib/gcc/arm-none-eabi/6.3.0/../../../../arm-none-eabi/lib/armv6k/fpu\libg.a(lib_a-bsearch.o)
                0x00109e10                bsearch
 .text._calloc_r
                0x00109e84       0x90 c:/devkitpro/devkitarm/bin/../lib/gcc/arm-none-eabi/6.3.0/../../../../arm-none-eabi/lib/armv6k/fpu\libg.a(lib_a-callocr.o)
                0x00109e84                _calloc_r
 .text.__errno  0x00109f14        0xc c:/devkitpro/devkitarm/bin/../lib/gcc/arm-none-eabi/6.3.0/../../../../arm-none-eabi/lib/armv6k/fpu\libg.a(lib_a-errno.o)
                0x00109f14                __errno
 .text._fclose_r
                0x00109f20      0x154 c:/devkitpro/devkitarm/bin/../lib/gcc/arm-none-eabi/6.3.0/../../../../arm-none-eabi/lib/armv6k/fpu\libg.a(lib_a-fclose.o)
                0x00109f20                _fclose_r
 .text.fclose   0x0010a074       0x18 c:/devkitpro/devkitarm/bin/../lib/gcc/arm-none-eabi/6.3.0/../../../../arm-none-eabi/lib/armv6k/fpu\libg.a(lib_a-fclose.o)
                0x0010a074                fclose
 .text.__sflush_r
                0x0010a08c      0x254 c:/devkitpro/devkitarm/bin/../lib/gcc/arm-none-eabi/6.3.0/../../../../arm-none-eabi/lib/armv6k/fpu\libg.a(lib_a-fflush.o)
                0x0010a08c                __sflush_r
 .text._fflush_r
                0x0010a2e0       0x94 c:/devkitpro/devkitarm/bin/../lib/gcc/arm-none-eabi/6.3.0/../../../../arm-none-eabi/lib/armv6k/fpu\libg.a(lib_a-fflush.o)
                0x0010a2e0                _fflush_r
 .text.fflush   0x0010a374       0x38 c:/devkitpro/devkitarm/bin/../lib/gcc/arm-none-eabi/6.3.0/../../../../arm-none-eabi/lib/armv6k/fpu\libg.a(lib_a-fflush.o)
                0x0010a374                fflush
 .text._cleanup_r
                0x0010a3ac        0xc c:/devkitpro/devkitarm/bin/../lib/gcc/arm-none-eabi/6.3.0/../../../../arm-none-eabi/lib/armv6k/fpu\libg.a(lib_a-findfp.o)
                0x0010a3ac                _cleanup_r
 .text.std.isra.0
                0x0010a3b8       0x80 c:/devkitpro/devkitarm/bin/../lib/gcc/arm-none-eabi/6.3.0/../../../../arm-none-eabi/lib/armv6k/fpu\libg.a(lib_a-findfp.o)
 .text.__sfmoreglue
                0x0010a438       0x48 c:/devkitpro/devkitarm/bin/../lib/gcc/arm-none-eabi/6.3.0/../../../../arm-none-eabi/lib/armv6k/fpu\libg.a(lib_a-findfp.o)
                0x0010a438                __sfmoreglue
 .text.__sinit  0x0010a480       0x8c c:/devkitpro/devkitarm/bin/../lib/gcc/arm-none-eabi/6.3.0/../../../../arm-none-eabi/lib/armv6k/fpu\libg.a(lib_a-findfp.o)
                0x0010a480                __sinit
 .text.__sfp    0x0010a50c      0x118 c:/devkitpro/devkitarm/bin/../lib/gcc/arm-none-eabi/6.3.0/../../../../arm-none-eabi/lib/armv6k/fpu\libg.a(lib_a-findfp.o)
                0x0010a50c                __sfp
 .text.__sfp_lock_acquire
                0x0010a624        0xc c:/devkitpro/devkitarm/bin/../lib/gcc/arm-none-eabi/6.3.0/../../../../arm-none-eabi/lib/armv6k/fpu\libg.a(lib_a-findfp.o)
                0x0010a624                __sfp_lock_acquire
 .text.__sfp_lock_release
                0x0010a630        0xc c:/devkitpro/devkitarm/bin/../lib/gcc/arm-none-eabi/6.3.0/../../../../arm-none-eabi/lib/armv6k/fpu\libg.a(lib_a-findfp.o)
                0x0010a630                __sfp_lock_release
 .text.__libc_fini_array
                0x0010a63c       0x40 c:/devkitpro/devkitarm/bin/../lib/gcc/arm-none-eabi/6.3.0/../../../../arm-none-eabi/lib/armv6k/fpu\libg.a(lib_a-fini.o)
                0x0010a63c                __libc_fini_array
 .text._fopen_r
                0x0010a67c      0x148 c:/devkitpro/devkitarm/bin/../lib/gcc/arm-none-eabi/6.3.0/../../../../arm-none-eabi/lib/armv6k/fpu\libg.a(lib_a-fopen.o)
                0x0010a67c                _fopen_r
 .text.fopen    0x0010a7c4       0x20 c:/devkitpro/devkitarm/bin/../lib/gcc/arm-none-eabi/6.3.0/../../../../arm-none-eabi/lib/armv6k/fpu\libg.a(lib_a-fopen.o)
                0x0010a7c4                fopen
 .text._malloc_trim_r
                0x0010a7e4       0xf8 c:/devkitpro/devkitarm/bin/../lib/gcc/arm-none-eabi/6.3.0/../../../../arm-none-eabi/lib/armv6k/fpu\libg.a(lib_a-freer.o)
                0x0010a7e4                _malloc_trim_r
 .text._free_r  0x0010a8dc      0x2e4 c:/devkitpro/devkitarm/bin/../lib/gcc/arm-none-eabi/6.3.0/../../../../arm-none-eabi/lib/armv6k/fpu\libg.a(lib_a-freer.o)
                0x0010a8dc                _free_r
 .text._fseek_r
                0x0010abc0        0x4 c:/devkitpro/devkitarm/bin/../lib/gcc/arm-none-eabi/6.3.0/../../../../arm-none-eabi/lib/armv6k/fpu\libg.a(lib_a-fseek.o)
                0x0010abc0                _fseek_r
 .text._fseeko_r
                0x0010abc4      0x5d4 c:/devkitpro/devkitarm/bin/../lib/gcc/arm-none-eabi/6.3.0/../../../../arm-none-eabi/lib/armv6k/fpu\libg.a(lib_a-fseeko.o)
                0x0010abc4                _fseeko_r
 .text._fwalk   0x0010b198       0x78 c:/devkitpro/devkitarm/bin/../lib/gcc/arm-none-eabi/6.3.0/../../../../arm-none-eabi/lib/armv6k/fpu\libg.a(lib_a-fwalk.o)
                0x0010b198                _fwalk
 .text._fwalk_reent
                0x0010b210       0x80 c:/devkitpro/devkitarm/bin/../lib/gcc/arm-none-eabi/6.3.0/../../../../arm-none-eabi/lib/armv6k/fpu\libg.a(lib_a-fwalk.o)
                0x0010b210                _fwalk_reent
 .text._fwrite_r
                0x0010b290       0xf4 c:/devkitpro/devkitarm/bin/../lib/gcc/arm-none-eabi/6.3.0/../../../../arm-none-eabi/lib/armv6k/fpu\libg.a(lib_a-fwrite.o)
                0x0010b290                _fwrite_r
 .text.fwrite   0x0010b384       0x38 c:/devkitpro/devkitarm/bin/../lib/gcc/arm-none-eabi/6.3.0/../../../../arm-none-eabi/lib/armv6k/fpu\libg.a(lib_a-fwrite.o)
                0x0010b384                fwrite
 .text.__libc_init_array
                0x0010b3bc       0x78 c:/devkitpro/devkitarm/bin/../lib/gcc/arm-none-eabi/6.3.0/../../../../arm-none-eabi/lib/armv6k/fpu\libg.a(lib_a-init.o)
                0x0010b3bc                __libc_init_array
 .text.__swhatbuf_r
                0x0010b434       0x94 c:/devkitpro/devkitarm/bin/../lib/gcc/arm-none-eabi/6.3.0/../../../../arm-none-eabi/lib/armv6k/fpu\libg.a(lib_a-makebuf.o)
                0x0010b434                __swhatbuf_r
 .text.__smakebuf_r
                0x0010b4c8       0xf4 c:/devkitpro/devkitarm/bin/../lib/gcc/arm-none-eabi/6.3.0/../../../../arm-none-eabi/lib/armv6k/fpu\libg.a(lib_a-makebuf.o)
                0x0010b4c8                __smakebuf_r
 .text.memalign
                0x0010b5bc       0x20 c:/devkitpro/devkitarm/bin/../lib/gcc/arm-none-eabi/6.3.0/../../../../arm-none-eabi/lib/armv6k/fpu\libg.a(lib_a-malign.o)
                0x0010b5bc                memalign
 .text._memalign_r
                0x0010b5dc      0x158 c:/devkitpro/devkitarm/bin/../lib/gcc/arm-none-eabi/6.3.0/../../../../arm-none-eabi/lib/armv6k/fpu\libg.a(lib_a-malignr.o)
                0x0010b5dc                _memalign_r
 .text.malloc   0x0010b734       0x18 c:/devkitpro/devkitarm/bin/../lib/gcc/arm-none-eabi/6.3.0/../../../../arm-none-eabi/lib/armv6k/fpu\libg.a(lib_a-malloc.o)
                0x0010b734                malloc
 .text.free     0x0010b74c       0x18 c:/devkitpro/devkitarm/bin/../lib/gcc/arm-none-eabi/6.3.0/../../../../arm-none-eabi/lib/armv6k/fpu\libg.a(lib_a-malloc.o)
                0x0010b74c                free
 .text._malloc_r
                0x0010b764      0x78c c:/devkitpro/devkitarm/bin/../lib/gcc/arm-none-eabi/6.3.0/../../../../arm-none-eabi/lib/armv6k/fpu\libg.a(lib_a-mallocr.o)
                0x0010b764                _malloc_r
 .text.memchr   0x0010bef0      0x104 c:/devkitpro/devkitarm/bin/../lib/gcc/arm-none-eabi/6.3.0/../../../../arm-none-eabi/lib/armv6k/fpu\libg.a(lib_a-memchr-stub.o)
                0x0010bef0                memchr
 .text.memcpy   0x0010bff4      0x114 c:/devkitpro/devkitarm/bin/../lib/gcc/arm-none-eabi/6.3.0/../../../../arm-none-eabi/lib/armv6k/fpu\libg.a(lib_a-memcpy-stub.o)
                0x0010bff4                memcpy
 .text.memset   0x0010c108      0x110 c:/devkitpro/devkitarm/bin/../lib/gcc/arm-none-eabi/6.3.0/../../../../arm-none-eabi/lib/armv6k/fpu\libg.a(lib_a-memset.o)
                0x0010c108                memset
 .text.__malloc_lock
                0x0010c218        0xc c:/devkitpro/devkitarm/bin/../lib/gcc/arm-none-eabi/6.3.0/../../../../arm-none-eabi/lib/armv6k/fpu\libg.a(lib_a-mlock.o)
                0x0010c218                __malloc_lock
 .text.__malloc_unlock
                0x0010c224        0xc c:/devkitpro/devkitarm/bin/../lib/gcc/arm-none-eabi/6.3.0/../../../../arm-none-eabi/lib/armv6k/fpu\libg.a(lib_a-mlock.o)
                0x0010c224                __malloc_unlock
 .text.printf   0x0010c230       0x38 c:/devkitpro/devkitarm/bin/../lib/gcc/arm-none-eabi/6.3.0/../../../../arm-none-eabi/lib/armv6k/fpu\libg.a(lib_a-printf.o)
                0x0010c230                printf
 .text.putchar  0x0010c268       0x1c c:/devkitpro/devkitarm/bin/../lib/gcc/arm-none-eabi/6.3.0/../../../../arm-none-eabi/lib/armv6k/fpu\libg.a(lib_a-putchar.o)
                0x0010c268                putchar
 .text._putc_r  0x0010c284       0xd4 c:/devkitpro/devkitarm/bin/../lib/gcc/arm-none-eabi/6.3.0/../../../../arm-none-eabi/lib/armv6k/fpu\libg.a(lib_a-putc.o)
                0x0010c284                _putc_r
 .text._puts_r  0x0010c358       0xe0 c:/devkitpro/devkitarm/bin/../lib/gcc/arm-none-eabi/6.3.0/../../../../arm-none-eabi/lib/armv6k/fpu\libg.a(lib_a-puts.o)
                0x0010c358                _puts_r
 .text.puts     0x0010c438       0x18 c:/devkitpro/devkitarm/bin/../lib/gcc/arm-none-eabi/6.3.0/../../../../arm-none-eabi/lib/armv6k/fpu\libg.a(lib_a-puts.o)
                0x0010c438                puts
 .text.realloc  0x0010c450       0x20 c:/devkitpro/devkitarm/bin/../lib/gcc/arm-none-eabi/6.3.0/../../../../arm-none-eabi/lib/armv6k/fpu\libg.a(lib_a-realloc.o)
                0x0010c450                realloc
 .text._realloc_r
                0x0010c470      0x4cc c:/devkitpro/devkitarm/bin/../lib/gcc/arm-none-eabi/6.3.0/../../../../arm-none-eabi/lib/armv6k/fpu\libg.a(lib_a-reallocr.o)
                0x0010c470                _realloc_r
 .text.lflush   0x0010c93c       0x1c c:/devkitpro/devkitarm/bin/../lib/gcc/arm-none-eabi/6.3.0/../../../../arm-none-eabi/lib/armv6k/fpu\libg.a(lib_a-refill.o)
 .text.__srefill_r
                0x0010c958      0x1b4 c:/devkitpro/devkitarm/bin/../lib/gcc/arm-none-eabi/6.3.0/../../../../arm-none-eabi/lib/armv6k/fpu\libg.a(lib_a-refill.o)
                0x0010c958                __srefill_r
 .text.remove   0x0010cb0c       0x28 c:/devkitpro/devkitarm/bin/../lib/gcc/arm-none-eabi/6.3.0/../../../../arm-none-eabi/lib/armv6k/fpu\libg.a(lib_a-remove.o)
                0x0010cb0c                remove
 .text.setvbuf  0x0010cb34      0x258 c:/devkitpro/devkitarm/bin/../lib/gcc/arm-none-eabi/6.3.0/../../../../arm-none-eabi/lib/armv6k/fpu\libg.a(lib_a-setvbuf.o)
                0x0010cb34                setvbuf
 .text.sscanf   0x0010cd8c       0x74 c:/devkitpro/devkitarm/bin/../lib/gcc/arm-none-eabi/6.3.0/../../../../arm-none-eabi/lib/armv6k/fpu\libg.a(lib_a-sscanf.o)
                0x0010cd8c                sscanf
 .text.__sread  0x0010ce00       0x3c c:/devkitpro/devkitarm/bin/../lib/gcc/arm-none-eabi/6.3.0/../../../../arm-none-eabi/lib/armv6k/fpu\libg.a(lib_a-stdio.o)
                0x0010ce00                __sread
 .text.__seofread
                0x0010ce3c        0x8 c:/devkitpro/devkitarm/bin/../lib/gcc/arm-none-eabi/6.3.0/../../../../arm-none-eabi/lib/armv6k/fpu\libg.a(lib_a-stdio.o)
                0x0010ce3c                __seofread
 .text.__swrite
                0x0010ce44       0x64 c:/devkitpro/devkitarm/bin/../lib/gcc/arm-none-eabi/6.3.0/../../../../arm-none-eabi/lib/armv6k/fpu\libg.a(lib_a-stdio.o)
                0x0010ce44                __swrite
 .text.__sseek  0x0010cea8       0x4c c:/devkitpro/devkitarm/bin/../lib/gcc/arm-none-eabi/6.3.0/../../../../arm-none-eabi/lib/armv6k/fpu\libg.a(lib_a-stdio.o)
                0x0010cea8                __sseek
 .text.__sclose
                0x0010cef4        0x8 c:/devkitpro/devkitarm/bin/../lib/gcc/arm-none-eabi/6.3.0/../../../../arm-none-eabi/lib/armv6k/fpu\libg.a(lib_a-stdio.o)
                0x0010cef4                __sclose
 .text.strlen   0x0010cefc       0x5c c:/devkitpro/devkitarm/bin/../lib/gcc/arm-none-eabi/6.3.0/../../../../arm-none-eabi/lib/armv6k/fpu\libg.a(lib_a-strlen-stub.o)
                0x0010cefc                strlen
 .text.strncat  0x0010cf58       0x9c c:/devkitpro/devkitarm/bin/../lib/gcc/arm-none-eabi/6.3.0/../../../../arm-none-eabi/lib/armv6k/fpu\libg.a(lib_a-strncat.o)
                0x0010cf58                strncat
 .text.strncmp  0x0010cff4      0x108 c:/devkitpro/devkitarm/bin/../lib/gcc/arm-none-eabi/6.3.0/../../../../arm-none-eabi/lib/armv6k/fpu\libg.a(lib_a-strncmp.o)
                0x0010cff4                strncmp
 .text.strncpy  0x0010d0fc       0xd8 c:/devkitpro/devkitarm/bin/../lib/gcc/arm-none-eabi/6.3.0/../../../../arm-none-eabi/lib/armv6k/fpu\libg.a(lib_a-strncpy.o)
                0x0010d0fc                strncpy
 .text.__ssvfscanf_r
                0x0010d1d4     0x290c c:/devkitpro/devkitarm/bin/../lib/gcc/arm-none-eabi/6.3.0/../../../../arm-none-eabi/lib/armv6k/fpu\libg.a(lib_a-svfscanf.o)
                0x0010d1d4                __ssvfscanf_r
 .text.stat     0x0010fae0       0x20 c:/devkitpro/devkitarm/bin/../lib/gcc/arm-none-eabi/6.3.0/../../../../arm-none-eabi/lib/armv6k/fpu\libg.a(lib_a-sysstat.o)
                0x0010fae0                stat
 .text.__sprint_r.part.0
                0x0010fb00       0x1c c:/devkitpro/devkitarm/bin/../lib/gcc/arm-none-eabi/6.3.0/../../../../arm-none-eabi/lib/armv6k/fpu\libg.a(lib_a-vfiprintf.o)
 .text.__sprint_r
                0x0010fb1c       0x1c c:/devkitpro/devkitarm/bin/../lib/gcc/arm-none-eabi/6.3.0/../../../../arm-none-eabi/lib/armv6k/fpu\libg.a(lib_a-vfiprintf.o)
                0x0010fb1c                __sprint_r
 .text.get_arg  0x0010fb38     0x1624 c:/devkitpro/devkitarm/bin/../lib/gcc/arm-none-eabi/6.3.0/../../../../arm-none-eabi/lib/armv6k/fpu\libg.a(lib_a-vfprintf.o)
 *fill*         0x0011115c        0x4 
 .text._vfprintf_r
                0x00111160     0x4314 c:/devkitpro/devkitarm/bin/../lib/gcc/arm-none-eabi/6.3.0/../../../../arm-none-eabi/lib/armv6k/fpu\libg.a(lib_a-vfprintf.o)
                0x00111160                _vfprintf_r
 .text.__sbprintf
                0x00115474       0xcc c:/devkitpro/devkitarm/bin/../lib/gcc/arm-none-eabi/6.3.0/../../../../arm-none-eabi/lib/armv6k/fpu\libg.a(lib_a-vfprintf.o)
 .text.__swbuf_r
                0x00115540      0x108 c:/devkitpro/devkitarm/bin/../lib/gcc/arm-none-eabi/6.3.0/../../../../arm-none-eabi/lib/armv6k/fpu\libg.a(lib_a-wbuf.o)
                0x00115540                __swbuf_r
 .text._wcrtomb_r
                0x00115648       0xa0 c:/devkitpro/devkitarm/bin/../lib/gcc/arm-none-eabi/6.3.0/../../../../arm-none-eabi/lib/armv6k/fpu\libg.a(lib_a-wcrtomb.o)
                0x00115648                _wcrtomb_r
 .text._wcsrtombs_r
                0x001156e8       0x20 c:/devkitpro/devkitarm/bin/../lib/gcc/arm-none-eabi/6.3.0/../../../../arm-none-eabi/lib/armv6k/fpu\libg.a(lib_a-wcsrtombs.o)
                0x001156e8                _wcsrtombs_r
 .text.__swsetup_r
                0x00115708      0x144 c:/devkitpro/devkitarm/bin/../lib/gcc/arm-none-eabi/6.3.0/../../../../arm-none-eabi/lib/armv6k/fpu\libg.a(lib_a-wsetup.o)
                0x00115708                __swsetup_r
 .text.quorem   0x0011584c      0x1d0 c:/devkitpro/devkitarm/bin/../lib/gcc/arm-none-eabi/6.3.0/../../../../arm-none-eabi/lib/armv6k/fpu\libg.a(lib_a-dtoa.o)
 *fill*         0x00115a1c        0x4 
 .text._dtoa_r  0x00115a20     0x1260 c:/devkitpro/devkitarm/bin/../lib/gcc/arm-none-eabi/6.3.0/../../../../arm-none-eabi/lib/armv6k/fpu\libg.a(lib_a-dtoa.o)
                0x00115a20                _dtoa_r
 .text.__sflags
                0x00116c80       0xb0 c:/devkitpro/devkitarm/bin/../lib/gcc/arm-none-eabi/6.3.0/../../../../arm-none-eabi/lib/armv6k/fpu\libg.a(lib_a-flags.o)
                0x00116c80                __sflags
 .text.__sfvwrite_r
                0x00116d30      0x4ac c:/devkitpro/devkitarm/bin/../lib/gcc/arm-none-eabi/6.3.0/../../../../arm-none-eabi/lib/armv6k/fpu\libg.a(lib_a-fvwrite.o)
                0x00116d30                __sfvwrite_r
 .text.iswspace
                0x001171dc       0x74 c:/devkitpro/devkitarm/bin/../lib/gcc/arm-none-eabi/6.3.0/../../../../arm-none-eabi/lib/armv6k/fpu\libg.a(lib_a-iswspace.o)
                0x001171dc                iswspace
 .text.__jp2uc  0x00117250      0x204 c:/devkitpro/devkitarm/bin/../lib/gcc/arm-none-eabi/6.3.0/../../../../arm-none-eabi/lib/armv6k/fpu\libg.a(lib_a-jp2uc.o)
 .text._jp2uc   0x00117454       0xc8 c:/devkitpro/devkitarm/bin/../lib/gcc/arm-none-eabi/6.3.0/../../../../arm-none-eabi/lib/armv6k/fpu\libg.a(lib_a-jp2uc.o)
                0x00117454                _jp2uc
 .text.__localeconv_l
                0x0011751c        0x8 c:/devkitpro/devkitarm/bin/../lib/gcc/arm-none-eabi/6.3.0/../../../../arm-none-eabi/lib/armv6k/fpu\libg.a(lib_a-localeconv.o)
                0x0011751c                __localeconv_l
 .text._localeconv_r
                0x00117524       0x24 c:/devkitpro/devkitarm/bin/../lib/gcc/arm-none-eabi/6.3.0/../../../../arm-none-eabi/lib/armv6k/fpu\libg.a(lib_a-localeconv.o)
                0x00117524                _localeconv_r
 .text.__locale_mb_cur_max
                0x00117548       0x24 c:/devkitpro/devkitarm/bin/../lib/gcc/arm-none-eabi/6.3.0/../../../../arm-none-eabi/lib/armv6k/fpu\libg.a(lib_a-locale.o)
                0x00117548                __locale_mb_cur_max
 .text.__locale_ctype_ptr_l
                0x0011756c        0x8 c:/devkitpro/devkitarm/bin/../lib/gcc/arm-none-eabi/6.3.0/../../../../arm-none-eabi/lib/armv6k/fpu\libg.a(lib_a-locale.o)
                0x0011756c                __locale_ctype_ptr_l
 .text.__locale_ctype_ptr
                0x00117574       0x24 c:/devkitpro/devkitarm/bin/../lib/gcc/arm-none-eabi/6.3.0/../../../../arm-none-eabi/lib/armv6k/fpu\libg.a(lib_a-locale.o)
                0x00117574                __locale_ctype_ptr
 .text._mbrtowc_r
                0x00117598       0xb4 c:/devkitpro/devkitarm/bin/../lib/gcc/arm-none-eabi/6.3.0/../../../../arm-none-eabi/lib/armv6k/fpu\libg.a(lib_a-mbrtowc.o)
                0x00117598                _mbrtowc_r
 .text.__utf8_mbtowc
                0x0011764c      0x300 c:/devkitpro/devkitarm/bin/../lib/gcc/arm-none-eabi/6.3.0/../../../../arm-none-eabi/lib/armv6k/fpu\libg.a(lib_a-mbtowc_r.o)
                0x0011764c                __utf8_mbtowc
 .text.memmove  0x0011794c      0x148 c:/devkitpro/devkitarm/bin/../lib/gcc/arm-none-eabi/6.3.0/../../../../arm-none-eabi/lib/armv6k/fpu\libg.a(lib_a-memmove.o)
                0x0011794c                memmove
 .text._Balloc  0x00117a94       0x88 c:/devkitpro/devkitarm/bin/../lib/gcc/arm-none-eabi/6.3.0/../../../../arm-none-eabi/lib/armv6k/fpu\libg.a(lib_a-mprec.o)
                0x00117a94                _Balloc
 .text._Bfree   0x00117b1c       0x1c c:/devkitpro/devkitarm/bin/../lib/gcc/arm-none-eabi/6.3.0/../../../../arm-none-eabi/lib/armv6k/fpu\libg.a(lib_a-mprec.o)
                0x00117b1c                _Bfree
 .text.__multadd
                0x00117b38       0xd8 c:/devkitpro/devkitarm/bin/../lib/gcc/arm-none-eabi/6.3.0/../../../../arm-none-eabi/lib/armv6k/fpu\libg.a(lib_a-mprec.o)
                0x00117b38                __multadd
 .text.__s2b    0x00117c10       0xf0 c:/devkitpro/devkitarm/bin/../lib/gcc/arm-none-eabi/6.3.0/../../../../arm-none-eabi/lib/armv6k/fpu\libg.a(lib_a-mprec.o)
                0x00117c10                __s2b
 .text.__hi0bits
                0x00117d00       0x58 c:/devkitpro/devkitarm/bin/../lib/gcc/arm-none-eabi/6.3.0/../../../../arm-none-eabi/lib/armv6k/fpu\libg.a(lib_a-mprec.o)
                0x00117d00                __hi0bits
 .text.__lo0bits
                0x00117d58       0x9c c:/devkitpro/devkitarm/bin/../lib/gcc/arm-none-eabi/6.3.0/../../../../arm-none-eabi/lib/armv6k/fpu\libg.a(lib_a-mprec.o)
                0x00117d58                __lo0bits
 .text.__i2b    0x00117df4       0x20 c:/devkitpro/devkitarm/bin/../lib/gcc/arm-none-eabi/6.3.0/../../../../arm-none-eabi/lib/armv6k/fpu\libg.a(lib_a-mprec.o)
                0x00117df4                __i2b
 .text.__multiply
                0x00117e14      0x1cc c:/devkitpro/devkitarm/bin/../lib/gcc/arm-none-eabi/6.3.0/../../../../arm-none-eabi/lib/armv6k/fpu\libg.a(lib_a-mprec.o)
                0x00117e14                __multiply
 .text.__pow5mult
                0x00117fe0      0x100 c:/devkitpro/devkitarm/bin/../lib/gcc/arm-none-eabi/6.3.0/../../../../arm-none-eabi/lib/armv6k/fpu\libg.a(lib_a-mprec.o)
                0x00117fe0                __pow5mult
 .text.__lshift
                0x001180e0       0xe4 c:/devkitpro/devkitarm/bin/../lib/gcc/arm-none-eabi/6.3.0/../../../../arm-none-eabi/lib/armv6k/fpu\libg.a(lib_a-mprec.o)
                0x001180e0                __lshift
 .text.__mcmp   0x001181c4       0x60 c:/devkitpro/devkitarm/bin/../lib/gcc/arm-none-eabi/6.3.0/../../../../arm-none-eabi/lib/armv6k/fpu\libg.a(lib_a-mprec.o)
                0x001181c4                __mcmp
 .text.__mdiff  0x00118224      0x198 c:/devkitpro/devkitarm/bin/../lib/gcc/arm-none-eabi/6.3.0/../../../../arm-none-eabi/lib/armv6k/fpu\libg.a(lib_a-mprec.o)
                0x00118224                __mdiff
 .text.__ulp    0x001183bc       0x78 c:/devkitpro/devkitarm/bin/../lib/gcc/arm-none-eabi/6.3.0/../../../../arm-none-eabi/lib/armv6k/fpu\libg.a(lib_a-mprec.o)
                0x001183bc                __ulp
 .text.__b2d    0x00118434       0xd4 c:/devkitpro/devkitarm/bin/../lib/gcc/arm-none-eabi/6.3.0/../../../../arm-none-eabi/lib/armv6k/fpu\libg.a(lib_a-mprec.o)
                0x00118434                __b2d
 .text.__d2b    0x00118508      0x108 c:/devkitpro/devkitarm/bin/../lib/gcc/arm-none-eabi/6.3.0/../../../../arm-none-eabi/lib/armv6k/fpu\libg.a(lib_a-mprec.o)
                0x00118508                __d2b
 .text.__ratio  0x00118610       0x7c c:/devkitpro/devkitarm/bin/../lib/gcc/arm-none-eabi/6.3.0/../../../../arm-none-eabi/lib/armv6k/fpu\libg.a(lib_a-mprec.o)
                0x00118610                __ratio
 .text.__copybits
                0x0011868c       0x6c c:/devkitpro/devkitarm/bin/../lib/gcc/arm-none-eabi/6.3.0/../../../../arm-none-eabi/lib/armv6k/fpu\libg.a(lib_a-mprec.o)
                0x0011868c                __copybits
 .text.__any_on
                0x001186f8       0x80 c:/devkitpro/devkitarm/bin/../lib/gcc/arm-none-eabi/6.3.0/../../../../arm-none-eabi/lib/armv6k/fpu\libg.a(lib_a-mprec.o)
                0x001186f8                __any_on
 .text.__sccl   0x00118778       0xcc c:/devkitpro/devkitarm/bin/../lib/gcc/arm-none-eabi/6.3.0/../../../../arm-none-eabi/lib/armv6k/fpu\libg.a(lib_a-sccl.o)
                0x00118778                __sccl
 .text.nanf     0x00118844        0xc c:/devkitpro/devkitarm/bin/../lib/gcc/arm-none-eabi/6.3.0/../../../../arm-none-eabi/lib/armv6k/fpu\libg.a(lib_a-sf_nan.o)
                0x00118844                nanf
 .text.frexp    0x00118850       0x9c c:/devkitpro/devkitarm/bin/../lib/gcc/arm-none-eabi/6.3.0/../../../../arm-none-eabi/lib/armv6k/fpu\libg.a(lib_a-s_frexp.o)
                0x00118850                frexp
 .text.sprintf  0x001188ec       0x68 c:/devkitpro/devkitarm/bin/../lib/gcc/arm-none-eabi/6.3.0/../../../../arm-none-eabi/lib/armv6k/fpu\libg.a(lib_a-sprintf.o)
                0x001188ec                sprintf
 .text.stpncpy  0x00118954      0x100 c:/devkitpro/devkitarm/bin/../lib/gcc/arm-none-eabi/6.3.0/../../../../arm-none-eabi/lib/armv6k/fpu\libg.a(lib_a-stpncpy.o)
                0x00118954                stpncpy
 .text.strchr   0x00118a54      0x1ac c:/devkitpro/devkitarm/bin/../lib/gcc/arm-none-eabi/6.3.0/../../../../arm-none-eabi/lib/armv6k/fpu\libg.a(lib_a-strchr.o)
                0x00118a54                strchr
 .text.unlikely.sulp
                0x00118c00       0x54 c:/devkitpro/devkitarm/bin/../lib/gcc/arm-none-eabi/6.3.0/../../../../arm-none-eabi/lib/armv6k/fpu\libg.a(lib_a-strtod.o)
 *fill*         0x00118c54        0x4 
 .text._strtod_l
                0x00118c58     0x1434 c:/devkitpro/devkitarm/bin/../lib/gcc/arm-none-eabi/6.3.0/../../../../arm-none-eabi/lib/armv6k/fpu\libg.a(lib_a-strtod.o)
                0x00118c58                _strtod_l
 .text._strtod_r
                0x0011a08c       0x3c c:/devkitpro/devkitarm/bin/../lib/gcc/arm-none-eabi/6.3.0/../../../../arm-none-eabi/lib/armv6k/fpu\libg.a(lib_a-strtod.o)
                0x0011a08c                _strtod_r
 .text._strtoll_l.isra.0
                0x0011a0c8      0x2dc c:/devkitpro/devkitarm/bin/../lib/gcc/arm-none-eabi/6.3.0/../../../../arm-none-eabi/lib/armv6k/fpu\libg.a(lib_a-strtoll.o)
 .text._strtoll_r
                0x0011a3a4       0x50 c:/devkitpro/devkitarm/bin/../lib/gcc/arm-none-eabi/6.3.0/../../../../arm-none-eabi/lib/armv6k/fpu\libg.a(lib_a-strtoll.o)
                0x0011a3a4                _strtoll_r
 .text._strtol_l.isra.0
                0x0011a3f4      0x220 c:/devkitpro/devkitarm/bin/../lib/gcc/arm-none-eabi/6.3.0/../../../../arm-none-eabi/lib/armv6k/fpu\libg.a(lib_a-strtol.o)
 .text._strtol_r
                0x0011a614       0x50 c:/devkitpro/devkitarm/bin/../lib/gcc/arm-none-eabi/6.3.0/../../../../arm-none-eabi/lib/armv6k/fpu\libg.a(lib_a-strtol.o)
                0x0011a614                _strtol_r
 *fill*         0x0011a664        0x4 
 .text._strtoull_l.isra.0
                0x0011a668      0x268 c:/devkitpro/devkitarm/bin/../lib/gcc/arm-none-eabi/6.3.0/../../../../arm-none-eabi/lib/armv6k/fpu\libg.a(lib_a-strtoull.o)
 .text._strtoull_r
                0x0011a8d0       0x50 c:/devkitpro/devkitarm/bin/../lib/gcc/arm-none-eabi/6.3.0/../../../../arm-none-eabi/lib/armv6k/fpu\libg.a(lib_a-strtoull.o)
                0x0011a8d0                _strtoull_r
 .text._strtoul_l.isra.0
                0x0011a920      0x1e4 c:/devkitpro/devkitarm/bin/../lib/gcc/arm-none-eabi/6.3.0/../../../../arm-none-eabi/lib/armv6k/fpu\libg.a(lib_a-strtoul.o)
 .text._strtoul_r
                0x0011ab04       0x50 c:/devkitpro/devkitarm/bin/../lib/gcc/arm-none-eabi/6.3.0/../../../../arm-none-eabi/lib/armv6k/fpu\libg.a(lib_a-strtoul.o)
                0x0011ab04                _strtoul_r
 .text.__ssprint_r
                0x0011ab54      0x188 c:/devkitpro/devkitarm/bin/../lib/gcc/arm-none-eabi/6.3.0/../../../../arm-none-eabi/lib/armv6k/fpu\libg.a(lib_a-svfiprintf.o)
                0x0011ab54                __ssprint_r
 .text._sungetc_r
                0x0011acdc       0xe8 c:/devkitpro/devkitarm/bin/../lib/gcc/arm-none-eabi/6.3.0/../../../../arm-none-eabi/lib/armv6k/fpu\libg.a(lib_a-svfiscanf.o)
                0x0011acdc                _sungetc_r
 .text.__ssrefill_r
                0x0011adc4       0x6c c:/devkitpro/devkitarm/bin/../lib/gcc/arm-none-eabi/6.3.0/../../../../arm-none-eabi/lib/armv6k/fpu\libg.a(lib_a-svfiscanf.o)
                0x0011adc4                __ssrefill_r
 .text._sfread_r
                0x0011ae30       0xd0 c:/devkitpro/devkitarm/bin/../lib/gcc/arm-none-eabi/6.3.0/../../../../arm-none-eabi/lib/armv6k/fpu\libg.a(lib_a-svfiscanf.o)
                0x0011ae30                _sfread_r
 .text.get_arg  0x0011af00     0x1624 c:/devkitpro/devkitarm/bin/../lib/gcc/arm-none-eabi/6.3.0/../../../../arm-none-eabi/lib/armv6k/fpu\libg.a(lib_a-svfprintf.o)
 *fill*         0x0011c524        0x4 
 .text._svfprintf_r
                0x0011c528     0x41c4 c:/devkitpro/devkitarm/bin/../lib/gcc/arm-none-eabi/6.3.0/../../../../arm-none-eabi/lib/armv6k/fpu\libg.a(lib_a-svfprintf.o)
                0x0011c528                _svfprintf_r
 .text.__submore
                0x001206ec       0xa8 c:/devkitpro/devkitarm/bin/../lib/gcc/arm-none-eabi/6.3.0/../../../../arm-none-eabi/lib/armv6k/fpu\libg.a(lib_a-ungetc.o)
                0x001206ec                __submore
 .text._wcsnrtombs_l
                0x00120794      0x174 c:/devkitpro/devkitarm/bin/../lib/gcc/arm-none-eabi/6.3.0/../../../../arm-none-eabi/lib/armv6k/fpu\libg.a(lib_a-wcsnrtombs.o)
                0x00120794                _wcsnrtombs_l
 .text._wcsnrtombs_r
                0x00120908       0x64 c:/devkitpro/devkitarm/bin/../lib/gcc/arm-none-eabi/6.3.0/../../../../arm-none-eabi/lib/armv6k/fpu\libg.a(lib_a-wcsnrtombs.o)
                0x00120908                _wcsnrtombs_r
 .text.__utf8_wctomb
                0x0012096c       0xe8 c:/devkitpro/devkitarm/bin/../lib/gcc/arm-none-eabi/6.3.0/../../../../arm-none-eabi/lib/armv6k/fpu\libg.a(lib_a-wctomb_r.o)
                0x0012096c                __utf8_wctomb
 .text.rshift   0x00120a54       0xf0 c:/devkitpro/devkitarm/bin/../lib/gcc/arm-none-eabi/6.3.0/../../../../arm-none-eabi/lib/armv6k/fpu\libg.a(lib_a-gdtoa-gethex.o)
 .text.__gethex
                0x00120b44      0x7f4 c:/devkitpro/devkitarm/bin/../lib/gcc/arm-none-eabi/6.3.0/../../../../arm-none-eabi/lib/armv6k/fpu\libg.a(lib_a-gdtoa-gethex.o)
                0x00120b44                __gethex
 .text.__match  0x00121338       0x64 c:/devkitpro/devkitarm/bin/../lib/gcc/arm-none-eabi/6.3.0/../../../../arm-none-eabi/lib/armv6k/fpu\libg.a(lib_a-gdtoa-hexnan.o)
                0x00121338                __match
 .text.__hexnan
                0x0012139c      0x264 c:/devkitpro/devkitarm/bin/../lib/gcc/arm-none-eabi/6.3.0/../../../../arm-none-eabi/lib/armv6k/fpu\libg.a(lib_a-gdtoa-hexnan.o)
                0x0012139c                __hexnan
 .text.null_write
                0x00121600        0x8 c:/devkitpro/devkitarm/bin/../lib/gcc/arm-none-eabi/6.3.0/../../../../arm-none-eabi/lib/armv6k/fpu\libsysbase.a(iosupport.o)
 .text.setDefaultDevice
                0x00121608       0x18 c:/devkitpro/devkitarm/bin/../lib/gcc/arm-none-eabi/6.3.0/../../../../arm-none-eabi/lib/armv6k/fpu\libsysbase.a(iosupport.o)
                0x00121608                setDefaultDevice
 .text.FindDevice
                0x00121620       0xcc c:/devkitpro/devkitarm/bin/../lib/gcc/arm-none-eabi/6.3.0/../../../../arm-none-eabi/lib/armv6k/fpu\libsysbase.a(iosupport.o)
                0x00121620                FindDevice
 .text.RemoveDevice
                0x001216ec       0x28 c:/devkitpro/devkitarm/bin/../lib/gcc/arm-none-eabi/6.3.0/../../../../arm-none-eabi/lib/armv6k/fpu\libsysbase.a(iosupport.o)
                0x001216ec                RemoveDevice
 .text.AddDevice
                0x00121714       0x98 c:/devkitpro/devkitarm/bin/../lib/gcc/arm-none-eabi/6.3.0/../../../../arm-none-eabi/lib/armv6k/fpu\libsysbase.a(iosupport.o)
                0x00121714                AddDevice
 .text._close_r
                0x001217ac       0x84 c:/devkitpro/devkitarm/bin/../lib/gcc/arm-none-eabi/6.3.0/../../../../arm-none-eabi/lib/armv6k/fpu\libsysbase.a(close.o)
                0x001217ac                _close_r
 .text._fstat_r
                0x00121830       0x7c c:/devkitpro/devkitarm/bin/../lib/gcc/arm-none-eabi/6.3.0/../../../../arm-none-eabi/lib/armv6k/fpu\libsysbase.a(fstat.o)
                0x00121830                _fstat_r
 .text._isatty_r
                0x001218ac        0x8 c:/devkitpro/devkitarm/bin/../lib/gcc/arm-none-eabi/6.3.0/../../../../arm-none-eabi/lib/armv6k/fpu\libsysbase.a(isatty.o)
                0x001218ac                _isatty_r
 .text._lseek_r
                0x001218b4       0x90 c:/devkitpro/devkitarm/bin/../lib/gcc/arm-none-eabi/6.3.0/../../../../arm-none-eabi/lib/armv6k/fpu\libsysbase.a(lseek.o)
                0x001218b4                _lseek_r
 .text._open_r  0x00121944       0xc0 c:/devkitpro/devkitarm/bin/../lib/gcc/arm-none-eabi/6.3.0/../../../../arm-none-eabi/lib/armv6k/fpu\libsysbase.a(open.o)
                0x00121944                _open_r
 .text._read_r  0x00121a04       0x88 c:/devkitpro/devkitarm/bin/../lib/gcc/arm-none-eabi/6.3.0/../../../../arm-none-eabi/lib/armv6k/fpu\libsysbase.a(read.o)
                0x00121a04                _read_r
 .text._sbrk_r  0x00121a8c       0x70 c:/devkitpro/devkitarm/bin/../lib/gcc/arm-none-eabi/6.3.0/../../../../arm-none-eabi/lib/armv6k/fpu\libsysbase.a(sbrk.o)
                0x00121a8c                _sbrk_r
 .text._stat_r  0x00121afc       0x6c c:/devkitpro/devkitarm/bin/../lib/gcc/arm-none-eabi/6.3.0/../../../../arm-none-eabi/lib/armv6k/fpu\libsysbase.a(stat.o)
                0x00121afc                _stat_r
 .text._unlink_r
                0x00121b68       0x6c c:/devkitpro/devkitarm/bin/../lib/gcc/arm-none-eabi/6.3.0/../../../../arm-none-eabi/lib/armv6k/fpu\libsysbase.a(unlink.o)
                0x00121b68                _unlink_r
 .text._write_r
                0x00121bd4       0x88 c:/devkitpro/devkitarm/bin/../lib/gcc/arm-none-eabi/6.3.0/../../../../arm-none-eabi/lib/armv6k/fpu\libsysbase.a(write.o)
                0x00121bd4                _write_r
 .text._concatenate_path
                0x00121c5c      0x1d4 c:/devkitpro/devkitarm/bin/../lib/gcc/arm-none-eabi/6.3.0/../../../../arm-none-eabi/lib/armv6k/fpu\libsysbase.a(chdir.o)
                0x00121c5c                _concatenate_path
 .text.chdir    0x00121e30      0x15c c:/devkitpro/devkitarm/bin/../lib/gcc/arm-none-eabi/6.3.0/../../../../arm-none-eabi/lib/armv6k/fpu\libsysbase.a(chdir.o)
                0x00121e30                chdir
 .text.mkdir    0x00121f8c       0x60 c:/devkitpro/devkitarm/bin/../lib/gcc/arm-none-eabi/6.3.0/../../../../arm-none-eabi/lib/armv6k/fpu\libsysbase.a(mkdir.o)
                0x00121f8c                mkdir
 .text.__flockfile
                0x00121fec        0x8 c:/devkitpro/devkitarm/bin/../lib/gcc/arm-none-eabi/6.3.0/../../../../arm-none-eabi/lib/armv6k/fpu\libsysbase.a(flock.o)
                0x00121fec                __flockfile
 .text.__funlockfile
                0x00121ff4        0x8 c:/devkitpro/devkitarm/bin/../lib/gcc/arm-none-eabi/6.3.0/../../../../arm-none-eabi/lib/armv6k/fpu\libsysbase.a(flock.o)
                0x00121ff4                __funlockfile
 .text.__libc_lock_acquire
                0x00121ffc       0x18 c:/devkitpro/devkitarm/bin/../lib/gcc/arm-none-eabi/6.3.0/../../../../arm-none-eabi/lib/armv6k/fpu\libsysbase.a(syscall_support.o)
                0x00121ffc                __libc_lock_acquire
 .text.__libc_lock_release
                0x00122014       0x18 c:/devkitpro/devkitarm/bin/../lib/gcc/arm-none-eabi/6.3.0/../../../../arm-none-eabi/lib/armv6k/fpu\libsysbase.a(syscall_support.o)
                0x00122014                __libc_lock_release
 .text.__libc_lock_init_recursive
                0x0012202c       0x18 c:/devkitpro/devkitarm/bin/../lib/gcc/arm-none-eabi/6.3.0/../../../../arm-none-eabi/lib/armv6k/fpu\libsysbase.a(syscall_support.o)
                0x0012202c                __libc_lock_init_recursive
 .text.__libc_lock_acquire_recursive
                0x00122044       0x18 c:/devkitpro/devkitarm/bin/../lib/gcc/arm-none-eabi/6.3.0/../../../../arm-none-eabi/lib/armv6k/fpu\libsysbase.a(syscall_support.o)
                0x00122044                __libc_lock_acquire_recursive
 .text.__libc_lock_release_recursive
                0x0012205c       0x18 c:/devkitpro/devkitarm/bin/../lib/gcc/arm-none-eabi/6.3.0/../../../../arm-none-eabi/lib/armv6k/fpu\libsysbase.a(syscall_support.o)
                0x0012205c                __libc_lock_release_recursive
 .text.__libc_lock_close_recursive
                0x00122074       0x18 c:/devkitpro/devkitarm/bin/../lib/gcc/arm-none-eabi/6.3.0/../../../../arm-none-eabi/lib/armv6k/fpu\libsysbase.a(syscall_support.o)
                0x00122074                __libc_lock_close_recursive
 .text.__free_handle
                0x0012208c       0x4c c:/devkitpro/devkitarm/bin/../lib/gcc/arm-none-eabi/6.3.0/../../../../arm-none-eabi/lib/armv6k/fpu\libsysbase.a(handle_manager.o)
                0x0012208c                __free_handle
 .text.__release_handle
                0x001220d8       0x40 c:/devkitpro/devkitarm/bin/../lib/gcc/arm-none-eabi/6.3.0/../../../../arm-none-eabi/lib/armv6k/fpu\libsysbase.a(handle_manager.o)
                0x001220d8                __release_handle
 .text.__alloc_handle
                0x00122118       0xb4 c:/devkitpro/devkitarm/bin/../lib/gcc/arm-none-eabi/6.3.0/../../../../arm-none-eabi/lib/armv6k/fpu\libsysbase.a(handle_manager.o)
                0x00122118                __alloc_handle
 .text.__get_handle
                0x001221cc       0x18 c:/devkitpro/devkitarm/bin/../lib/gcc/arm-none-eabi/6.3.0/../../../../arm-none-eabi/lib/armv6k/fpu\libsysbase.a(handle_manager.o)
                0x001221cc                __get_handle
 .text.__getreent
                0x001221e4       0x28 c:/devkitpro/devkitarm/bin/../lib/gcc/arm-none-eabi/6.3.0/../../../../arm-none-eabi/lib/armv6k/fpu\libsysbase.a(getreent.o)
                0x001221e4                __getreent
 .text.strnlen  0x0012220c       0x5c c:/devkitpro/devkitarm/bin/../lib/gcc/arm-none-eabi/6.3.0/../../../../arm-none-eabi/lib/armv6k/fpu\libg.a(lib_a-strnlen.o)
                0x0012220c                strnlen
 .text.strrchr  0x00122268       0x44 c:/devkitpro/devkitarm/bin/../lib/gcc/arm-none-eabi/6.3.0/../../../../arm-none-eabi/lib/armv6k/fpu\libg.a(lib_a-strrchr.o)
                0x00122268                strrchr
 *(.glue_7)
 .glue_7        0x001222ac        0x0 linker stubs
 *(.glue_7t)
 .glue_7t       0x001222ac        0x0 linker stubs
 *(.stub)
 *(.gnu.warning)
 *(.gnu.linkonce.t*)
                0x001222ac                . = ALIGN (0x4)
 *(.fini)
 .fini          0x001222ac        0xc c:/devkitpro/devkitarm/bin/../lib/gcc/arm-none-eabi/6.3.0/armv6k/fpu/crti.o
                0x001222ac                _fini
 .fini          0x001222b8        0xc c:/devkitpro/devkitarm/bin/../lib/gcc/arm-none-eabi/6.3.0/armv6k/fpu/crtn.o
                0x001222c4                . = ALIGN (0x4)

.vfp11_veneer   0x001222c4        0x0
 .vfp11_veneer  0x001222c4        0x0 linker stubs

.v4_bx          0x001222c4        0x0
 .v4_bx         0x001222c4        0x0 linker stubs

.iplt           0x001222c4        0x0
 .iplt          0x001222c4        0x0 c:/devkitpro/devkitarm/bin/../lib/gcc/arm-none-eabi/6.3.0/../../../../arm-none-eabi/lib/armv6k/fpu/3dsx_crt0.o

.rodata         0x00123000     0x4d18
 *(.rodata)
 .rodata        0x00123000       0x10 main.o
 .rodata        0x00123010       0x1c c:/devkitPro/libctru/lib\libctru.a(gfx.o)
 .rodata        0x0012302c      0x168 c:/devkitPro/libctru/lib\libctru.a(console.o)
 .rodata        0x00123194        0xc c:/devkitPro/libctru/lib\libctru.a(apt.o)
 .rodata        0x001231a0      0x804 c:/devkitPro/libctru/lib\libctru.a(default_font.bin.o)
                0x001231a0                default_font_bin
                0x001239a0                default_font_bin_size
                0x001239a0                default_font_bin_end
 .rodata        0x001239a4       0x3c c:/devkitPro/libctru/lib\libctru.a(sdmc_dev.o)
 *(.roda)
 *(.rodata.*)
 .rodata.str1.4
                0x001239e0      0x6b6 main.o
                                0x6be (size before relaxing)
 *fill*         0x00124096        0x2 
 .rodata.str1.4
                0x00124098       0x70 c:/devkitPro/libctru/lib\libctru.a(console.o)
 .rodata.str1.4
                0x00124108        0x7 c:/devkitPro/libctru/lib\libctru.a(httpc.o)
 *fill*         0x0012410f        0x1 
 .rodata.str1.4
                0x00124110       0x15 c:/devkitPro/libctru/lib\libctru.a(hid.o)
 *fill*         0x00124125        0x3 
 .rodata.str1.4
                0x00124128       0x16 c:/devkitPro/libctru/lib\libctru.a(apt.o)
 *fill*         0x0012413e        0x2 
 .rodata.str1.4
                0x00124140        0x9 c:/devkitPro/libctru/lib\libctru.a(gspgpu.o)
 *fill*         0x00124149        0x3 
 .rodata.str1.4
                0x0012414c        0x7 c:/devkitPro/libctru/lib\libctru.a(irrst.o)
 *fill*         0x00124153        0x1 
 .rodata.str1.4
                0x00124154        0x5 c:/devkitPro/libctru/lib\libctru.a(srv.o)
 *fill*         0x00124159        0x3 
 .rodata.str1.4
                0x0012415c        0x9 c:/devkitPro/libctru/lib\libctru.a(ptmsysm.o)
 *fill*         0x00124165        0x3 
 .rodata.str1.4
                0x00124168        0xd c:/devkitPro/libctru/lib\libctru.a(sdmc_dev.o)
                                 0x11 (size before relaxing)
 *fill*         0x00124175        0x3 
 .rodata.str1.4
                0x00124178        0x8 c:/devkitPro/libctru/lib\libctru.a(fs.o)
                                  0x9 (size before relaxing)
 .rodata._global_impure_ptr
                0x00124180        0x4 c:/devkitpro/devkitarm/bin/../lib/gcc/arm-none-eabi/6.3.0/../../../../arm-none-eabi/lib/armv6k/fpu\libg.a(lib_a-impure.o)
                0x00124180                _global_impure_ptr
 .rodata._puts_r.str1.4
                0x00124184        0x2 c:/devkitpro/devkitarm/bin/../lib/gcc/arm-none-eabi/6.3.0/../../../../arm-none-eabi/lib/armv6k/fpu\libg.a(lib_a-puts.o)
 .rodata.__ssvfscanf_r.str1.4
                0x00124184        0x5 c:/devkitpro/devkitarm/bin/../lib/gcc/arm-none-eabi/6.3.0/../../../../arm-none-eabi/lib/armv6k/fpu\libg.a(lib_a-svfscanf.o)
 *fill*         0x00124189        0x3 
 .rodata.basefix.8441
                0x0012418c       0x22 c:/devkitpro/devkitarm/bin/../lib/gcc/arm-none-eabi/6.3.0/../../../../arm-none-eabi/lib/armv6k/fpu\libg.a(lib_a-svfscanf.o)
 *fill*         0x001241ae        0x2 
 .rodata._vfprintf_r.str1.4
                0x001241b0       0x3f c:/devkitpro/devkitarm/bin/../lib/gcc/arm-none-eabi/6.3.0/../../../../arm-none-eabi/lib/armv6k/fpu\libg.a(lib_a-vfprintf.o)
                                 0x42 (size before relaxing)
 *fill*         0x001241ef        0x1 
 .rodata.blanks.8415
                0x001241f0       0x10 c:/devkitpro/devkitarm/bin/../lib/gcc/arm-none-eabi/6.3.0/../../../../arm-none-eabi/lib/armv6k/fpu\libg.a(lib_a-vfprintf.o)
 .rodata.zeroes.8416
                0x00124200       0x10 c:/devkitpro/devkitarm/bin/../lib/gcc/arm-none-eabi/6.3.0/../../../../arm-none-eabi/lib/armv6k/fpu\libg.a(lib_a-vfprintf.o)
 .rodata._dtoa_r.str1.4
                0x00124210       0x10 c:/devkitpro/devkitarm/bin/../lib/gcc/arm-none-eabi/6.3.0/../../../../arm-none-eabi/lib/armv6k/fpu\libg.a(lib_a-dtoa.o)
                                 0x12 (size before relaxing)
 .rodata._jp2uc.str1.4
                0x00124220       0x12 c:/devkitpro/devkitarm/bin/../lib/gcc/arm-none-eabi/6.3.0/../../../../arm-none-eabi/lib/armv6k/fpu\libg.a(lib_a-jp2uc.o)
 *fill*         0x00124232        0x2 
 .rodata.a1     0x00124234       0xbc c:/devkitpro/devkitarm/bin/../lib/gcc/arm-none-eabi/6.3.0/../../../../arm-none-eabi/lib/armv6k/fpu\libg.a(lib_a-jp2uc.o)
 .rodata.a2     0x001242f0       0xbc c:/devkitpro/devkitarm/bin/../lib/gcc/arm-none-eabi/6.3.0/../../../../arm-none-eabi/lib/armv6k/fpu\libg.a(lib_a-jp2uc.o)
 .rodata.a3     0x001243ac       0x5b c:/devkitpro/devkitarm/bin/../lib/gcc/arm-none-eabi/6.3.0/../../../../arm-none-eabi/lib/armv6k/fpu\libg.a(lib_a-jp2uc.o)
 *fill*         0x00124407        0x1 
 .rodata.a6     0x00124408       0x70 c:/devkitpro/devkitarm/bin/../lib/gcc/arm-none-eabi/6.3.0/../../../../arm-none-eabi/lib/armv6k/fpu\libg.a(lib_a-jp2uc.o)
 .rodata.a7     0x00124478       0xa2 c:/devkitpro/devkitarm/bin/../lib/gcc/arm-none-eabi/6.3.0/../../../../arm-none-eabi/lib/armv6k/fpu\libg.a(lib_a-jp2uc.o)
 *fill*         0x0012451a        0x2 
 .rodata.a8     0x0012451c       0x40 c:/devkitpro/devkitarm/bin/../lib/gcc/arm-none-eabi/6.3.0/../../../../arm-none-eabi/lib/armv6k/fpu\libg.a(lib_a-jp2uc.o)
 .rodata.b02cf  0x0012455c     0x172a c:/devkitpro/devkitarm/bin/../lib/gcc/arm-none-eabi/6.3.0/../../../../arm-none-eabi/lib/armv6k/fpu\libg.a(lib_a-jp2uc.o)
 *fill*         0x00125c86        0x2 
 .rodata.d02f4  0x00125c88     0x1a7c c:/devkitpro/devkitarm/bin/../lib/gcc/arm-none-eabi/6.3.0/../../../../arm-none-eabi/lib/armv6k/fpu\libg.a(lib_a-jp2uc.o)
 .rodata.str1.4
                0x00127704       0x44 c:/devkitpro/devkitarm/bin/../lib/gcc/arm-none-eabi/6.3.0/../../../../arm-none-eabi/lib/armv6k/fpu\libg.a(lib_a-locale.o)
                                 0x4c (size before relaxing)
 .rodata._mbrtowc_r.str1.4
                0x00127748        0x1 c:/devkitpro/devkitarm/bin/../lib/gcc/arm-none-eabi/6.3.0/../../../../arm-none-eabi/lib/armv6k/fpu\libg.a(lib_a-mbrtowc.o)
 .rodata.__mprec_bigtens
                0x00127748       0x28 c:/devkitpro/devkitarm/bin/../lib/gcc/arm-none-eabi/6.3.0/../../../../arm-none-eabi/lib/armv6k/fpu\libg.a(lib_a-mprec.o)
                0x00127748                __mprec_bigtens
 .rodata.__mprec_tens
                0x00127770       0xc8 c:/devkitpro/devkitarm/bin/../lib/gcc/arm-none-eabi/6.3.0/../../../../arm-none-eabi/lib/armv6k/fpu\libg.a(lib_a-mprec.o)
                0x00127770                __mprec_tens
 .rodata.p05.7191
                0x00127838        0xc c:/devkitpro/devkitarm/bin/../lib/gcc/arm-none-eabi/6.3.0/../../../../arm-none-eabi/lib/armv6k/fpu\libg.a(lib_a-mprec.o)
 .rodata._strtod_l.str1.4
                0x00127844        0xf c:/devkitpro/devkitarm/bin/../lib/gcc/arm-none-eabi/6.3.0/../../../../arm-none-eabi/lib/armv6k/fpu\libg.a(lib_a-strtod.o)
 *fill*         0x00127853        0x1 
 .rodata.fpi.7277
                0x00127854       0x14 c:/devkitpro/devkitarm/bin/../lib/gcc/arm-none-eabi/6.3.0/../../../../arm-none-eabi/lib/armv6k/fpu\libg.a(lib_a-strtod.o)
 .rodata.fpinan.7313
                0x00127868       0x14 c:/devkitpro/devkitarm/bin/../lib/gcc/arm-none-eabi/6.3.0/../../../../arm-none-eabi/lib/armv6k/fpu\libg.a(lib_a-strtod.o)
 *fill*         0x0012787c        0x4 
 .rodata.tinytens
                0x00127880       0x28 c:/devkitpro/devkitarm/bin/../lib/gcc/arm-none-eabi/6.3.0/../../../../arm-none-eabi/lib/armv6k/fpu\libg.a(lib_a-strtod.o)
 .rodata.__action_table
                0x001278a8       0x6c c:/devkitpro/devkitarm/bin/../lib/gcc/arm-none-eabi/6.3.0/../../../../arm-none-eabi/lib/armv6k/fpu\libg.a(lib_a-svfiprintf.o)
                0x001278a8                __action_table
 .rodata.__chclass
                0x00127914      0x100 c:/devkitpro/devkitarm/bin/../lib/gcc/arm-none-eabi/6.3.0/../../../../arm-none-eabi/lib/armv6k/fpu\libg.a(lib_a-svfiprintf.o)
                0x00127914                __chclass
 .rodata.__state_table
                0x00127a14       0x6c c:/devkitpro/devkitarm/bin/../lib/gcc/arm-none-eabi/6.3.0/../../../../arm-none-eabi/lib/armv6k/fpu\libg.a(lib_a-svfiprintf.o)
                0x00127a14                __state_table
 .rodata._svfprintf_r.str1.4
                0x00127a80       0x42 c:/devkitpro/devkitarm/bin/../lib/gcc/arm-none-eabi/6.3.0/../../../../arm-none-eabi/lib/armv6k/fpu\libg.a(lib_a-svfprintf.o)
 .rodata.blanks.8400
                0x00127a80       0x10 c:/devkitpro/devkitarm/bin/../lib/gcc/arm-none-eabi/6.3.0/../../../../arm-none-eabi/lib/armv6k/fpu\libg.a(lib_a-svfprintf.o)
 .rodata.zeroes.8401
                0x00127a90       0x10 c:/devkitpro/devkitarm/bin/../lib/gcc/arm-none-eabi/6.3.0/../../../../arm-none-eabi/lib/armv6k/fpu\libg.a(lib_a-svfprintf.o)
 .rodata._ctype_
                0x00127aa0      0x101 c:/devkitpro/devkitarm/bin/../lib/gcc/arm-none-eabi/6.3.0/../../../../arm-none-eabi/lib/armv6k/fpu\libg.a(lib_a-ctype_.o)
                0x00127aa0                _ctype_
 *fill*         0x00127ba1        0x3 
 .rodata.__hexdig
                0x00127ba4      0x100 c:/devkitpro/devkitarm/bin/../lib/gcc/arm-none-eabi/6.3.0/../../../../arm-none-eabi/lib/armv6k/fpu\libg.a(lib_a-gdtoa-gethex.o)
                0x00127ba4                __hexdig
 .rodata.AddDevice.str1.4
                0x00127ca4        0x8 c:/devkitpro/devkitarm/bin/../lib/gcc/arm-none-eabi/6.3.0/../../../../arm-none-eabi/lib/armv6k/fpu\libsysbase.a(iosupport.o)
 .rodata.dotab_stdnull
                0x00127cac       0x68 c:/devkitpro/devkitarm/bin/../lib/gcc/arm-none-eabi/6.3.0/../../../../arm-none-eabi/lib/armv6k/fpu\libsysbase.a(iosupport.o)
                0x00127cac                dotab_stdnull
 .rodata.DIRECTORY_PARENT
                0x00127d14        0x3 c:/devkitpro/devkitarm/bin/../lib/gcc/arm-none-eabi/6.3.0/../../../../arm-none-eabi/lib/armv6k/fpu\libsysbase.a(chdir.o)
                0x00127d14                DIRECTORY_PARENT
 *all.rodata*(*)
 *(.gnu.linkonce.r*)
                0x00127d18                . = ALIGN (0x4)
 *fill*         0x00127d17        0x1 

.eh_frame       0x00127d18        0x0
 .eh_frame      0x00127d18        0x0 c:/devkitpro/devkitarm/bin/../lib/gcc/arm-none-eabi/6.3.0/armv6k/fpu/crtbegin.o

.rel.dyn        0x00127d18        0x0
 .rel.iplt      0x00127d18        0x0 c:/devkitpro/devkitarm/bin/../lib/gcc/arm-none-eabi/6.3.0/../../../../arm-none-eabi/lib/armv6k/fpu/3dsx_crt0.o

.ARM.extab
 *(.ARM.extab* .gnu.linkonce.armextab.*)
                0x00127d18                __exidx_start = .

ARM.exidx
 *(.ARM.exidx* .gnu.linkonce.armexidx.*)
                0x00127d18                __exidx_end = .

.data           0x00128000     0x2f4c
 *(.data)
 .data          0x00128000        0xc c:/devkitPro/libctru/lib\libctru.a(gfx.o)
 .data          0x0012800c       0x51 c:/devkitPro/libctru/lib\libctru.a(console.o)
                0x0012800c                defaultConsole
                0x00128058                currentConsole
 *fill*         0x0012805d        0x3 
 .data          0x00128060        0x4 c:/devkitPro/libctru/lib\libctru.a(apt.o)
 .data          0x00128064        0x4 c:/devkitPro/libctru/lib\libctru.a(gspgpu.o)
 .data          0x00128068        0x4 c:/devkitPro/libctru/lib\libctru.a(stack_adjust.o)
                0x00128068                __stacksize__
 .data          0x0012806c        0x4 c:/devkitPro/libctru/lib\libctru.a(allocateHeaps.o)
                0x0012806c                __ctru_linear_heap_size
 .data          0x00128070      0x46c c:/devkitPro/libctru/lib\libctru.a(sdmc_dev.o)
 *(.data.*)
 .data.__sfp_lock
                0x001284dc        0xc c:/devkitpro/devkitarm/bin/../lib/gcc/arm-none-eabi/6.3.0/../../../../arm-none-eabi/lib/armv6k/fpu\libg.a(lib_a-findfp.o)
 .data.__sinit_lock
                0x001284e8        0xc c:/devkitpro/devkitarm/bin/../lib/gcc/arm-none-eabi/6.3.0/../../../../arm-none-eabi/lib/armv6k/fpu\libg.a(lib_a-findfp.o)
 .data._impure_ptr
                0x001284f4        0x4 c:/devkitpro/devkitarm/bin/../lib/gcc/arm-none-eabi/6.3.0/../../../../arm-none-eabi/lib/armv6k/fpu\libg.a(lib_a-impure.o)
                0x001284f4                _impure_ptr
 .data.impure_data
                0x001284f8      0x460 c:/devkitpro/devkitarm/bin/../lib/gcc/arm-none-eabi/6.3.0/../../../../arm-none-eabi/lib/armv6k/fpu\libg.a(lib_a-impure.o)
 .data.__malloc_av_
                0x00128958      0x408 c:/devkitpro/devkitarm/bin/../lib/gcc/arm-none-eabi/6.3.0/../../../../arm-none-eabi/lib/armv6k/fpu\libg.a(lib_a-mallocr.o)
                0x00128958                __malloc_av_
 .data.__malloc_sbrk_base
                0x00128d60        0x4 c:/devkitpro/devkitarm/bin/../lib/gcc/arm-none-eabi/6.3.0/../../../../arm-none-eabi/lib/armv6k/fpu\libg.a(lib_a-mallocr.o)
                0x00128d60                __malloc_sbrk_base
 .data.__malloc_trim_threshold
                0x00128d64        0x4 c:/devkitpro/devkitarm/bin/../lib/gcc/arm-none-eabi/6.3.0/../../../../arm-none-eabi/lib/armv6k/fpu\libg.a(lib_a-mallocr.o)
                0x00128d64                __malloc_trim_threshold
 .data.__malloc_lock_object
                0x00128d68        0xc c:/devkitpro/devkitarm/bin/../lib/gcc/arm-none-eabi/6.3.0/../../../../arm-none-eabi/lib/armv6k/fpu\libg.a(lib_a-mlock.o)
 .data.__global_locale
                0x00128d74      0x16c c:/devkitpro/devkitarm/bin/../lib/gcc/arm-none-eabi/6.3.0/../../../../arm-none-eabi/lib/armv6k/fpu\libg.a(lib_a-locale.o)
                0x00128d74                __global_locale
 .data.defaultDevice
                0x00128ee0        0x4 c:/devkitpro/devkitarm/bin/../lib/gcc/arm-none-eabi/6.3.0/../../../../arm-none-eabi/lib/armv6k/fpu\libsysbase.a(iosupport.o)
 .data.devoptab_list
                0x00128ee4       0x40 c:/devkitpro/devkitarm/bin/../lib/gcc/arm-none-eabi/6.3.0/../../../../arm-none-eabi/lib/armv6k/fpu\libsysbase.a(iosupport.o)
                0x00128ee4                devoptab_list
 .data._current_working_directory
                0x00128f24     0x1000 c:/devkitpro/devkitarm/bin/../lib/gcc/arm-none-eabi/6.3.0/../../../../arm-none-eabi/lib/armv6k/fpu\libsysbase.a(chdir.o)
 .data.__hndl_lock
                0x00129f24        0x4 c:/devkitpro/devkitarm/bin/../lib/gcc/arm-none-eabi/6.3.0/../../../../arm-none-eabi/lib/armv6k/fpu\libsysbase.a(handle_manager.o)
 .data.__stderr_handle
                0x00129f28        0xc c:/devkitpro/devkitarm/bin/../lib/gcc/arm-none-eabi/6.3.0/../../../../arm-none-eabi/lib/armv6k/fpu\libsysbase.a(handle_manager.o)
 .data.__stdin_handle
                0x00129f34        0xc c:/devkitpro/devkitarm/bin/../lib/gcc/arm-none-eabi/6.3.0/../../../../arm-none-eabi/lib/armv6k/fpu\libsysbase.a(handle_manager.o)
 .data.__stdout_handle
                0x00129f40        0xc c:/devkitpro/devkitarm/bin/../lib/gcc/arm-none-eabi/6.3.0/../../../../arm-none-eabi/lib/armv6k/fpu\libsysbase.a(handle_manager.o)
 .data.handles  0x00129f4c     0x1000 c:/devkitpro/devkitarm/bin/../lib/gcc/arm-none-eabi/6.3.0/../../../../arm-none-eabi/lib/armv6k/fpu\libsysbase.a(handle_manager.o)
 *(.gnu.linkonce.d*)
                0x0012af4c                . = ALIGN (0x4)

.igot.plt       0x0012af4c        0x0
 .igot.plt      0x0012af4c        0x0 c:/devkitpro/devkitarm/bin/../lib/gcc/arm-none-eabi/6.3.0/../../../../arm-none-eabi/lib/armv6k/fpu/3dsx_crt0.o

.jcr            0x0012af4c        0x0
 .jcr           0x0012af4c        0x0 c:/devkitpro/devkitarm/bin/../lib/gcc/arm-none-eabi/6.3.0/armv6k/fpu/crtbegin.o

.tm_clone_table
                0x0012af4c        0x0
 .tm_clone_table
                0x0012af4c        0x0 c:/devkitpro/devkitarm/bin/../lib/gcc/arm-none-eabi/6.3.0/armv6k/fpu/crtbegin.o
 .tm_clone_table
                0x0012af4c        0x0 c:/devkitpro/devkitarm/bin/../lib/gcc/arm-none-eabi/6.3.0/armv6k/fpu/crtend.o
                0x0012af4c                __TMC_END__

.tdata          0x0012af4c        0x0
                0x0012af4c                __tdata_lma = .
 *(.tdata)
 *(.tdata.*)
 *(.gnu.linkonce.td.*)
                0x0012af4c                . = ALIGN (0x4)
                0x0012af4c                __tdata_lma_end = .

.tbss           0x0012af4c     0x340c
 *(.tbss)
 .tbss          0x0012af4c     0x340a c:/devkitPro/libctru/lib\libctru.a(sdmc_dev.o)
 *(.tbss.*)
 *(.gnu.linkonce.tb.*)
 *(.tcommon)
                0x0012e358                . = ALIGN (0x4)
 *fill*         0x0012e356        0x2 

.preinit_array  0x0012af4c        0x0
                0x0012af4c                PROVIDE (__preinit_array_start, .)
 *(.preinit_array)
                0x0012af4c                PROVIDE (__preinit_array_end, .)

.init_array     0x0012af4c        0x4
                0x0012af4c                PROVIDE (__init_array_start, .)
 *(SORT(.init_array.*))
 *(.init_array)